/home/adrianl/STM32CubeN6/Drivers/STM32N6xx_HAL_Driver/Src/stm32n6xx_hal_cryp.c:4055:13:CRYP_SetKey	0	static
/home/adrianl/STM32CubeN6/Drivers/STM32N6xx_HAL_Driver/Src/stm32n6xx_hal_cryp.c:8050:17:CRYP_SAES_AlgoConversion	0	static
/home/adrianl/STM32CubeN6/Drivers/STM32N6xx_HAL_Driver/Src/stm32n6xx_hal_cryp.c:7732:26:CRYP_WaitOnBUSYFlag	24	static
/home/adrianl/STM32CubeN6/Drivers/STM32N6xx_HAL_Driver/Src/stm32n6xx_hal_cryp.c:7774:26:CRYP_WaitOnOFNEFlag	16	static
/home/adrianl/STM32CubeN6/Drivers/STM32N6xx_HAL_Driver/Src/stm32n6xx_hal_cryp.c:7804:26:CRYP_WaitOnCCFlag	16	static
/home/adrianl/STM32CubeN6/Drivers/STM32N6xx_HAL_Driver/Src/stm32n6xx_hal_cryp.c:7703:26:CRYP_WaitOnIFEMFlag	16	static
/home/adrianl/STM32CubeN6/Drivers/STM32N6xx_HAL_Driver/Src/stm32n6xx_hal_cryp.c:6911:26:CRYP_GCMCCM_SetHeaderPhase	80	static
/home/adrianl/STM32CubeN6/Drivers/STM32N6xx_HAL_Driver/Src/stm32n6xx_hal_cryp.c:7179:26:CRYP_GCMCCM_SetHeaderPhase_DMA	72	static
/home/adrianl/STM32CubeN6/Drivers/STM32N6xx_HAL_Driver/Src/stm32n6xx_hal_cryp.c:660:19:HAL_CRYP_SetConfig	24	static
/home/adrianl/STM32CubeN6/Drivers/STM32N6xx_HAL_Driver/Src/stm32n6xx_hal_cryp.c:780:19:HAL_CRYP_GetConfig	8	static
/home/adrianl/STM32CubeN6/Drivers/STM32N6xx_HAL_Driver/Src/stm32n6xx_hal_cryp.c:837:13:HAL_CRYP_MspInit	0	static
/home/adrianl/STM32CubeN6/Drivers/STM32N6xx_HAL_Driver/Src/stm32n6xx_hal_cryp.c:454:19:HAL_CRYP_Init	24	static
/home/adrianl/STM32CubeN6/Drivers/STM32N6xx_HAL_Driver/Src/stm32n6xx_hal_cryp.c:853:13:HAL_CRYP_MspDeInit	0	static
/home/adrianl/STM32CubeN6/Drivers/STM32N6xx_HAL_Driver/Src/stm32n6xx_hal_cryp.c:596:19:HAL_CRYP_DeInit	8	static
/home/adrianl/STM32CubeN6/Drivers/STM32N6xx_HAL_Driver/Src/stm32n6xx_hal_cryp.c:2309:10:HAL_CRYP_GetError	0	static
/home/adrianl/STM32CubeN6/Drivers/STM32N6xx_HAL_Driver/Src/stm32n6xx_hal_cryp.c:2320:23:HAL_CRYP_GetState	0	static
/home/adrianl/STM32CubeN6/Drivers/STM32N6xx_HAL_Driver/Src/stm32n6xx_hal_cryp.c:2331:13:HAL_CRYP_InCpltCallback	0	static
/home/adrianl/STM32CubeN6/Drivers/STM32N6xx_HAL_Driver/Src/stm32n6xx_hal_cryp.c:4511:26:CRYP_AESGCM_Process_IT	72	static
/home/adrianl/STM32CubeN6/Drivers/STM32N6xx_HAL_Driver/Src/stm32n6xx_hal_cryp.c:5745:26:CRYP_AESCCM_Process_IT	16	static
/home/adrianl/STM32CubeN6/Drivers/STM32N6xx_HAL_Driver/Src/stm32n6xx_hal_cryp.c:1689:19:HAL_CRYP_Encrypt_IT	16	static
/home/adrianl/STM32CubeN6/Drivers/STM32N6xx_HAL_Driver/Src/stm32n6xx_hal_cryp.c:1796:19:HAL_CRYP_Decrypt_IT	16	static
/home/adrianl/STM32CubeN6/Drivers/STM32N6xx_HAL_Driver/Src/stm32n6xx_hal_cryp.c:3267:13:CRYP_DMAInCplt	8	static
/home/adrianl/STM32CubeN6/Drivers/STM32N6xx_HAL_Driver/Src/stm32n6xx_hal_cryp.c:7444:13:CRYP_GCMCCM_SetHeaderPhase_IT	64	static
/home/adrianl/STM32CubeN6/Drivers/STM32N6xx_HAL_Driver/Src/stm32n6xx_hal_cryp.c:2347:13:HAL_CRYP_OutCpltCallback	0	static
/home/adrianl/STM32CubeN6/Drivers/STM32N6xx_HAL_Driver/Src/stm32n6xx_hal_cryp.c:6529:13:CRYP_GCMCCM_SetPayloadPhase_IT	40	static
/home/adrianl/STM32CubeN6/Drivers/STM32N6xx_HAL_Driver/Src/stm32n6xx_hal_cryp.c:2363:13:HAL_CRYP_ErrorCallback	0	static
/home/adrianl/STM32CubeN6/Drivers/STM32N6xx_HAL_Driver/Src/stm32n6xx_hal_cryp.c:3686:13:CRYP_AES_ProcessData	40	static
/home/adrianl/STM32CubeN6/Drivers/STM32N6xx_HAL_Driver/Src/stm32n6xx_hal_cryp.c:4133:26:CRYP_AESGCM_Process	40	static
/home/adrianl/STM32CubeN6/Drivers/STM32N6xx_HAL_Driver/Src/stm32n6xx_hal_cryp.c:5341:26:CRYP_AESCCM_Process	40	static
/home/adrianl/STM32CubeN6/Drivers/STM32N6xx_HAL_Driver/Src/stm32n6xx_hal_cryp.c:1466:19:HAL_CRYP_Encrypt	24	static
/home/adrianl/STM32CubeN6/Drivers/STM32N6xx_HAL_Driver/Src/stm32n6xx_hal_cryp.c:1578:19:HAL_CRYP_Decrypt	24	static
/home/adrianl/STM32CubeN6/Drivers/STM32N6xx_HAL_Driver/Src/stm32n6xx_hal_cryp.c:3546:13:CRYP_SetDMAConfig	24	static
/home/adrianl/STM32CubeN6/Drivers/STM32N6xx_HAL_Driver/Src/stm32n6xx_hal_cryp.c:3304:13:CRYP_DMAOutCplt	24	static
/home/adrianl/STM32CubeN6/Drivers/STM32N6xx_HAL_Driver/Src/stm32n6xx_hal_cryp.c:3517:13:CRYP_DMAError	8	static
/home/adrianl/STM32CubeN6/Drivers/STM32N6xx_HAL_Driver/Src/stm32n6xx_hal_cryp.c:4982:26:CRYP_AESGCM_Process_DMA	56	static
/home/adrianl/STM32CubeN6/Drivers/STM32N6xx_HAL_Driver/Src/stm32n6xx_hal_cryp.c:6174:26:CRYP_AESCCM_Process_DMA	40	static
/home/adrianl/STM32CubeN6/Drivers/STM32N6xx_HAL_Driver/Src/stm32n6xx_hal_cryp.c:1905:19:HAL_CRYP_Encrypt_DMA	16	static
/home/adrianl/STM32CubeN6/Drivers/STM32N6xx_HAL_Driver/Src/stm32n6xx_hal_cryp.c:2079:19:HAL_CRYP_Decrypt_DMA	16	static
/home/adrianl/STM32CubeN6/Drivers/STM32N6xx_HAL_Driver/Src/stm32n6xx_hal_cryp.c:3821:13:CRYP_AES_IT	40	static
/home/adrianl/STM32CubeN6/Drivers/STM32N6xx_HAL_Driver/Src/stm32n6xx_hal_cryp.c:2197:6:HAL_CRYP_IRQHandler	8	static
