../../../../../../../../Drivers/STM32N6xx_HAL_Driver/Inc/stm32n6xx_ll_bus.h:1407:22:LL_AHB4_GRP1_EnableClock	1
/home/adrianl/STM32CubeN6/Projects/STM32N6570-DK/Examples/CRYP/CRYP_SAES_WrapKey/FSBL/Src/main.c:86:5:main	16
/home/adrianl/STM32CubeN6/Projects/STM32N6570-DK/Examples/CRYP/CRYP_SAES_WrapKey/FSBL/Src/main.c:230:6:erase_flash	2
/home/adrianl/STM32CubeN6/Projects/STM32N6570-DK/Examples/CRYP/CRYP_SAES_WrapKey/FSBL/Src/main.c:247:6:write_flash	3
/home/adrianl/STM32CubeN6/Projects/STM32N6570-DK/Examples/CRYP/CRYP_SAES_WrapKey/FSBL/Src/main.c:271:6:read_flash	8
/home/adrianl/STM32CubeN6/Projects/STM32N6570-DK/Examples/CRYP/CRYP_SAES_WrapKey/FSBL/Src/main.c:334:6:SystemClock_Config	9
/home/adrianl/STM32CubeN6/Projects/STM32N6570-DK/Examples/CRYP/CRYP_SAES_WrapKey/FSBL/Src/main.c:436:13:MX_RNG_Init	2
/home/adrianl/STM32CubeN6/Projects/STM32N6570-DK/Examples/CRYP/CRYP_SAES_WrapKey/FSBL/Src/main.c:463:13:MX_SAES_CRYP_Init	2
/home/adrianl/STM32CubeN6/Projects/STM32N6570-DK/Examples/CRYP/CRYP_SAES_WrapKey/FSBL/Src/main.c:498:13:MX_USART1_UART_Init	5
/home/adrianl/STM32CubeN6/Projects/STM32N6570-DK/Examples/CRYP/CRYP_SAES_WrapKey/FSBL/Src/main.c:547:13:MX_GPIO_Init	1
/home/adrianl/STM32CubeN6/Projects/STM32N6570-DK/Examples/CRYP/CRYP_SAES_WrapKey/FSBL/Src/main.c:564:13:MX_XSPI2_Init	3
/home/adrianl/STM32CubeN6/Projects/STM32N6570-DK/Examples/CRYP/CRYP_SAES_WrapKey/FSBL/Src/main.c:617:13:XSPI_WriteEnable	4
/home/adrianl/STM32CubeN6/Projects/STM32N6570-DK/Examples/CRYP/CRYP_SAES_WrapKey/FSBL/Src/main.c:673:13:XSPI_AutoPollingMemReady	3
/home/adrianl/STM32CubeN6/Projects/STM32N6570-DK/Examples/CRYP/CRYP_SAES_WrapKey/FSBL/Src/main.c:717:13:XSPI_NOR_OctalDTRModeCfg	8
/home/adrianl/STM32CubeN6/Projects/STM32N6570-DK/Examples/CRYP/CRYP_SAES_WrapKey/FSBL/Src/main.c:800:13:init_XSPI_Cmd	1
/home/adrianl/STM32CubeN6/Projects/STM32N6570-DK/Examples/CRYP/CRYP_SAES_WrapKey/FSBL/Src/main.c:818:6:Error_Handler	1
