Archive member included to satisfy reference by file (symbol)

/opt/st/stm32cubeide_2.0.0/plugins/com.st.stm32cube.ide.mcu.externaltools.gnu-tools-for-stm32.13.3.rel1.linux64_1.0.100.202509120712/tools/bin/../lib/gcc/arm-none-eabi/13.3.1/../../../../arm-none-eabi/lib/thumb/v8-m.main+dp/hard/libc_nano.a(libc_a-exit.o)
                              /opt/st/stm32cubeide_2.0.0/plugins/com.st.stm32cube.ide.mcu.externaltools.gnu-tools-for-stm32.13.3.rel1.linux64_1.0.100.202509120712/tools/bin/../lib/gcc/arm-none-eabi/13.3.1/../../../../arm-none-eabi/lib/thumb/v8-m.main+dp/hard/crt0.o (exit)
/opt/st/stm32cubeide_2.0.0/plugins/com.st.stm32cube.ide.mcu.externaltools.gnu-tools-for-stm32.13.3.rel1.linux64_1.0.100.202509120712/tools/bin/../lib/gcc/arm-none-eabi/13.3.1/../../../../arm-none-eabi/lib/thumb/v8-m.main+dp/hard/libc_nano.a(libc_a-findfp.o)
                              /opt/st/stm32cubeide_2.0.0/plugins/com.st.stm32cube.ide.mcu.externaltools.gnu-tools-for-stm32.13.3.rel1.linux64_1.0.100.202509120712/tools/bin/../lib/gcc/arm-none-eabi/13.3.1/../../../../arm-none-eabi/lib/thumb/v8-m.main+dp/hard/libc_nano.a(libc_a-exit.o) (__stdio_exit_handler)
/opt/st/stm32cubeide_2.0.0/plugins/com.st.stm32cube.ide.mcu.externaltools.gnu-tools-for-stm32.13.3.rel1.linux64_1.0.100.202509120712/tools/bin/../lib/gcc/arm-none-eabi/13.3.1/../../../../arm-none-eabi/lib/thumb/v8-m.main+dp/hard/libc_nano.a(libc_a-fwalk.o)
                              /opt/st/stm32cubeide_2.0.0/plugins/com.st.stm32cube.ide.mcu.externaltools.gnu-tools-for-stm32.13.3.rel1.linux64_1.0.100.202509120712/tools/bin/../lib/gcc/arm-none-eabi/13.3.1/../../../../arm-none-eabi/lib/thumb/v8-m.main+dp/hard/libc_nano.a(libc_a-findfp.o) (_fwalk_sglue)
/opt/st/stm32cubeide_2.0.0/plugins/com.st.stm32cube.ide.mcu.externaltools.gnu-tools-for-stm32.13.3.rel1.linux64_1.0.100.202509120712/tools/bin/../lib/gcc/arm-none-eabi/13.3.1/../../../../arm-none-eabi/lib/thumb/v8-m.main+dp/hard/libc_nano.a(libc_a-stdio.o)
                              /opt/st/stm32cubeide_2.0.0/plugins/com.st.stm32cube.ide.mcu.externaltools.gnu-tools-for-stm32.13.3.rel1.linux64_1.0.100.202509120712/tools/bin/../lib/gcc/arm-none-eabi/13.3.1/../../../../arm-none-eabi/lib/thumb/v8-m.main+dp/hard/libc_nano.a(libc_a-findfp.o) (__sread)
/opt/st/stm32cubeide_2.0.0/plugins/com.st.stm32cube.ide.mcu.externaltools.gnu-tools-for-stm32.13.3.rel1.linux64_1.0.100.202509120712/tools/bin/../lib/gcc/arm-none-eabi/13.3.1/../../../../arm-none-eabi/lib/thumb/v8-m.main+dp/hard/libc_nano.a(libc_a-memcmp.o)
                              ./Application/User/main.o (memcmp)
/opt/st/stm32cubeide_2.0.0/plugins/com.st.stm32cube.ide.mcu.externaltools.gnu-tools-for-stm32.13.3.rel1.linux64_1.0.100.202509120712/tools/bin/../lib/gcc/arm-none-eabi/13.3.1/../../../../arm-none-eabi/lib/thumb/v8-m.main+dp/hard/libc_nano.a(libc_a-memset.o)
                              /opt/st/stm32cubeide_2.0.0/plugins/com.st.stm32cube.ide.mcu.externaltools.gnu-tools-for-stm32.13.3.rel1.linux64_1.0.100.202509120712/tools/bin/../lib/gcc/arm-none-eabi/13.3.1/../../../../arm-none-eabi/lib/thumb/v8-m.main+dp/hard/crt0.o (memset)
/opt/st/stm32cubeide_2.0.0/plugins/com.st.stm32cube.ide.mcu.externaltools.gnu-tools-for-stm32.13.3.rel1.linux64_1.0.100.202509120712/tools/bin/../lib/gcc/arm-none-eabi/13.3.1/../../../../arm-none-eabi/lib/thumb/v8-m.main+dp/hard/libc_nano.a(libc_a-closer.o)
                              /opt/st/stm32cubeide_2.0.0/plugins/com.st.stm32cube.ide.mcu.externaltools.gnu-tools-for-stm32.13.3.rel1.linux64_1.0.100.202509120712/tools/bin/../lib/gcc/arm-none-eabi/13.3.1/../../../../arm-none-eabi/lib/thumb/v8-m.main+dp/hard/libc_nano.a(libc_a-stdio.o) (_close_r)
/opt/st/stm32cubeide_2.0.0/plugins/com.st.stm32cube.ide.mcu.externaltools.gnu-tools-for-stm32.13.3.rel1.linux64_1.0.100.202509120712/tools/bin/../lib/gcc/arm-none-eabi/13.3.1/../../../../arm-none-eabi/lib/thumb/v8-m.main+dp/hard/libc_nano.a(libc_a-reent.o)
                              /opt/st/stm32cubeide_2.0.0/plugins/com.st.stm32cube.ide.mcu.externaltools.gnu-tools-for-stm32.13.3.rel1.linux64_1.0.100.202509120712/tools/bin/../lib/gcc/arm-none-eabi/13.3.1/../../../../arm-none-eabi/lib/thumb/v8-m.main+dp/hard/libc_nano.a(libc_a-closer.o) (errno)
/opt/st/stm32cubeide_2.0.0/plugins/com.st.stm32cube.ide.mcu.externaltools.gnu-tools-for-stm32.13.3.rel1.linux64_1.0.100.202509120712/tools/bin/../lib/gcc/arm-none-eabi/13.3.1/../../../../arm-none-eabi/lib/thumb/v8-m.main+dp/hard/libc_nano.a(libc_a-impure.o)
                              /opt/st/stm32cubeide_2.0.0/plugins/com.st.stm32cube.ide.mcu.externaltools.gnu-tools-for-stm32.13.3.rel1.linux64_1.0.100.202509120712/tools/bin/../lib/gcc/arm-none-eabi/13.3.1/../../../../arm-none-eabi/lib/thumb/v8-m.main+dp/hard/libc_nano.a(libc_a-reent.o) (_impure_ptr)
[...]
Memory Configuration

Name             Origin             Length             Attributes
ROM              0x34180400         0x0003fc00         xrw
RAM              0x341c0000         0x00040000         xrw
*default*        0x00000000         0xffffffff

Linker script and memory map

LOAD /opt/st/stm32cubeide_2.0.0/plugins/com.st.stm32cube.ide.mcu.externaltools.gnu-tools-for-stm32.13.3.rel1.linux64_1.0.100.202509120712/tools/bin/../lib/gcc/arm-none-eabi/13.3.1/thumb/v8-m.main+dp/hard/crti.o
LOAD /opt/st/stm32cubeide_2.0.0/plugins/com.st.stm32cube.ide.mcu.externaltools.gnu-tools-for-stm32.13.3.rel1.linux64_1.0.100.202509120712/tools/bin/../lib/gcc/arm-none-eabi/13.3.1/thumb/v8-m.main+dp/hard/crtbegin.o
LOAD /opt/st/stm32cubeide_2.0.0/plugins/com.st.stm32cube.ide.mcu.externaltools.gnu-tools-for-stm32.13.3.rel1.linux64_1.0.100.202509120712/tools/bin/../lib/gcc/arm-none-eabi/13.3.1/../../../../arm-none-eabi/lib/thumb/v8-m.main+dp/hard/crt0.o
LOAD ./Application/Startup/startup_stm32n657x0hxq_fsbl.o
LOAD ./Application/User/main.o
LOAD ./Application/User/stm32n6xx_hal_msp.o
LOAD ./Application/User/stm32n6xx_it.o
LOAD ./Application/User/syscalls.o
LOAD ./Application/User/sysmem.o
LOAD ./Drivers/BSP/STM32N6570-DK/stm32n6570_discovery.o
LOAD ./Drivers/CMSIS/system_stm32n6xx_fsbl.o
LOAD ./Drivers/STM32N6xx_HAL_Driver/stm32n6xx_hal.o
LOAD ./Drivers/STM32N6xx_HAL_Driver/stm32n6xx_hal_cortex.o
LOAD ./Drivers/STM32N6xx_HAL_Driver/stm32n6xx_hal_cryp.o
LOAD ./Drivers/STM32N6xx_HAL_Driver/stm32n6xx_hal_cryp_ex.o
LOAD ./Drivers/STM32N6xx_HAL_Driver/stm32n6xx_hal_dma.o
LOAD ./Drivers/STM32N6xx_HAL_Driver/stm32n6xx_hal_dma_ex.o
LOAD ./Drivers/STM32N6xx_HAL_Driver/stm32n6xx_hal_exti.o
LOAD ./Drivers/STM32N6xx_HAL_Driver/stm32n6xx_hal_gpio.o
LOAD ./Drivers/STM32N6xx_HAL_Driver/stm32n6xx_hal_pwr.o
LOAD ./Drivers/STM32N6xx_HAL_Driver/stm32n6xx_hal_pwr_ex.o
LOAD ./Drivers/STM32N6xx_HAL_Driver/stm32n6xx_hal_rcc.o
LOAD ./Drivers/STM32N6xx_HAL_Driver/stm32n6xx_hal_rcc_ex.o
LOAD ./Drivers/STM32N6xx_HAL_Driver/stm32n6xx_hal_rng.o
LOAD ./Drivers/STM32N6xx_HAL_Driver/stm32n6xx_hal_rng_ex.o
LOAD ./Drivers/STM32N6xx_HAL_Driver/stm32n6xx_hal_uart.o
LOAD ./Drivers/STM32N6xx_HAL_Driver/stm32n6xx_hal_uart_ex.o
LOAD ./Drivers/STM32N6xx_HAL_Driver/stm32n6xx_hal_xspi.o
START GROUP
LOAD /opt/st/stm32cubeide_2.0.0/plugins/com.st.stm32cube.ide.mcu.externaltools.gnu-tools-for-stm32.13.3.rel1.linux64_1.0.100.202509120712/tools/bin/../lib/gcc/arm-none-eabi/13.3.1/../../../../arm-none-eabi/lib/thumb/v8-m.main+dp/hard/libc_nano.a
LOAD /opt/st/stm32cubeide_2.0.0/plugins/com.st.stm32cube.ide.mcu.externaltools.gnu-tools-for-stm32.13.3.rel1.linux64_1.0.100.202509120712/tools/bin/../lib/gcc/arm-none-eabi/13.3.1/../../../../arm-none-eabi/lib/thumb/v8-m.main+dp/hard/libm.a
END GROUP
START GROUP
LOAD /opt/st/stm32cubeide_2.0.0/plugins/com.st.stm32cube.ide.mcu.externaltools.gnu-tools-for-stm32.13.3.rel1.linux64_1.0.100.202509120712/tools/bin/../lib/gcc/arm-none-eabi/13.3.1/thumb/v8-m.main+dp/hard/libgcc.a
LOAD /opt/st/stm32cubeide_2.0.0/plugins/com.st.stm32cube.ide.mcu.externaltools.gnu-tools-for-stm32.13.3.rel1.linux64_1.0.100.202509120712/tools/bin/../lib/gcc/arm-none-eabi/13.3.1/../../../../arm-none-eabi/lib/thumb/v8-m.main+dp/hard/libc_nano.a
END GROUP
START GROUP
LOAD /opt/st/stm32cubeide_2.0.0/plugins/com.st.stm32cube.ide.mcu.externaltools.gnu-tools-for-stm32.13.3.rel1.linux64_1.0.100.202509120712/tools/bin/../lib/gcc/arm-none-eabi/13.3.1/thumb/v8-m.main+dp/hard/libgcc.a
LOAD /opt/st/stm32cubeide_2.0.0/plugins/com.st.stm32cube.ide.mcu.externaltools.gnu-tools-for-stm32.13.3.rel1.linux64_1.0.100.202509120712/tools/bin/../lib/gcc/arm-none-eabi/13.3.1/../../../../arm-none-eabi/lib/thumb/v8-m.main+dp/hard/libc_nano.a
LOAD /opt/st/stm32cubeide_2.0.0/plugins/com.st.stm32cube.ide.mcu.externaltools.gnu-tools-for-stm32.13.3.rel1.linux64_1.0.100.202509120712/tools/bin/../lib/gcc/arm-none-eabi/13.3.1/../../../../arm-none-eabi/lib/thumb/v8-m.main+dp/hard/libnosys.a
END GROUP
START GROUP
LOAD /opt/st/stm32cubeide_2.0.0/plugins/com.st.stm32cube.ide.mcu.externaltools.gnu-tools-for-stm32.13.3.rel1.linux64_1.0.100.202509120712/tools/bin/../lib/gcc/arm-none-eabi/13.3.1/thumb/v8-m.main+dp/hard/libgcc.a
LOAD /opt/st/stm32cubeide_2.0.0/plugins/com.st.stm32cube.ide.mcu.externaltools.gnu-tools-for-stm32.13.3.rel1.linux64_1.0.100.202509120712/tools/bin/../lib/gcc/arm-none-eabi/13.3.1/../../../../arm-none-eabi/lib/thumb/v8-m.main+dp/hard/libc_nano.a
LOAD /opt/st/stm32cubeide_2.0.0/plugins/com.st.stm32cube.ide.mcu.externaltools.gnu-tools-for-stm32.13.3.rel1.linux64_1.0.100.202509120712/tools/bin/../lib/gcc/arm-none-eabi/13.3.1/../../../../arm-none-eabi/lib/thumb/v8-m.main+dp/hard/libnosys.a
END GROUP
LOAD /opt/st/stm32cubeide_2.0.0/plugins/com.st.stm32cube.ide.mcu.externaltools.gnu-tools-for-stm32.13.3.rel1.linux64_1.0.100.202509120712/tools/bin/../lib/gcc/arm-none-eabi/13.3.1/thumb/v8-m.main+dp/hard/crtend.o
LOAD /opt/st/stm32cubeide_2.0.0/plugins/com.st.stm32cube.ide.mcu.externaltools.gnu-tools-for-stm32.13.3.rel1.linux64_1.0.100.202509120712/tools/bin/../lib/gcc/arm-none-eabi/13.3.1/thumb/v8-m.main+dp/hard/crtn.o
                0x34200000                        _estack = (ORIGIN (RAM) + LENGTH (RAM))
                0x341ff800                        _sstack = (_estack - _Min_Stack_Size)
                0x00000200                        _Min_Heap_Size = 0x200
                0x00000800                        _Min_Stack_Size = 0x800

.isr_vector     0x34180400      0x34c
                0x34180400                        . = ALIGN (0x4)
 *(.isr_vector)
 .isr_vector    0x34180400      0x34c ./Application/Startup/startup_stm32n657x0hxq_fsbl.o
                0x34180400                g_pfnVectors
                0x3418074c                        . = ALIGN (0x4)

.text           0x3418074c     0x8714
                0x3418074c                        . = ALIGN (0x4)
 *(.text)
 .text          0x3418074c       0x40 /opt/st/stm32cubeide_2.0.0/plugins/com.st.stm32cube.ide.mcu.externaltools.gnu-tools-for-stm32.13.3.rel1.linux64_1.0.100.202509120712/tools/bin/../lib/gcc/arm-none-eabi/13.3.1/thumb/v8-m.main+dp/hard/crtbegin.o
 .text          0x3418078c       0x30 /opt/st/stm32cubeide_2.0.0/plugins/com.st.stm32cube.ide.mcu.externaltools.gnu-tools-for-stm32.13.3.rel1.linux64_1.0.100.202509120712/tools/bin/../lib/gcc/arm-none-eabi/13.3.1/thumb/v8-m.main+dp/hard/libgcc.a(_aeabi_uldivmod.o)
                0x3418078c                __aeabi_uldivmod
 .text          0x341807bc      0x348 /opt/st/stm32cubeide_2.0.0/plugins/com.st.stm32cube.ide.mcu.externaltools.gnu-tools-for-stm32.13.3.rel1.linux64_1.0.100.202509120712/tools/bin/../lib/gcc/arm-none-eabi/13.3.1/thumb/v8-m.main+dp/hard/libgcc.a(_udivmoddi4.o)
                0x341807bc                __udivmoddi4
 .text          0x34180b04        0x4 /opt/st/stm32cubeide_2.0.0/plugins/com.st.stm32cube.ide.mcu.externaltools.gnu-tools-for-stm32.13.3.rel1.linux64_1.0.100.202509120712/tools/bin/../lib/gcc/arm-none-eabi/13.3.1/thumb/v8-m.main+dp/hard/libgcc.a(_dvmd_tls.o)
                0x34180b04                __aeabi_ldiv0
                0x34180b04                __aeabi_idiv0
 *(.text*)
 .text.Reset_Handler
                0x34180b08       0x5c ./Application/Startup/startup_stm32n657x0hxq_fsbl.o
                0x34180b08                Reset_Handler
 .text.Default_Handler
                0x34180b64        0x2 ./Application/Startup/startup_stm32n657x0hxq_fsbl.o
                0x34180b64                HPDMA1_Channel13_IRQHandler
                0x34180b64                EXTI2_IRQHandler
                0x34180b64                MCE2_IRQHandler
                0x34180b64                TIM8_CC_IRQHandler
                0x34180b64                USB2_OTG_HS_IRQHandler
                0x34180b64                SAI1_A_IRQHandler
                0x34180b64                EXTI5_IRQHandler
                0x34180b64                I3C1_ER_IRQHandler
                0x34180b64                UART8_IRQHandler
                0x34180b64                CTI_INT0_IRQHandler
                0x34180b64                SPI4_IRQHandler
                0x34180b64                LTDC_LO_IRQHandler
                0x34180b64                NPU2_IRQHandler
                0x34180b64                FDCAN3_IT0_IRQHandler
                0x34180b64                EXTI13_IRQHandler
                0x34180b64                TIM1_CC_IRQHandler
                0x34180b64                XSPI1_IRQHandler
                0x34180b64                TIM10_IRQHandler
                0x34180b64                JPEG_IRQHandler
                0x34180b64                TAMP_IRQHandler
                0x34180b64                CACHE_ECC_IRQHandler
                0x34180b64                TIM6_IRQHandler
                0x34180b64                CSI_IRQHandler
                0x34180b64                EXTI12_IRQHandler
                0x34180b64                GFXTIM_IRQHandler
                0x34180b64                EXTI3_IRQHandler
                0x34180b64                LPTIM4_IRQHandler
                0x34180b64                GPDMA1_Channel5_IRQHandler
                0x34180b64                EXTI8_IRQHandler
                0x34180b64                LPTIM2_IRQHandler
                0x34180b64                GFXMMU_IRQHandler
                0x34180b64                LTDC_LO_ERR_IRQHandler
                0x34180b64                I2C3_ER_IRQHandler
                0x34180b64                RIFSC_TAMPER_IRQHandler
                0x34180b64                USART10_IRQHandler
                0x34180b64                MDF1_FLT2_IRQHandler
                0x34180b64                LPTIM3_IRQHandler
                0x34180b64                SAI2_A_IRQHandler
                0x34180b64                EXTI0_IRQHandler
                0x34180b64                HPDMA1_Channel9_IRQHandler
                0x34180b64                I2C2_EV_IRQHandler
                0x34180b64                GPU2D_IRQHandler
                0x34180b64                FPU_IRQHandler
                0x34180b64                GPDMA1_Channel3_IRQHandler
                0x34180b64                GPDMA1_Channel7_IRQHandler
                0x34180b64                MDF1_FLT4_IRQHandler
                0x34180b64                FDCAN1_IT1_IRQHandler
                0x34180b64                HPDMA1_Channel3_IRQHandler
                0x34180b64                ADC1_2_IRQHandler
                0x34180b64                GPDMA1_Channel9_IRQHandler
                0x34180b64                SPI1_IRQHandler
                0x34180b64                CACHEAXI_IRQHandler
                0x34180b64                SAI1_B_IRQHandler
                0x34180b64                GPDMA1_Channel2_IRQHandler
                0x34180b64                PAHB_ERR_IRQHandler
                0x34180b64                TIM8_UP_IRQHandler
                0x34180b64                RCC_S_IRQHandler
                0x34180b64                MDF1_FLT1_IRQHandler
                0x34180b64                LTDC_UP_IRQHandler
                0x34180b64                LOCKUP_IRQHandler
                0x34180b64                PKA_IRQHandler
                0x34180b64                USART6_IRQHandler
                0x34180b64                HPDMA1_Channel2_IRQHandler
                0x34180b64                MDF1_FLT5_IRQHandler
                0x34180b64                MCE4_IRQHandler
                0x34180b64                I3C2_ER_IRQHandler
                0x34180b64                EXTI15_IRQHandler
                0x34180b64                TIM17_IRQHandler
                0x34180b64                USART3_IRQHandler
                0x34180b64                HPDMA1_Channel6_IRQHandler
                0x34180b64                CRYP_IRQHandler
                0x34180b64                RTC_IRQHandler
                0x34180b64                EXTI9_IRQHandler
                0x34180b64                IAC_IRQHandler
                0x34180b64                HPDMA1_Channel0_IRQHandler
                0x34180b64                LPTIM5_IRQHandler
                0x34180b64                HPDMA1_Channel1_IRQHandler
                0x34180b64                UART5_IRQHandler
                0x34180b64                TIM4_IRQHandler
                0x34180b64                NPU3_IRQHandler
                0x34180b64                I3C2_EV_IRQHandler
                0x34180b64                I2C1_EV_IRQHandler
                0x34180b64                FDCAN_CU_IRQHandler
                0x34180b64                GPDMA1_Channel12_IRQHandler
                0x34180b64                HPDMA1_Channel7_IRQHandler
                0x34180b64                GPDMA1_Channel1_IRQHandler
                0x34180b64                TIM16_IRQHandler
                0x34180b64                GPDMA1_Channel15_IRQHandler
                0x34180b64                UART4_IRQHandler
                0x34180b64                TCM_ECC_IRQHandler
                0x34180b64                TIM3_IRQHandler
                0x34180b64                RCC_IRQHandler
                0x34180b64                UART9_IRQHandler
                0x34180b64                NPU1_IRQHandler
                0x34180b64                SAI2_B_IRQHandler
                0x34180b64                Default_Handler
                0x34180b64                GPDMA1_Channel8_IRQHandler
                0x34180b64                HPDMA1_Channel8_IRQHandler
                0x34180b64                TIM18_IRQHandler
                0x34180b64                TIM14_IRQHandler
                0x34180b64                TIM13_IRQHandler
                0x34180b64                CTI_INT1_IRQHandler
                0x34180b64                GPDMA1_Channel11_IRQHandler
                0x34180b64                GPU2D_ER_IRQHandler
                0x34180b64                SPI5_IRQHandler
                0x34180b64                TIM12_IRQHandler
                0x34180b64                TIM7_IRQHandler
                0x34180b64                FDCAN3_IT1_IRQHandler
                0x34180b64                HPDMA1_Channel10_IRQHandler
                0x34180b64                SDMMC1_IRQHandler
                0x34180b64                SAES_IRQHandler
                0x34180b64                TIM5_IRQHandler
                0x34180b64                UCPD1_IRQHandler
                0x34180b64                GPDMA1_Channel0_IRQHandler
                0x34180b64                I3C1_EV_IRQHandler
                0x34180b64                HPDMA1_Channel5_IRQHandler
                0x34180b64                TIM15_IRQHandler
                0x34180b64                I2C3_EV_IRQHandler
                0x34180b64                HPDMA1_Channel4_IRQHandler
                0x34180b64                HPDMA1_Channel15_IRQHandler
                0x34180b64                TIM9_IRQHandler
                0x34180b64                ETH1_IRQHandler
                0x34180b64                USB1_OTG_HS_IRQHandler
                0x34180b64                PVD_PVM_IRQHandler
                0x34180b64                SPI2_IRQHandler
                0x34180b64                TIM1_TRG_CCU_IRQHandler
                0x34180b64                HPDMA1_Channel11_IRQHandler
                0x34180b64                EXTI14_IRQHandler
                0x34180b64                EXTI11_IRQHandler
                0x34180b64                VENC_IRQHandler
                0x34180b64                GPDMA1_Channel14_IRQHandler
                0x34180b64                EXTI4_IRQHandler
                0x34180b64                RTC_S_IRQHandler
                0x34180b64                GPDMA1_Channel13_IRQHandler
                0x34180b64                RNG_IRQHandler
                0x34180b64                XSPI3_IRQHandler
                0x34180b64                FDCAN2_IT1_IRQHandler
                0x34180b64                TIM1_UP_IRQHandler
                0x34180b64                NPU0_IRQHandler
                0x34180b64                BCK_ECC_IRQHandler
                0x34180b64                WWDG_IRQHandler
                0x34180b64                SPI6_IRQHandler
                0x34180b64                MDIOS_IRQHandler
                0x34180b64                I2C4_EV_IRQHandler
                0x34180b64                FDCAN2_IT0_IRQHandler
                0x34180b64                IWDG_IRQHandler
                0x34180b64                HPDMA1_Channel14_IRQHandler
                0x34180b64                LPUART1_IRQHandler
                0x34180b64                FDCAN1_IT0_IRQHandler
                0x34180b64                MDF1_FLT0_IRQHandler
                0x34180b64                TIM2_IRQHandler
                0x34180b64                MCE3_IRQHandler
                0x34180b64                GPDMA1_Channel4_IRQHandler
                0x34180b64                EXTI7_IRQHandler
                0x34180b64                DMA2D_IRQHandler
                0x34180b64                TIM1_BRK_IRQHandler
                0x34180b64                EXTI1_IRQHandler
                0x34180b64                SDMMC2_IRQHandler
                0x34180b64                TIM11_IRQHandler
                0x34180b64                LTDC_UP_ERR_IRQHandler
                0x34180b64                UART7_IRQHandler
                0x34180b64                DTS_IRQHandler
                0x34180b64                MDF1_FLT3_IRQHandler
                0x34180b64                USART2_IRQHandler
                0x34180b64                GPDMA1_Channel6_IRQHandler
                0x34180b64                ADF1_FLT0_IRQHandler
                0x34180b64                I2C2_ER_IRQHandler
                0x34180b64                MCE1_IRQHandler
                0x34180b64                SPDIFRX_IRQHandler
                0x34180b64                TIM8_BRK_IRQHandler
                0x34180b64                HPDMA1_Channel12_IRQHandler
                0x34180b64                USART1_IRQHandler
                0x34180b64                EXTI10_IRQHandler
                0x34180b64                SPI3_IRQHandler
                0x34180b64                WAKEUP_PIN_IRQHandler
                0x34180b64                DCMIPP_IRQHandler
                0x34180b64                I2C1_ER_IRQHandler
                0x34180b64                FMC_IRQHandler
                0x34180b64                EXTI6_IRQHandler
                0x34180b64                LPTIM1_IRQHandler
                0x34180b64                DCMI_PSSI_IRQHandler
                0x34180b64                TIM8_TRG_CCU_IRQHandler
                0x34180b64                I2C4_ER_IRQHandler
                0x34180b64                GPDMA1_Channel10_IRQHandler
                0x34180b64                ICACHE_IRQHandler
                0x34180b64                HASH_IRQHandler
 .text.Error_Handler
                0x34180b66        0xc ./Application/User/main.o
                0x34180b66                Error_Handler
 .text.SystemClock_Config
                0x34180b72       0xdc ./Application/User/main.o
                0x34180b72                SystemClock_Config
 *fill*         0x34180c4e        0x2 
 .text.XSPI_WriteEnable.constprop.0
                0x34180c50       0xa8 ./Application/User/main.o
 .text.erase_flash
                0x34180cf8       0x38 ./Application/User/main.o
                0x34180cf8                erase_flash
 .text.XSPI_AutoPollingMemReady.constprop.0
                0x34180d30       0x90 ./Application/User/main.o
 .text.read_flash
                0x34180dc0       0xec ./Application/User/main.o
                0x34180dc0                read_flash
 .text.write_flash
                0x34180eac       0x4c ./Application/User/main.o
                0x34180eac                write_flash
 .text.startup.main
                0x34180ef8      0x3ec ./Application/User/main.o
                0x34180ef8                main
 .text.HAL_MspInit
                0x341812e4        0x2 ./Application/User/stm32n6xx_hal_msp.o
                0x341812e4                HAL_MspInit
 *fill*         0x341812e6        0x2 
 .text.HAL_RNG_MspInit
                0x341812e8       0x28 ./Application/User/stm32n6xx_hal_msp.o
                0x341812e8                HAL_RNG_MspInit
 .text.HAL_CRYP_MspInit
                0x34181310       0x30 ./Application/User/stm32n6xx_hal_msp.o
                0x34181310                HAL_CRYP_MspInit
 .text.HAL_UART_MspInit
                0x34181340       0x88 ./Application/User/stm32n6xx_hal_msp.o
                0x34181340                HAL_UART_MspInit
 .text.HAL_XSPI_MspInit
                0x341813c8       0xc0 ./Application/User/stm32n6xx_hal_msp.o
                0x341813c8                HAL_XSPI_MspInit
 .text.NMI_Handler
                0x34181488        0x2 ./Application/User/stm32n6xx_it.o
                0x34181488                NMI_Handler
 .text.HardFault_Handler
                0x3418148a        0x2 ./Application/User/stm32n6xx_it.o
                0x3418148a                HardFault_Handler
 .text.MemManage_Handler
                0x3418148c        0x2 ./Application/User/stm32n6xx_it.o
                0x3418148c                MemManage_Handler
 .text.BusFault_Handler
                0x3418148e        0x2 ./Application/User/stm32n6xx_it.o
                0x3418148e                BusFault_Handler
 .text.UsageFault_Handler
                0x34181490        0x2 ./Application/User/stm32n6xx_it.o
                0x34181490                UsageFault_Handler
 .text.SecureFault_Handler
                0x34181492        0x2 ./Application/User/stm32n6xx_it.o
                0x34181492                SecureFault_Handler
 .text.SVC_Handler
                0x34181494        0x2 ./Application/User/stm32n6xx_it.o
                0x34181494                SVC_Handler
 .text.DebugMon_Handler
                0x34181496        0x2 ./Application/User/stm32n6xx_it.o
                0x34181496                DebugMon_Handler
 .text.PendSV_Handler
                0x34181498        0x2 ./Application/User/stm32n6xx_it.o
                0x34181498                PendSV_Handler
 .text.SysTick_Handler
                0x3418149a        0x4 ./Application/User/stm32n6xx_it.o
                0x3418149a                SysTick_Handler
 *fill*         0x3418149e        0x2 
 .text.XSPI2_IRQHandler
                0x341814a0        0xc ./Application/User/stm32n6xx_it.o
                0x341814a0                XSPI2_IRQHandler
 .text.LL_AHB4_GRP1_EnableClock
                0x341814ac       0x18 ./Drivers/BSP/STM32N6570-DK/stm32n6570_discovery.o
 .text.BSP_LED_On
                0x341814c4       0x20 ./Drivers/BSP/STM32N6570-DK/stm32n6570_discovery.o
                0x341814c4                BSP_LED_On
 .text.BSP_LED_Off
                0x341814e4       0x20 ./Drivers/BSP/STM32N6570-DK/stm32n6570_discovery.o
                0x341814e4                BSP_LED_Off
 .text.BSP_LED_Init
                0x34181504       0x58 ./Drivers/BSP/STM32N6570-DK/stm32n6570_discovery.o
                0x34181504                BSP_LED_Init
 .text.SystemInit
                0x3418155c      0x154 ./Drivers/CMSIS/system_stm32n6xx_fsbl.o
                0x3418155c                SystemInit
 .text.SystemCoreClockUpdate
                0x341816b0      0x1dc ./Drivers/CMSIS/system_stm32n6xx_fsbl.o
                0x341816b0                SystemCoreClockUpdate
 .text.SECURE_SystemCoreClockUpdate
                0x3418188c       0x24 ./Drivers/CMSIS/system_stm32n6xx_fsbl.o
                0x3418188c                __acle_se_SECURE_SystemCoreClockUpdate
 .text.HAL_InitTick
                0x341818b0       0x4c ./Drivers/STM32N6xx_HAL_Driver/stm32n6xx_hal.o
                0x341818b0                HAL_InitTick
 .text.HAL_Init
                0x341818fc       0x22 ./Drivers/STM32N6xx_HAL_Driver/stm32n6xx_hal.o
                0x341818fc                HAL_Init
 *fill*         0x3418191e        0x2 
 .text.HAL_IncTick
                0x34181920       0x18 ./Drivers/STM32N6xx_HAL_Driver/stm32n6xx_hal.o
                0x34181920                HAL_IncTick
 .text.HAL_GetTick
                0x34181938        0xc ./Drivers/STM32N6xx_HAL_Driver/stm32n6xx_hal.o
                0x34181938                HAL_GetTick
 .text.HAL_Delay
                0x34181944       0x24 ./Drivers/STM32N6xx_HAL_Driver/stm32n6xx_hal.o
                0x34181944                HAL_Delay
 .text.HAL_GetREVID
                0x34181968        0xc ./Drivers/STM32N6xx_HAL_Driver/stm32n6xx_hal.o
                0x34181968                HAL_GetREVID
 .text.HAL_NVIC_SetPriorityGrouping
                0x34181974       0x24 ./Drivers/STM32N6xx_HAL_Driver/stm32n6xx_hal_cortex.o
                0x34181974                HAL_NVIC_SetPriorityGrouping
 .text.HAL_NVIC_SetPriority
                0x34181998       0x68 ./Drivers/STM32N6xx_HAL_Driver/stm32n6xx_hal_cortex.o
                0x34181998                HAL_NVIC_SetPriority
 .text.HAL_NVIC_EnableIRQ
                0x34181a00       0x1c ./Drivers/STM32N6xx_HAL_Driver/stm32n6xx_hal_cortex.o
                0x34181a00                HAL_NVIC_EnableIRQ
 .text.HAL_SYSTICK_Config
                0x34181a1c       0x28 ./Drivers/STM32N6xx_HAL_Driver/stm32n6xx_hal_cortex.o
                0x34181a1c                HAL_SYSTICK_Config
 .text.CRYP_SetKey
                0x34181a44       0xb4 ./Drivers/STM32N6xx_HAL_Driver/stm32n6xx_hal_cryp.o
 .text.CRYP_SAES_AlgoConversion
                0x34181af8       0x60 ./Drivers/STM32N6xx_HAL_Driver/stm32n6xx_hal_cryp.o
 .text.CRYP_WaitOnBUSYFlag
                0x34181b58       0x50 ./Drivers/STM32N6xx_HAL_Driver/stm32n6xx_hal_cryp.o
 .text.CRYP_WaitOnOFNEFlag
                0x34181ba8       0x2e ./Drivers/STM32N6xx_HAL_Driver/stm32n6xx_hal_cryp.o
 .text.CRYP_WaitOnCCFlag
                0x34181bd6       0x2e ./Drivers/STM32N6xx_HAL_Driver/stm32n6xx_hal_cryp.o
 .text.CRYP_WaitOnIFEMFlag
                0x34181c04       0x2e ./Drivers/STM32N6xx_HAL_Driver/stm32n6xx_hal_cryp.o
 *fill*         0x34181c32        0x2 
 .text.CRYP_GCMCCM_SetHeaderPhase
                0x34181c34      0x3a8 ./Drivers/STM32N6xx_HAL_Driver/stm32n6xx_hal_cryp.o
 .text.HAL_CRYP_Init
                0x34181fdc       0xec ./Drivers/STM32N6xx_HAL_Driver/stm32n6xx_hal_cryp.o
                0x34181fdc                HAL_CRYP_Init
 .text.HAL_CRYP_ErrorCallback
                0x341820c8        0x2 ./Drivers/STM32N6xx_HAL_Driver/stm32n6xx_hal_cryp.o
                0x341820c8                HAL_CRYP_ErrorCallback
 *fill*         0x341820ca        0x2 
 .text.CRYP_AES_ProcessData
                0x341820cc      0x230 ./Drivers/STM32N6xx_HAL_Driver/stm32n6xx_hal_cryp.o
 .text.CRYP_AESGCM_Process
                0x341822fc      0x38c ./Drivers/STM32N6xx_HAL_Driver/stm32n6xx_hal_cryp.o
 .text.CRYP_AESCCM_Process
                0x34182688      0x41c ./Drivers/STM32N6xx_HAL_Driver/stm32n6xx_hal_cryp.o
 .text.HAL_CRYP_Encrypt
                0x34182aa4      0x20c ./Drivers/STM32N6xx_HAL_Driver/stm32n6xx_hal_cryp.o
                0x34182aa4                HAL_CRYP_Encrypt
 .text.HAL_CRYP_Decrypt
                0x34182cb0      0x2a4 ./Drivers/STM32N6xx_HAL_Driver/stm32n6xx_hal_cryp.o
                0x34182cb0                HAL_CRYP_Decrypt
 .text.CRYPEx_SetKey
                0x34182f54       0x42 ./Drivers/STM32N6xx_HAL_Driver/stm32n6xx_hal_cryp_ex.o
 *fill*         0x34182f96        0x2 
 .text.CRYPEx_KeyEncrypt
                0x34182f98      0x1cc ./Drivers/STM32N6xx_HAL_Driver/stm32n6xx_hal_cryp_ex.o
 .text.CRYPEx_KeyDecrypt
                0x34183164      0x180 ./Drivers/STM32N6xx_HAL_Driver/stm32n6xx_hal_cryp_ex.o
 .text.HAL_CRYPEx_WrapKey
                0x341832e4       0x78 ./Drivers/STM32N6xx_HAL_Driver/stm32n6xx_hal_cryp_ex.o
                0x341832e4                HAL_CRYPEx_WrapKey
 .text.HAL_CRYPEx_UnwrapKey
                0x3418335c       0x74 ./Drivers/STM32N6xx_HAL_Driver/stm32n6xx_hal_cryp_ex.o
                0x3418335c                HAL_CRYPEx_UnwrapKey
 .text.HAL_DMA_Abort
                0x341833d0       0x94 ./Drivers/STM32N6xx_HAL_Driver/stm32n6xx_hal_dma.o
                0x341833d0                HAL_DMA_Abort
 .text.HAL_DMA_Abort_IT
                0x34183464       0x2a ./Drivers/STM32N6xx_HAL_Driver/stm32n6xx_hal_dma.o
                0x34183464                HAL_DMA_Abort_IT
 *fill*         0x3418348e        0x2 
 .text.HAL_GPIO_Init
                0x34183490      0x1e0 ./Drivers/STM32N6xx_HAL_Driver/stm32n6xx_hal_gpio.o
                0x34183490                HAL_GPIO_Init
 .text.HAL_GPIO_WritePin
                0x34183670        0xa ./Drivers/STM32N6xx_HAL_Driver/stm32n6xx_hal_gpio.o
                0x34183670                HAL_GPIO_WritePin
 *fill*         0x3418367a        0x2 
 .text.HAL_PWREx_ConfigSupply
                0x3418367c       0x34 ./Drivers/STM32N6xx_HAL_Driver/stm32n6xx_hal_pwr_ex.o
                0x3418367c                HAL_PWREx_ConfigSupply
 .text.HAL_PWREx_ControlVoltageScaling
                0x341836b0       0x34 ./Drivers/STM32N6xx_HAL_Driver/stm32n6xx_hal_pwr_ex.o
                0x341836b0                HAL_PWREx_ControlVoltageScaling
 .text.HAL_PWREx_ConfigVddIORange
                0x341836e4       0x60 ./Drivers/STM32N6xx_HAL_Driver/stm32n6xx_hal_pwr_ex.o
                0x341836e4                HAL_PWREx_ConfigVddIORange
 .text.HAL_PWREx_EnableVddIO2
                0x34183744       0x10 ./Drivers/STM32N6xx_HAL_Driver/stm32n6xx_hal_pwr_ex.o
                0x34183744                HAL_PWREx_EnableVddIO2
 .text.LL_RCC_HSI_IsReady
                0x34183754       0x10 ./Drivers/STM32N6xx_HAL_Driver/stm32n6xx_hal_rcc.o
 .text.LL_RCC_MSI_IsReady
                0x34183764       0x10 ./Drivers/STM32N6xx_HAL_Driver/stm32n6xx_hal_rcc.o
 .text.LL_RCC_PLL1_IsReady
                0x34183774       0x10 ./Drivers/STM32N6xx_HAL_Driver/stm32n6xx_hal_rcc.o
 .text.RCC_PLL_IsNewConfig
                0x34183784       0x84 ./Drivers/STM32N6xx_HAL_Driver/stm32n6xx_hal_rcc.o
 .text.RCC_PLL_Config
                0x34183808      0x198 ./Drivers/STM32N6xx_HAL_Driver/stm32n6xx_hal_rcc.o
 .text.RCC_PLL_Enable
                0x341839a0       0x30 ./Drivers/STM32N6xx_HAL_Driver/stm32n6xx_hal_rcc.o
 .text.RCC_GetSysClockFreq
                0x341839d0       0x80 ./Drivers/STM32N6xx_HAL_Driver/stm32n6xx_hal_rcc.o
 .text.RCC_IC_CheckPLLSources
                0x34183a50       0xb0 ./Drivers/STM32N6xx_HAL_Driver/stm32n6xx_hal_rcc.o
 .text.HAL_RCC_OscConfig
                0x34183b00      0x590 ./Drivers/STM32N6xx_HAL_Driver/stm32n6xx_hal_rcc.o
                0x34183b00                HAL_RCC_OscConfig
 .text.HAL_RCC_GetCpuClockFreq
                0x34184090       0x94 ./Drivers/STM32N6xx_HAL_Driver/stm32n6xx_hal_rcc.o
                0x34184090                HAL_RCC_GetCpuClockFreq
 .text.HAL_RCC_ClockConfig
                0x34184124      0x2b8 ./Drivers/STM32N6xx_HAL_Driver/stm32n6xx_hal_rcc.o
                0x34184124                HAL_RCC_ClockConfig
 .text.HAL_RCC_GetSysClockFreq
                0x341843dc       0x1c ./Drivers/STM32N6xx_HAL_Driver/stm32n6xx_hal_rcc.o
                0x341843dc                HAL_RCC_GetSysClockFreq
 .text.HAL_RCC_GetClockConfig
                0x341843f8       0x84 ./Drivers/STM32N6xx_HAL_Driver/stm32n6xx_hal_rcc.o
                0x341843f8                HAL_RCC_GetClockConfig
 .text.LL_RCC_HSE_SelectHSEAsDiv2Clock
                0x3418447c       0x10 ./Drivers/STM32N6xx_HAL_Driver/stm32n6xx_hal_rcc_ex.o
 .text.LL_RCC_HSE_SelectHSEDiv2AsDiv2Clock
                0x3418448c       0x10 ./Drivers/STM32N6xx_HAL_Driver/stm32n6xx_hal_rcc_ex.o
 .text.LL_RCC_HSE_IsSelectedHSEDiv2AsDiv2Clock
                0x3418449c       0x10 ./Drivers/STM32N6xx_HAL_Driver/stm32n6xx_hal_rcc_ex.o
 .text.LL_RCC_HSE_IsReady
                0x341844ac       0x10 ./Drivers/STM32N6xx_HAL_Driver/stm32n6xx_hal_rcc_ex.o
 .text.LL_RCC_HSI_IsReady
                0x341844bc       0x10 ./Drivers/STM32N6xx_HAL_Driver/stm32n6xx_hal_rcc_ex.o
 .text.LL_RCC_MSI_IsReady
                0x341844cc       0x10 ./Drivers/STM32N6xx_HAL_Driver/stm32n6xx_hal_rcc_ex.o
 .text.LL_RCC_LSE_IsReady
                0x341844dc       0x10 ./Drivers/STM32N6xx_HAL_Driver/stm32n6xx_hal_rcc_ex.o
 .text.LL_RCC_SetClockSource
                0x341844ec       0x24 ./Drivers/STM32N6xx_HAL_Driver/stm32n6xx_hal_rcc_ex.o
 .text.LL_RCC_GetClockSource
                0x34184510       0x1c ./Drivers/STM32N6xx_HAL_Driver/stm32n6xx_hal_rcc_ex.o
 .text.LL_RCC_IC7_IsEnabled
                0x3418452c       0x10 ./Drivers/STM32N6xx_HAL_Driver/stm32n6xx_hal_rcc_ex.o
 .text.LL_RCC_IC7_GetDivider
                0x3418453c       0x14 ./Drivers/STM32N6xx_HAL_Driver/stm32n6xx_hal_rcc_ex.o
 .text.LL_RCC_IC8_IsEnabled
                0x34184550       0x10 ./Drivers/STM32N6xx_HAL_Driver/stm32n6xx_hal_rcc_ex.o
 .text.LL_RCC_IC8_GetDivider
                0x34184560       0x14 ./Drivers/STM32N6xx_HAL_Driver/stm32n6xx_hal_rcc_ex.o
 .text.LL_RCC_IC9_IsEnabled
                0x34184574       0x10 ./Drivers/STM32N6xx_HAL_Driver/stm32n6xx_hal_rcc_ex.o
 .text.LL_RCC_IC9_GetDivider
                0x34184584       0x14 ./Drivers/STM32N6xx_HAL_Driver/stm32n6xx_hal_rcc_ex.o
 .text.LL_RCC_IC14_IsEnabled
                0x34184598       0x10 ./Drivers/STM32N6xx_HAL_Driver/stm32n6xx_hal_rcc_ex.o
 .text.LL_RCC_IC14_GetDivider
                0x341845a8       0x14 ./Drivers/STM32N6xx_HAL_Driver/stm32n6xx_hal_rcc_ex.o
 .text.LL_RCC_IC15_IsEnabled
                0x341845bc       0x10 ./Drivers/STM32N6xx_HAL_Driver/stm32n6xx_hal_rcc_ex.o
 .text.LL_RCC_IC15_GetDivider
                0x341845cc       0x14 ./Drivers/STM32N6xx_HAL_Driver/stm32n6xx_hal_rcc_ex.o
 .text.RCCEx_GetHCLKFreq
                0x341845e0       0x10 ./Drivers/STM32N6xx_HAL_Driver/stm32n6xx_hal_rcc_ex.o
 .text.RCCEx_GetPLLSourceFreq
                0x341845f0       0x6c ./Drivers/STM32N6xx_HAL_Driver/stm32n6xx_hal_rcc_ex.o
 .text.RCCEx_CalcPLLFreq
                0x3418465c       0x58 ./Drivers/STM32N6xx_HAL_Driver/stm32n6xx_hal_rcc_ex.o
 .text.HAL_RCCEx_PeriphCLKConfig
                0x341846b4     0x18dc ./Drivers/STM32N6xx_HAL_Driver/stm32n6xx_hal_rcc_ex.o
                0x341846b4                HAL_RCCEx_PeriphCLKConfig
 .text.HAL_RCCEx_GetPLL1CLKFreq
                0x34185f90       0x80 ./Drivers/STM32N6xx_HAL_Driver/stm32n6xx_hal_rcc_ex.o
                0x34185f90                HAL_RCCEx_GetPLL1CLKFreq
 .text.HAL_RCCEx_GetPLL2CLKFreq
                0x34186010       0x80 ./Drivers/STM32N6xx_HAL_Driver/stm32n6xx_hal_rcc_ex.o
                0x34186010                HAL_RCCEx_GetPLL2CLKFreq
 .text.HAL_RCCEx_GetPLL3CLKFreq
                0x34186090       0x80 ./Drivers/STM32N6xx_HAL_Driver/stm32n6xx_hal_rcc_ex.o
                0x34186090                HAL_RCCEx_GetPLL3CLKFreq
 .text.HAL_RCCEx_GetPLL4CLKFreq
                0x34186110       0x80 ./Drivers/STM32N6xx_HAL_Driver/stm32n6xx_hal_rcc_ex.o
                0x34186110                HAL_RCCEx_GetPLL4CLKFreq
 .text.RCCEx_GetCLKPCLKFreq.constprop.0
                0x34186190      0x10c ./Drivers/STM32N6xx_HAL_Driver/stm32n6xx_hal_rcc_ex.o
 .text.RCCEx_GetSPDIFRXCLKFreq.constprop.0
                0x3418629c       0xc0 ./Drivers/STM32N6xx_HAL_Driver/stm32n6xx_hal_rcc_ex.o
 .text.RCCEx_GetXSPICLKFreq
                0x3418635c       0xf4 ./Drivers/STM32N6xx_HAL_Driver/stm32n6xx_hal_rcc_ex.o
 .text.RCCEx_GetOTGPHYCLKFreq
                0x34186450       0xcc ./Drivers/STM32N6xx_HAL_Driver/stm32n6xx_hal_rcc_ex.o
 .text.RCCEx_GetOTGPHYCKREFCLKFreq
                0x3418651c       0x64 ./Drivers/STM32N6xx_HAL_Driver/stm32n6xx_hal_rcc_ex.o
 .text.RCCEx_GetUSARTCLKFreq
                0x34186580      0x208 ./Drivers/STM32N6xx_HAL_Driver/stm32n6xx_hal_rcc_ex.o
 .text.RCCEx_GetUARTCLKFreq
                0x34186788      0x228 ./Drivers/STM32N6xx_HAL_Driver/stm32n6xx_hal_rcc_ex.o
 .text.RCCEx_GetSPICLKFreq
                0x341869b0      0x27c ./Drivers/STM32N6xx_HAL_Driver/stm32n6xx_hal_rcc_ex.o
 .text.RCCEx_GetSAICLKFreq
                0x34186c2c      0x150 ./Drivers/STM32N6xx_HAL_Driver/stm32n6xx_hal_rcc_ex.o
 .text.RCCEx_GetI3CCLKFreq
                0x34186d7c      0x118 ./Drivers/STM32N6xx_HAL_Driver/stm32n6xx_hal_rcc_ex.o
 .text.RCCEx_GetSDMMCCLKFreq
                0x34186e94       0xcc ./Drivers/STM32N6xx_HAL_Driver/stm32n6xx_hal_rcc_ex.o
 .text.RCCEx_GetI2CCLKFreq
                0x34186f60      0x17c ./Drivers/STM32N6xx_HAL_Driver/stm32n6xx_hal_rcc_ex.o
 .text.RCCEx_GetLPTIMCLKFreq
                0x341870dc      0x1c0 ./Drivers/STM32N6xx_HAL_Driver/stm32n6xx_hal_rcc_ex.o
 .text.HAL_RCCEx_GetPeriphCLKFreq
                0x3418729c      0x980 ./Drivers/STM32N6xx_HAL_Driver/stm32n6xx_hal_rcc_ex.o
                0x3418729c                HAL_RCCEx_GetPeriphCLKFreq
 .text.HAL_RNG_Init
                0x34187c1c       0xae ./Drivers/STM32N6xx_HAL_Driver/stm32n6xx_hal_rng.o
                0x34187c1c                HAL_RNG_Init
 *fill*         0x34187cca        0x2 
 .text.UART_EndRxTransfer
                0x34187ccc       0x58 ./Drivers/STM32N6xx_HAL_Driver/stm32n6xx_hal_uart.o
 .text.UART_SetConfig
                0x34187d24      0x21c ./Drivers/STM32N6xx_HAL_Driver/stm32n6xx_hal_uart.o
                0x34187d24                UART_SetConfig
 .text.UART_AdvFeatureConfig
                0x34187f40       0xaa ./Drivers/STM32N6xx_HAL_Driver/stm32n6xx_hal_uart.o
                0x34187f40                UART_AdvFeatureConfig
 .text.UART_WaitOnFlagUntilTimeout
                0x34187fea       0x90 ./Drivers/STM32N6xx_HAL_Driver/stm32n6xx_hal_uart.o
                0x34187fea                UART_WaitOnFlagUntilTimeout
 .text.HAL_UART_Transmit
                0x3418807a       0xba ./Drivers/STM32N6xx_HAL_Driver/stm32n6xx_hal_uart.o
                0x3418807a                HAL_UART_Transmit
 .text.HAL_UART_Receive
                0x34188134       0xdc ./Drivers/STM32N6xx_HAL_Driver/stm32n6xx_hal_uart.o
                0x34188134                HAL_UART_Receive
 .text.UART_CheckIdleState
                0x34188210       0xb6 ./Drivers/STM32N6xx_HAL_Driver/stm32n6xx_hal_uart.o
                0x34188210                UART_CheckIdleState
 .text.HAL_UART_Init
                0x341882c6       0x60 ./Drivers/STM32N6xx_HAL_Driver/stm32n6xx_hal_uart.o
                0x341882c6                HAL_UART_Init
 *fill*         0x34188326        0x2 
 .text.UARTEx_SetNbDataToProcess
                0x34188328       0x44 ./Drivers/STM32N6xx_HAL_Driver/stm32n6xx_hal_uart_ex.o
 .text.HAL_UARTEx_DisableFifoMode
                0x3418836c       0x36 ./Drivers/STM32N6xx_HAL_Driver/stm32n6xx_hal_uart_ex.o
                0x3418836c                HAL_UARTEx_DisableFifoMode
 .text.HAL_UARTEx_SetTxFifoThreshold
                0x341883a2       0x40 ./Drivers/STM32N6xx_HAL_Driver/stm32n6xx_hal_uart_ex.o
                0x341883a2                HAL_UARTEx_SetTxFifoThreshold
 .text.HAL_UARTEx_SetRxFifoThreshold
                0x341883e2       0x40 ./Drivers/STM32N6xx_HAL_Driver/stm32n6xx_hal_uart_ex.o
                0x341883e2                HAL_UARTEx_SetRxFifoThreshold
 *fill*         0x34188422        0x2 
 .text.XSPI_ConfigCmd
                0x34188424      0x1bc ./Drivers/STM32N6xx_HAL_Driver/stm32n6xx_hal_xspi.o
 .text.XSPI_WaitFlagStateUntilTimeout
                0x341885e0       0x4e ./Drivers/STM32N6xx_HAL_Driver/stm32n6xx_hal_xspi.o
 *fill*         0x3418862e        0x2 
 .text.HAL_XSPI_Init
                0x34188630      0x158 ./Drivers/STM32N6xx_HAL_Driver/stm32n6xx_hal_xspi.o
                0x34188630                HAL_XSPI_Init
 .text.HAL_XSPI_Command
                0x34188788       0xa2 ./Drivers/STM32N6xx_HAL_Driver/stm32n6xx_hal_xspi.o
                0x34188788                HAL_XSPI_Command
 .text.HAL_XSPI_Transmit
                0x3418882a       0x88 ./Drivers/STM32N6xx_HAL_Driver/stm32n6xx_hal_xspi.o
                0x3418882a                HAL_XSPI_Transmit
 .text.HAL_XSPI_AutoPolling
                0x341888b2       0xaa ./Drivers/STM32N6xx_HAL_Driver/stm32n6xx_hal_xspi.o
                0x341888b2                HAL_XSPI_AutoPolling
 .text.HAL_XSPI_MemoryMapped
                0x3418895c       0x7c ./Drivers/STM32N6xx_HAL_Driver/stm32n6xx_hal_xspi.o
                0x3418895c                HAL_XSPI_MemoryMapped
 .text.HAL_XSPI_ErrorCallback
                0x341889d8        0x2 ./Drivers/STM32N6xx_HAL_Driver/stm32n6xx_hal_xspi.o
                0x341889d8                HAL_XSPI_ErrorCallback
 .text.HAL_XSPI_AbortCpltCallback
                0x341889da        0x2 ./Drivers/STM32N6xx_HAL_Driver/stm32n6xx_hal_xspi.o
                0x341889da                HAL_XSPI_AbortCpltCallback
 .text.XSPI_DMAAbortCplt
                0x341889dc       0x44 ./Drivers/STM32N6xx_HAL_Driver/stm32n6xx_hal_xspi.o
 .text.HAL_XSPI_FifoThresholdCallback
                0x34188a20        0x2 ./Drivers/STM32N6xx_HAL_Driver/stm32n6xx_hal_xspi.o
                0x34188a20                HAL_XSPI_FifoThresholdCallback
 .text.HAL_XSPI_CmdCpltCallback
                0x34188a22        0x2 ./Drivers/STM32N6xx_HAL_Driver/stm32n6xx_hal_xspi.o
                0x34188a22                HAL_XSPI_CmdCpltCallback
 .text.HAL_XSPI_RxCpltCallback
                0x34188a24        0x2 ./Drivers/STM32N6xx_HAL_Driver/stm32n6xx_hal_xspi.o
                0x34188a24                HAL_XSPI_RxCpltCallback
 .text.HAL_XSPI_TxCpltCallback
                0x34188a26        0x2 ./Drivers/STM32N6xx_HAL_Driver/stm32n6xx_hal_xspi.o
                0x34188a26                HAL_XSPI_TxCpltCallback
 .text.HAL_XSPI_StatusMatchCallback
                0x34188a28        0x2 ./Drivers/STM32N6xx_HAL_Driver/stm32n6xx_hal_xspi.o
                0x34188a28                HAL_XSPI_StatusMatchCallback
 .text.HAL_XSPI_TimeOutCallback
                0x34188a2a        0x2 ./Drivers/STM32N6xx_HAL_Driver/stm32n6xx_hal_xspi.o
                0x34188a2a                HAL_XSPI_TimeOutCallback
 .text.HAL_XSPI_IRQHandler
                0x34188a2c      0x16c ./Drivers/STM32N6xx_HAL_Driver/stm32n6xx_hal_xspi.o
                0x34188a2c                HAL_XSPI_IRQHandler
 .text.HAL_XSPI_Abort
                0x34188b98       0x9a ./Drivers/STM32N6xx_HAL_Driver/stm32n6xx_hal_xspi.o
                0x34188b98                HAL_XSPI_Abort
 *fill*         0x34188c32        0x2 
 .text.HAL_XSPIM_Config
                0x34188c34      0x19c ./Drivers/STM32N6xx_HAL_Driver/stm32n6xx_hal_xspi.o
                0x34188c34                HAL_XSPIM_Config
 .text.memcmp   0x34188dd0       0x20 /opt/st/stm32cubeide_2.0.0/plugins/com.st.stm32cube.ide.mcu.externaltools.gnu-tools-for-stm32.13.3.rel1.linux64_1.0.100.202509120712/tools/bin/../lib/gcc/arm-none-eabi/13.3.1/../../../../arm-none-eabi/lib/thumb/v8-m.main+dp/hard/libc_nano.a(libc_a-memcmp.o)
                0x34188dd0                memcmp
 .text.memset   0x34188df0       0x10 /opt/st/stm32cubeide_2.0.0/plugins/com.st.stm32cube.ide.mcu.externaltools.gnu-tools-for-stm32.13.3.rel1.linux64_1.0.100.202509120712/tools/bin/../lib/gcc/arm-none-eabi/13.3.1/../../../../arm-none-eabi/lib/thumb/v8-m.main+dp/hard/libc_nano.a(libc_a-memset.o)
                0x34188df0                memset
 .text.__libc_init_array
                0x34188e00       0x48 /opt/st/stm32cubeide_2.0.0/plugins/com.st.stm32cube.ide.mcu.externaltools.gnu-tools-for-stm32.13.3.rel1.linux64_1.0.100.202509120712/tools/bin/../lib/gcc/arm-none-eabi/13.3.1/../../../../arm-none-eabi/lib/thumb/v8-m.main+dp/hard/libc_nano.a(libc_a-init.o)
                0x34188e00                __libc_init_array
 *(.glue_7)
 .glue_7        0x34188e48        0x0 linker stubs
 *(.glue_7t)
 .glue_7t       0x34188e48        0x0 linker stubs
 *(.eh_frame)
 .eh_frame      0x34188e48        0x0 /opt/st/stm32cubeide_2.0.0/plugins/com.st.stm32cube.ide.mcu.externaltools.gnu-tools-for-stm32.13.3.rel1.linux64_1.0.100.202509120712/tools/bin/../lib/gcc/arm-none-eabi/13.3.1/thumb/v8-m.main+dp/hard/crtbegin.o
 *(.RamFunc)
 *(.RamFunc*)
 *(.init)
 .init          0x34188e48        0x4 /opt/st/stm32cubeide_2.0.0/plugins/com.st.stm32cube.ide.mcu.externaltools.gnu-tools-for-stm32.13.3.rel1.linux64_1.0.100.202509120712/tools/bin/../lib/gcc/arm-none-eabi/13.3.1/thumb/v8-m.main+dp/hard/crti.o
                0x34188e48                _init
 .init          0x34188e4c        0x8 /opt/st/stm32cubeide_2.0.0/plugins/com.st.stm32cube.ide.mcu.externaltools.gnu-tools-for-stm32.13.3.rel1.linux64_1.0.100.202509120712/tools/bin/../lib/gcc/arm-none-eabi/13.3.1/thumb/v8-m.main+dp/hard/crtn.o
 *(.fini)
 .fini          0x34188e54        0x4 /opt/st/stm32cubeide_2.0.0/plugins/com.st.stm32cube.ide.mcu.externaltools.gnu-tools-for-stm32.13.3.rel1.linux64_1.0.100.202509120712/tools/bin/../lib/gcc/arm-none-eabi/13.3.1/thumb/v8-m.main+dp/hard/crti.o
                0x34188e54                _fini
 .fini          0x34188e58        0x8 /opt/st/stm32cubeide_2.0.0/plugins/com.st.stm32cube.ide.mcu.externaltools.gnu-tools-for-stm32.13.3.rel1.linux64_1.0.100.202509120712/tools/bin/../lib/gcc/arm-none-eabi/13.3.1/thumb/v8-m.main+dp/hard/crtn.o
                0x34188e60                        . = ALIGN (0x4)
                0x34188e60                        _etext = .

.vfp11_veneer   0x34188e60        0x0
 .vfp11_veneer  0x34188e60        0x0 linker stubs

.v4_bx          0x34188e60        0x0
 .v4_bx         0x34188e60        0x0 linker stubs

.iplt           0x34188e60        0x0
 .iplt          0x34188e60        0x0 /opt/st/stm32cubeide_2.0.0/plugins/com.st.stm32cube.ide.mcu.externaltools.gnu-tools-for-stm32.13.3.rel1.linux64_1.0.100.202509120712/tools/bin/../lib/gcc/arm-none-eabi/13.3.1/thumb/v8-m.main+dp/hard/crtbegin.o

.rodata         0x34188e60       0xc4
                0x34188e60                        . = ALIGN (0x4)
 *(.rodata)
 .rodata        0x34188e60       0x40 ./Application/User/main.o
 .rodata        0x34188ea0       0x30 ./Drivers/STM32N6xx_HAL_Driver/stm32n6xx_hal_cryp.o
 *(.rodata*)
 .rodata.main.str1.1
                0x34188ed0       0x19 ./Application/User/main.o
 *fill*         0x34188ee9        0x3 
 .rodata.LED_PIN
                0x34188eec        0x8 ./Drivers/BSP/STM32N6570-DK/stm32n6570_discovery.o
 .rodata.LED_PORT
                0x34188ef4        0x8 ./Drivers/BSP/STM32N6570-DK/stm32n6570_discovery.o
 .rodata.UARTPrescTable
                0x34188efc       0x18 ./Drivers/STM32N6xx_HAL_Driver/stm32n6xx_hal_uart.o
                0x34188efc                UARTPrescTable
 .rodata.denominator.0
                0x34188f14        0x8 ./Drivers/STM32N6xx_HAL_Driver/stm32n6xx_hal_uart_ex.o
 .rodata.numerator.1
                0x34188f1c        0x8 ./Drivers/STM32N6xx_HAL_Driver/stm32n6xx_hal_uart_ex.o
                0x34188f24                        . = ALIGN (0x4)

.ARM.extab      0x34188f24        0x0
                0x34188f24                        . = ALIGN (0x4)
 *(.ARM.extab* .gnu.linkonce.armextab.*)
                0x34188f24                        . = ALIGN (0x4)

.ARM            0x34188f24        0x8
                0x34188f24                        . = ALIGN (0x4)
                0x34188f24                        __exidx_start = .
 *(.ARM.exidx*)
 .ARM.exidx     0x34188f24        0x8 /opt/st/stm32cubeide_2.0.0/plugins/com.st.stm32cube.ide.mcu.externaltools.gnu-tools-for-stm32.13.3.rel1.linux64_1.0.100.202509120712/tools/bin/../lib/gcc/arm-none-eabi/13.3.1/thumb/v8-m.main+dp/hard/libgcc.a(_udivmoddi4.o)
                0x34188f2c                        __exidx_end = .
                0x34188f2c                        . = ALIGN (0x4)

.preinit_array  0x34188f2c        0x0
                0x34188f2c                        . = ALIGN (0x4)
                0x34188f2c                        PROVIDE (__preinit_array_start = .)
 *(.preinit_array*)
                0x34188f2c                        PROVIDE (__preinit_array_end = .)
                0x34188f2c                        . = ALIGN (0x4)

.init_array     0x34188f2c        0x4
                0x34188f2c                        . = ALIGN (0x4)
                0x34188f2c                        PROVIDE (__init_array_start = .)
 *(SORT_BY_NAME(.init_array.*))
 *(.init_array*)
 .init_array    0x34188f2c        0x4 /opt/st/stm32cubeide_2.0.0/plugins/com.st.stm32cube.ide.mcu.externaltools.gnu-tools-for-stm32.13.3.rel1.linux64_1.0.100.202509120712/tools/bin/../lib/gcc/arm-none-eabi/13.3.1/thumb/v8-m.main+dp/hard/crtbegin.o
                0x34188f30                        PROVIDE (__init_array_end = .)
                0x34188f30                        . = ALIGN (0x4)

.fini_array     0x34188f30        0x4
                0x34188f30                        . = ALIGN (0x4)
                [!provide]                        PROVIDE (__fini_array_start = .)
 *(SORT_BY_NAME(.fini_array.*))
 *(.fini_array*)
 .fini_array    0x34188f30        0x4 /opt/st/stm32cubeide_2.0.0/plugins/com.st.stm32cube.ide.mcu.externaltools.gnu-tools-for-stm32.13.3.rel1.linux64_1.0.100.202509120712/tools/bin/../lib/gcc/arm-none-eabi/13.3.1/thumb/v8-m.main+dp/hard/crtbegin.o
                [!provide]                        PROVIDE (__fini_array_end = .)
                0x34188f34                        . = ALIGN (0x4)
                0x34188f34                        _sidata = LOADADDR (.data)

.rel.dyn        0x34188f34        0x0
 .rel.iplt      0x34188f34        0x0 /opt/st/stm32cubeide_2.0.0/plugins/com.st.stm32cube.ide.mcu.externaltools.gnu-tools-for-stm32.13.3.rel1.linux64_1.0.100.202509120712/tools/bin/../lib/gcc/arm-none-eabi/13.3.1/thumb/v8-m.main+dp/hard/crtbegin.o

.data           0x341c0000        0xc load address 0x34188f34
                0x341c0000                        . = ALIGN (0x4)
                0x341c0000                        _sdata = .
 *(.data)
 *(.data*)
 .data.SystemCoreClock
                0x341c0000        0x4 ./Drivers/CMSIS/system_stm32n6xx_fsbl.o
                0x341c0000                SystemCoreClock
 .data.uwTickFreq
                0x341c0004        0x1 ./Drivers/STM32N6xx_HAL_Driver/stm32n6xx_hal.o
                0x341c0004                uwTickFreq
 *fill*         0x341c0005        0x3 
 .data.uwTickPrio
                0x341c0008        0x4 ./Drivers/STM32N6xx_HAL_Driver/stm32n6xx_hal.o
                0x341c0008                uwTickPrio
                0x341c000c                        . = ALIGN (0x4)
                0x341c000c                        _edata = .

.igot.plt       0x341c000c        0x0 load address 0x34188f40
 .igot.plt      0x341c000c        0x0 /opt/st/stm32cubeide_2.0.0/plugins/com.st.stm32cube.ide.mcu.externaltools.gnu-tools-for-stm32.13.3.rel1.linux64_1.0.100.202509120712/tools/bin/../lib/gcc/arm-none-eabi/13.3.1/thumb/v8-m.main+dp/hard/crtbegin.o

.noncacheable   0x341c000c        0x4 load address 0x34188f40
                0x341c0010                        . = ALIGN (0x8)
 *fill*         0x341c000c        0x4 
                0x341c0010                        __snoncacheable = .
 *(.noncacheable)
                0x341c0010                        . = ALIGN (0x8)
                0x341c0010                        __enoncacheable = .

.gnu.sgstubs    0x34188f40       0x20
                0x34188f40                        . = ALIGN (0x4)
 *(.gnu.sgstubs*)
                0x34188f40                        . = ALIGN (0x4)
 .gnu.sgstubs.__stub
                0x34188f40        0x8 linker stubs
                0x34188f40                SECURE_SystemCoreClockUpdate
                0x34188f48                        . = ALIGN (0x4)

.bss            0x341c0010      0x198
                0x341c0010                        _sbss = .
                0x341c0010                        __bss_start__ = _sbss
 *(.bss)
 .bss           0x341c0010       0x1c /opt/st/stm32cubeide_2.0.0/plugins/com.st.stm32cube.ide.mcu.externaltools.gnu-tools-for-stm32.13.3.rel1.linux64_1.0.100.202509120712/tools/bin/../lib/gcc/arm-none-eabi/13.3.1/thumb/v8-m.main+dp/hard/crtbegin.o
 *(.bss*)
 .bss.hxspi2    0x341c002c       0x64 ./Application/User/main.o
                0x341c002c                hxspi2
 .bss.huart1    0x341c0090       0x94 ./Application/User/main.o
                0x341c0090                huart1
 .bss.hcryp     0x341c0124       0x6c ./Application/User/main.o
                0x341c0124                hcryp
 .bss.hrng      0x341c0190       0x14 ./Application/User/main.o
                0x341c0190                hrng
 .bss.uwTick    0x341c01a4        0x4 ./Drivers/STM32N6xx_HAL_Driver/stm32n6xx_hal.o
                0x341c01a4                uwTick
 *(COMMON)
                0x341c01a8                        . = ALIGN (0x4)
                0x341c01a8                        _ebss = .
                0x341c01a8                        __bss_end__ = _ebss

._user_heap_stack
                0x341c01a8      0xa00
                0x341c01a8                        . = ALIGN (0x8)
                [!provide]                        PROVIDE (end = .)
                0x341c01a8                        PROVIDE (_end = .)
                0x341c03a8                        . = (. + _Min_Heap_Size)
 *fill*         0x341c01a8      0x200 
                0x341c0ba8                        . = (. + _Min_Stack_Size)
 *fill*         0x341c03a8      0x800 
                0x341c0ba8                        . = ALIGN (0x8)

/DISCARD/
 libc.a(*)
 libm.a(*)
 libgcc.a(*)

.ARM.attributes
                0x00000000       0x3a
 *(.ARM.attributes)
 .ARM.attributes
                0x00000000       0x24 /opt/st/stm32cubeide_2.0.0/plugins/com.st.stm32cube.ide.mcu.externaltools.gnu-tools-for-stm32.13.3.rel1.linux64_1.0.100.202509120712/tools/bin/../lib/gcc/arm-none-eabi/13.3.1/thumb/v8-m.main+dp/hard/crti.o
 .ARM.attributes
                0x00000024       0x36 /opt/st/stm32cubeide_2.0.0/plugins/com.st.stm32cube.ide.mcu.externaltools.gnu-tools-for-stm32.13.3.rel1.linux64_1.0.100.202509120712/tools/bin/../lib/gcc/arm-none-eabi/13.3.1/thumb/v8-m.main+dp/hard/crtbegin.o
 .ARM.attributes
                0x0000005a       0x22 ./Application/Startup/startup_stm32n657x0hxq_fsbl.o
 .ARM.attributes
                0x0000007c       0x3e ./Application/User/main.o
 .ARM.attributes
                0x000000ba       0x3e ./Application/User/stm32n6xx_hal_msp.o
 .ARM.attributes
                0x000000f8       0x3e ./Application/User/stm32n6xx_it.o
 .ARM.attributes
                0x00000136       0x3e ./Drivers/BSP/STM32N6570-DK/stm32n6570_discovery.o
 .ARM.attributes
                0x00000174       0x3e ./Drivers/CMSIS/system_stm32n6xx_fsbl.o
 .ARM.attributes
                0x000001b2       0x3e ./Drivers/STM32N6xx_HAL_Driver/stm32n6xx_hal.o
 .ARM.attributes
                0x000001f0       0x3e ./Drivers/STM32N6xx_HAL_Driver/stm32n6xx_hal_cortex.o
 .ARM.attributes
                0x0000022e       0x3e ./Drivers/STM32N6xx_HAL_Driver/stm32n6xx_hal_cryp.o
 .ARM.attributes
                0x0000026c       0x3e ./Drivers/STM32N6xx_HAL_Driver/stm32n6xx_hal_cryp_ex.o
 .ARM.attributes
                0x000002aa       0x3e ./Drivers/STM32N6xx_HAL_Driver/stm32n6xx_hal_dma.o
 .ARM.attributes
                0x000002e8       0x3e ./Drivers/STM32N6xx_HAL_Driver/stm32n6xx_hal_gpio.o
 .ARM.attributes
                0x00000326       0x3e ./Drivers/STM32N6xx_HAL_Driver/stm32n6xx_hal_pwr_ex.o
 .ARM.attributes
                0x00000364       0x3e ./Drivers/STM32N6xx_HAL_Driver/stm32n6xx_hal_rcc.o
 .ARM.attributes
                0x000003a2       0x3e ./Drivers/STM32N6xx_HAL_Driver/stm32n6xx_hal_rcc_ex.o
 .ARM.attributes
                0x000003e0       0x3e ./Drivers/STM32N6xx_HAL_Driver/stm32n6xx_hal_rng.o
 .ARM.attributes
                0x0000041e       0x3e ./Drivers/STM32N6xx_HAL_Driver/stm32n6xx_hal_uart.o
 .ARM.attributes
                0x0000045c       0x3e ./Drivers/STM32N6xx_HAL_Driver/stm32n6xx_hal_uart_ex.o
 .ARM.attributes
                0x0000049a       0x3e ./Drivers/STM32N6xx_HAL_Driver/stm32n6xx_hal_xspi.o
 .ARM.attributes
                0x000004d8       0x36 /opt/st/stm32cubeide_2.0.0/plugins/com.st.stm32cube.ide.mcu.externaltools.gnu-tools-for-stm32.13.3.rel1.linux64_1.0.100.202509120712/tools/bin/../lib/gcc/arm-none-eabi/13.3.1/../../../../arm-none-eabi/lib/thumb/v8-m.main+dp/hard/libc_nano.a(libc_a-memcmp.o)
 .ARM.attributes
                0x0000050e       0x36 /opt/st/stm32cubeide_2.0.0/plugins/com.st.stm32cube.ide.mcu.externaltools.gnu-tools-for-stm32.13.3.rel1.linux64_1.0.100.202509120712/tools/bin/../lib/gcc/arm-none-eabi/13.3.1/../../../../arm-none-eabi/lib/thumb/v8-m.main+dp/hard/libc_nano.a(libc_a-memset.o)
 .ARM.attributes
                0x00000544       0x36 /opt/st/stm32cubeide_2.0.0/plugins/com.st.stm32cube.ide.mcu.externaltools.gnu-tools-for-stm32.13.3.rel1.linux64_1.0.100.202509120712/tools/bin/../lib/gcc/arm-none-eabi/13.3.1/../../../../arm-none-eabi/lib/thumb/v8-m.main+dp/hard/libc_nano.a(libc_a-init.o)
 .ARM.attributes
                0x0000057a       0x24 /opt/st/stm32cubeide_2.0.0/plugins/com.st.stm32cube.ide.mcu.externaltools.gnu-tools-for-stm32.13.3.rel1.linux64_1.0.100.202509120712/tools/bin/../lib/gcc/arm-none-eabi/13.3.1/thumb/v8-m.main+dp/hard/libgcc.a(_aeabi_uldivmod.o)
 .ARM.attributes
                0x0000059e       0x36 /opt/st/stm32cubeide_2.0.0/plugins/com.st.stm32cube.ide.mcu.externaltools.gnu-tools-for-stm32.13.3.rel1.linux64_1.0.100.202509120712/tools/bin/../lib/gcc/arm-none-eabi/13.3.1/thumb/v8-m.main+dp/hard/libgcc.a(_udivmoddi4.o)
 .ARM.attributes
                0x000005d4       0x24 /opt/st/stm32cubeide_2.0.0/plugins/com.st.stm32cube.ide.mcu.externaltools.gnu-tools-for-stm32.13.3.rel1.linux64_1.0.100.202509120712/tools/bin/../lib/gcc/arm-none-eabi/13.3.1/thumb/v8-m.main+dp/hard/libgcc.a(_dvmd_tls.o)
 .ARM.attributes
                0x000005f8       0x24 /opt/st/stm32cubeide_2.0.0/plugins/com.st.stm32cube.ide.mcu.externaltools.gnu-tools-for-stm32.13.3.rel1.linux64_1.0.100.202509120712/tools/bin/../lib/gcc/arm-none-eabi/13.3.1/thumb/v8-m.main+dp/hard/crtn.o
OUTPUT(CRYP_SAES_WrapKey_FSBL.elf elf32-littlearm)
LOAD linker stubs
LOAD /opt/st/stm32cubeide_2.0.0/plugins/com.st.stm32cube.ide.mcu.externaltools.gnu-tools-for-stm32.13.3.rel1.linux64_1.0.100.202509120712/tools/bin/../lib/gcc/arm-none-eabi/13.3.1/../../../../arm-none-eabi/lib/thumb/v8-m.main+dp/hard/libc.a
LOAD /opt/st/stm32cubeide_2.0.0/plugins/com.st.stm32cube.ide.mcu.externaltools.gnu-tools-for-stm32.13.3.rel1.linux64_1.0.100.202509120712/tools/bin/../lib/gcc/arm-none-eabi/13.3.1/../../../../arm-none-eabi/lib/thumb/v8-m.main+dp/hard/libm.a
LOAD /opt/st/stm32cubeide_2.0.0/plugins/com.st.stm32cube.ide.mcu.externaltools.gnu-tools-for-stm32.13.3.rel1.linux64_1.0.100.202509120712/tools/bin/../lib/gcc/arm-none-eabi/13.3.1/thumb/v8-m.main+dp/hard/libgcc.a

.comment        0x00000000       0x43
 .comment       0x00000000       0x43 ./Application/User/main.o
                                 0x44 (size before relaxing)
 .comment       0x00000043        0x0 ./Application/User/stm32n6xx_hal_msp.o
                                 0x44 (size before relaxing)
 .comment       0x00000043        0x0 ./Application/User/stm32n6xx_it.o
                                 0x44 (size before relaxing)
 .comment       0x00000043        0x0 ./Drivers/BSP/STM32N6570-DK/stm32n6570_discovery.o
                                 0x44 (size before relaxing)
 .comment       0x00000043        0x0 ./Drivers/CMSIS/system_stm32n6xx_fsbl.o
                                 0x44 (size before relaxing)
 .comment       0x00000043        0x0 ./Drivers/STM32N6xx_HAL_Driver/stm32n6xx_hal.o
                                 0x44 (size before relaxing)
 .comment       0x00000043        0x0 ./Drivers/STM32N6xx_HAL_Driver/stm32n6xx_hal_cortex.o
                                 0x44 (size before relaxing)
 .comment       0x00000043        0x0 ./Drivers/STM32N6xx_HAL_Driver/stm32n6xx_hal_cryp.o
                                 0x44 (size before relaxing)
 .comment       0x00000043        0x0 ./Drivers/STM32N6xx_HAL_Driver/stm32n6xx_hal_cryp_ex.o
                                 0x44 (size before relaxing)
 .comment       0x00000043        0x0 ./Drivers/STM32N6xx_HAL_Driver/stm32n6xx_hal_dma.o
                                 0x44 (size before relaxing)
 .comment       0x00000043        0x0 ./Drivers/STM32N6xx_HAL_Driver/stm32n6xx_hal_gpio.o
                                 0x44 (size before relaxing)
 .comment       0x00000043        0x0 ./Drivers/STM32N6xx_HAL_Driver/stm32n6xx_hal_pwr_ex.o
                                 0x44 (size before relaxing)
 .comment       0x00000043        0x0 ./Drivers/STM32N6xx_HAL_Driver/stm32n6xx_hal_rcc.o
                                 0x44 (size before relaxing)
 .comment       0x00000043        0x0 ./Drivers/STM32N6xx_HAL_Driver/stm32n6xx_hal_rcc_ex.o
                                 0x44 (size before relaxing)
 .comment       0x00000043        0x0 ./Drivers/STM32N6xx_HAL_Driver/stm32n6xx_hal_rng.o
                                 0x44 (size before relaxing)
 .comment       0x00000043        0x0 ./Drivers/STM32N6xx_HAL_Driver/stm32n6xx_hal_uart.o
                                 0x44 (size before relaxing)
 .comment       0x00000043        0x0 ./Drivers/STM32N6xx_HAL_Driver/stm32n6xx_hal_uart_ex.o
                                 0x44 (size before relaxing)
 .comment       0x00000043        0x0 ./Drivers/STM32N6xx_HAL_Driver/stm32n6xx_hal_xspi.o
                                 0x44 (size before relaxing)

.debug_frame    0x00000000       0xd8
 .debug_frame   0x00000000       0x28 /opt/st/stm32cubeide_2.0.0/plugins/com.st.stm32cube.ide.mcu.externaltools.gnu-tools-for-stm32.13.3.rel1.linux64_1.0.100.202509120712/tools/bin/../lib/gcc/arm-none-eabi/13.3.1/../../../../arm-none-eabi/lib/thumb/v8-m.main+dp/hard/libc_nano.a(libc_a-memcmp.o)
 .debug_frame   0x00000028       0x20 /opt/st/stm32cubeide_2.0.0/plugins/com.st.stm32cube.ide.mcu.externaltools.gnu-tools-for-stm32.13.3.rel1.linux64_1.0.100.202509120712/tools/bin/../lib/gcc/arm-none-eabi/13.3.1/../../../../arm-none-eabi/lib/thumb/v8-m.main+dp/hard/libc_nano.a(libc_a-memset.o)
 .debug_frame   0x00000048       0x2c /opt/st/stm32cubeide_2.0.0/plugins/com.st.stm32cube.ide.mcu.externaltools.gnu-tools-for-stm32.13.3.rel1.linux64_1.0.100.202509120712/tools/bin/../lib/gcc/arm-none-eabi/13.3.1/../../../../arm-none-eabi/lib/thumb/v8-m.main+dp/hard/libc_nano.a(libc_a-init.o)
 .debug_frame   0x00000074       0x2c /opt/st/stm32cubeide_2.0.0/plugins/com.st.stm32cube.ide.mcu.externaltools.gnu-tools-for-stm32.13.3.rel1.linux64_1.0.100.202509120712/tools/bin/../lib/gcc/arm-none-eabi/13.3.1/thumb/v8-m.main+dp/hard/libgcc.a(_aeabi_uldivmod.o)
 .debug_frame   0x000000a0       0x38 /opt/st/stm32cubeide_2.0.0/plugins/com.st.stm32cube.ide.mcu.externaltools.gnu-tools-for-stm32.13.3.rel1.linux64_1.0.100.202509120712/tools/bin/../lib/gcc/arm-none-eabi/13.3.1/thumb/v8-m.main+dp/hard/libgcc.a(_udivmoddi4.o)
