Archive member included to satisfy reference by file (symbol)

/opt/st/stm32cubeide_2.0.0/plugins/com.st.stm32cube.ide.mcu.externaltools.gnu-tools-for-stm32.13.3.rel1.linux64_1.0.100.202509120712/tools/bin/../lib/gcc/arm-none-eabi/13.3.1/../../../../arm-none-eabi/lib/thumb/v8-m.main+dp/hard/libc_nano.a(libc_a-exit.o)
                              /opt/st/stm32cubeide_2.0.0/plugins/com.st.stm32cube.ide.mcu.externaltools.gnu-tools-for-stm32.13.3.rel1.linux64_1.0.100.202509120712/tools/bin/../lib/gcc/arm-none-eabi/13.3.1/../../../../arm-none-eabi/lib/thumb/v8-m.main+dp/hard/crt0.o (exit)
/opt/st/stm32cubeide_2.0.0/plugins/com.st.stm32cube.ide.mcu.externaltools.gnu-tools-for-stm32.13.3.rel1.linux64_1.0.100.202509120712/tools/bin/../lib/gcc/arm-none-eabi/13.3.1/../../../../arm-none-eabi/lib/thumb/v8-m.main+dp/hard/libc_nano.a(libc_a-findfp.o)
                              /opt/st/stm32cubeide_2.0.0/plugins/com.st.stm32cube.ide.mcu.externaltools.gnu-tools-for-stm32.13.3.rel1.linux64_1.0.100.202509120712/tools/bin/../lib/gcc/arm-none-eabi/13.3.1/../../../../arm-none-eabi/lib/thumb/v8-m.main+dp/hard/libc_nano.a(libc_a-exit.o) (__stdio_exit_handler)
/opt/st/stm32cubeide_2.0.0/plugins/com.st.stm32cube.ide.mcu.externaltools.gnu-tools-for-stm32.13.3.rel1.linux64_1.0.100.202509120712/tools/bin/../lib/gcc/arm-none-eabi/13.3.1/../../../../arm-none-eabi/lib/thumb/v8-m.main+dp/hard/libc_nano.a(libc_a-fwalk.o)
                              /opt/st/stm32cubeide_2.0.0/plugins/com.st.stm32cube.ide.mcu.externaltools.gnu-tools-for-stm32.13.3.rel1.linux64_1.0.100.202509120712/tools/bin/../lib/gcc/arm-none-eabi/13.3.1/../../../../arm-none-eabi/lib/thumb/v8-m.main+dp/hard/libc_nano.a(libc_a-findfp.o) (_fwalk_sglue)
/opt/st/stm32cubeide_2.0.0/plugins/com.st.stm32cube.ide.mcu.externaltools.gnu-tools-for-stm32.13.3.rel1.linux64_1.0.100.202509120712/tools/bin/../lib/gcc/arm-none-eabi/13.3.1/../../../../arm-none-eabi/lib/thumb/v8-m.main+dp/hard/libc_nano.a(libc_a-stdio.o)
                              /opt/st/stm32cubeide_2.0.0/plugins/com.st.stm32cube.ide.mcu.externaltools.gnu-tools-for-stm32.13.3.rel1.linux64_1.0.100.202509120712/tools/bin/../lib/gcc/arm-none-eabi/13.3.1/../../../../arm-none-eabi/lib/thumb/v8-m.main+dp/hard/libc_nano.a(libc_a-findfp.o) (__sread)
/opt/st/stm32cubeide_2.0.0/plugins/com.st.stm32cube.ide.mcu.externaltools.gnu-tools-for-stm32.13.3.rel1.linux64_1.0.100.202509120712/tools/bin/../lib/gcc/arm-none-eabi/13.3.1/../../../../arm-none-eabi/lib/thumb/v8-m.main+dp/hard/libc_nano.a(libc_a-memcmp.o)
                              ./Application/User/main.o (memcmp)
/opt/st/stm32cubeide_2.0.0/plugins/com.st.stm32cube.ide.mcu.externaltools.gnu-tools-for-stm32.13.3.rel1.linux64_1.0.100.202509120712/tools/bin/../lib/gcc/arm-none-eabi/13.3.1/../../../../arm-none-eabi/lib/thumb/v8-m.main+dp/hard/libc_nano.a(libc_a-memset.o)
                              /opt/st/stm32cubeide_2.0.0/plugins/com.st.stm32cube.ide.mcu.externaltools.gnu-tools-for-stm32.13.3.rel1.linux64_1.0.100.202509120712/tools/bin/../lib/gcc/arm-none-eabi/13.3.1/../../../../arm-none-eabi/lib/thumb/v8-m.main+dp/hard/crt0.o (memset)
/opt/st/stm32cubeide_2.0.0/plugins/com.st.stm32cube.ide.mcu.externaltools.gnu-tools-for-stm32.13.3.rel1.linux64_1.0.100.202509120712/tools/bin/../lib/gcc/arm-none-eabi/13.3.1/../../../../arm-none-eabi/lib/thumb/v8-m.main+dp/hard/libc_nano.a(libc_a-closer.o)
                              /opt/st/stm32cubeide_2.0.0/plugins/com.st.stm32cube.ide.mcu.externaltools.gnu-tools-for-stm32.13.3.rel1.linux64_1.0.100.202509120712/tools/bin/../lib/gcc/arm-none-eabi/13.3.1/../../../../arm-none-eabi/lib/thumb/v8-m.main+dp/hard/libc_nano.a(libc_a-stdio.o) (_close_r)
/opt/st/stm32cubeide_2.0.0/plugins/com.st.stm32cube.ide.mcu.externaltools.gnu-tools-for-stm32.13.3.rel1.linux64_1.0.100.202509120712/tools/bin/../lib/gcc/arm-none-eabi/13.3.1/../../../../arm-none-eabi/lib/thumb/v8-m.main+dp/hard/libc_nano.a(libc_a-reent.o)
                              /opt/st/stm32cubeide_2.0.0/plugins/com.st.stm32cube.ide.mcu.externaltools.gnu-tools-for-stm32.13.3.rel1.linux64_1.0.100.202509120712/tools/bin/../lib/gcc/arm-none-eabi/13.3.1/../../../../arm-none-eabi/lib/thumb/v8-m.main+dp/hard/libc_nano.a(libc_a-closer.o) (errno)
/opt/st/stm32cubeide_2.0.0/plugins/com.st.stm32cube.ide.mcu.externaltools.gnu-tools-for-stm32.13.3.rel1.linux64_1.0.100.202509120712/tools/bin/../lib/gcc/arm-none-eabi/13.3.1/../../../../arm-none-eabi/lib/thumb/v8-m.main+dp/hard/libc_nano.a(libc_a-impure.o)
                              /opt/st/stm32cubeide_2.0.0/plugins/com.st.stm32cube.ide.mcu.externaltools.gnu-tools-for-stm32.13.3.rel1.linux64_1.0.100.202509120712/tools/bin/../lib/gcc/arm-none-eabi/13.3.1/../../../../arm-none-eabi/lib/thumb/v8-m.main+dp/hard/libc_nano.a(libc_a-reent.o) (_impure_ptr)
[...]
Memory Configuration

Name             Origin             Length             Attributes
ROM              0x34180400         0x0003fc00         xrw
RAM              0x341c0000         0x00040000         xrw
*default*        0x00000000         0xffffffff

Linker script and memory map

LOAD /opt/st/stm32cubeide_2.0.0/plugins/com.st.stm32cube.ide.mcu.externaltools.gnu-tools-for-stm32.13.3.rel1.linux64_1.0.100.202509120712/tools/bin/../lib/gcc/arm-none-eabi/13.3.1/thumb/v8-m.main+dp/hard/crti.o
LOAD /opt/st/stm32cubeide_2.0.0/plugins/com.st.stm32cube.ide.mcu.externaltools.gnu-tools-for-stm32.13.3.rel1.linux64_1.0.100.202509120712/tools/bin/../lib/gcc/arm-none-eabi/13.3.1/thumb/v8-m.main+dp/hard/crtbegin.o
LOAD /opt/st/stm32cubeide_2.0.0/plugins/com.st.stm32cube.ide.mcu.externaltools.gnu-tools-for-stm32.13.3.rel1.linux64_1.0.100.202509120712/tools/bin/../lib/gcc/arm-none-eabi/13.3.1/../../../../arm-none-eabi/lib/thumb/v8-m.main+dp/hard/crt0.o
LOAD ./Application/Startup/startup_stm32n657x0hxq_fsbl.o
LOAD ./Application/User/main.o
LOAD ./Application/User/stm32n6xx_hal_msp.o
LOAD ./Application/User/stm32n6xx_it.o
LOAD ./Application/User/syscalls.o
LOAD ./Application/User/sysmem.o
LOAD ./Drivers/BSP/STM32N6570-DK/stm32n6570_discovery.o
LOAD ./Drivers/CMSIS/system_stm32n6xx_fsbl.o
LOAD ./Drivers/STM32N6xx_HAL_Driver/stm32n6xx_hal.o
LOAD ./Drivers/STM32N6xx_HAL_Driver/stm32n6xx_hal_cortex.o
LOAD ./Drivers/STM32N6xx_HAL_Driver/stm32n6xx_hal_cryp.o
LOAD ./Drivers/STM32N6xx_HAL_Driver/stm32n6xx_hal_cryp_ex.o
LOAD ./Drivers/STM32N6xx_HAL_Driver/stm32n6xx_hal_dma.o
LOAD ./Drivers/STM32N6xx_HAL_Driver/stm32n6xx_hal_dma_ex.o
LOAD ./Drivers/STM32N6xx_HAL_Driver/stm32n6xx_hal_exti.o
LOAD ./Drivers/STM32N6xx_HAL_Driver/stm32n6xx_hal_gpio.o
LOAD ./Drivers/STM32N6xx_HAL_Driver/stm32n6xx_hal_pwr.o
LOAD ./Drivers/STM32N6xx_HAL_Driver/stm32n6xx_hal_pwr_ex.o
LOAD ./Drivers/STM32N6xx_HAL_Driver/stm32n6xx_hal_rcc.o
LOAD ./Drivers/STM32N6xx_HAL_Driver/stm32n6xx_hal_rcc_ex.o
LOAD ./Drivers/STM32N6xx_HAL_Driver/stm32n6xx_hal_rng.o
LOAD ./Drivers/STM32N6xx_HAL_Driver/stm32n6xx_hal_rng_ex.o
LOAD ./Drivers/STM32N6xx_HAL_Driver/stm32n6xx_hal_uart.o
LOAD ./Drivers/STM32N6xx_HAL_Driver/stm32n6xx_hal_uart_ex.o
LOAD ./Drivers/STM32N6xx_HAL_Driver/stm32n6xx_hal_xspi.o
START GROUP
LOAD /opt/st/stm32cubeide_2.0.0/plugins/com.st.stm32cube.ide.mcu.externaltools.gnu-tools-for-stm32.13.3.rel1.linux64_1.0.100.202509120712/tools/bin/../lib/gcc/arm-none-eabi/13.3.1/../../../../arm-none-eabi/lib/thumb/v8-m.main+dp/hard/libc_nano.a
LOAD /opt/st/stm32cubeide_2.0.0/plugins/com.st.stm32cube.ide.mcu.externaltools.gnu-tools-for-stm32.13.3.rel1.linux64_1.0.100.202509120712/tools/bin/../lib/gcc/arm-none-eabi/13.3.1/../../../../arm-none-eabi/lib/thumb/v8-m.main+dp/hard/libm.a
END GROUP
START GROUP
LOAD /opt/st/stm32cubeide_2.0.0/plugins/com.st.stm32cube.ide.mcu.externaltools.gnu-tools-for-stm32.13.3.rel1.linux64_1.0.100.202509120712/tools/bin/../lib/gcc/arm-none-eabi/13.3.1/thumb/v8-m.main+dp/hard/libgcc.a
LOAD /opt/st/stm32cubeide_2.0.0/plugins/com.st.stm32cube.ide.mcu.externaltools.gnu-tools-for-stm32.13.3.rel1.linux64_1.0.100.202509120712/tools/bin/../lib/gcc/arm-none-eabi/13.3.1/../../../../arm-none-eabi/lib/thumb/v8-m.main+dp/hard/libc_nano.a
END GROUP
START GROUP
LOAD /opt/st/stm32cubeide_2.0.0/plugins/com.st.stm32cube.ide.mcu.externaltools.gnu-tools-for-stm32.13.3.rel1.linux64_1.0.100.202509120712/tools/bin/../lib/gcc/arm-none-eabi/13.3.1/thumb/v8-m.main+dp/hard/libgcc.a
LOAD /opt/st/stm32cubeide_2.0.0/plugins/com.st.stm32cube.ide.mcu.externaltools.gnu-tools-for-stm32.13.3.rel1.linux64_1.0.100.202509120712/tools/bin/../lib/gcc/arm-none-eabi/13.3.1/../../../../arm-none-eabi/lib/thumb/v8-m.main+dp/hard/libc_nano.a
LOAD /opt/st/stm32cubeide_2.0.0/plugins/com.st.stm32cube.ide.mcu.externaltools.gnu-tools-for-stm32.13.3.rel1.linux64_1.0.100.202509120712/tools/bin/../lib/gcc/arm-none-eabi/13.3.1/../../../../arm-none-eabi/lib/thumb/v8-m.main+dp/hard/libnosys.a
END GROUP
START GROUP
LOAD /opt/st/stm32cubeide_2.0.0/plugins/com.st.stm32cube.ide.mcu.externaltools.gnu-tools-for-stm32.13.3.rel1.linux64_1.0.100.202509120712/tools/bin/../lib/gcc/arm-none-eabi/13.3.1/thumb/v8-m.main+dp/hard/libgcc.a
LOAD /opt/st/stm32cubeide_2.0.0/plugins/com.st.stm32cube.ide.mcu.externaltools.gnu-tools-for-stm32.13.3.rel1.linux64_1.0.100.202509120712/tools/bin/../lib/gcc/arm-none-eabi/13.3.1/../../../../arm-none-eabi/lib/thumb/v8-m.main+dp/hard/libc_nano.a
LOAD /opt/st/stm32cubeide_2.0.0/plugins/com.st.stm32cube.ide.mcu.externaltools.gnu-tools-for-stm32.13.3.rel1.linux64_1.0.100.202509120712/tools/bin/../lib/gcc/arm-none-eabi/13.3.1/../../../../arm-none-eabi/lib/thumb/v8-m.main+dp/hard/libnosys.a
END GROUP
LOAD /opt/st/stm32cubeide_2.0.0/plugins/com.st.stm32cube.ide.mcu.externaltools.gnu-tools-for-stm32.13.3.rel1.linux64_1.0.100.202509120712/tools/bin/../lib/gcc/arm-none-eabi/13.3.1/thumb/v8-m.main+dp/hard/crtend.o
LOAD /opt/st/stm32cubeide_2.0.0/plugins/com.st.stm32cube.ide.mcu.externaltools.gnu-tools-for-stm32.13.3.rel1.linux64_1.0.100.202509120712/tools/bin/../lib/gcc/arm-none-eabi/13.3.1/thumb/v8-m.main+dp/hard/crtn.o
                0x34200000                        _estack = (ORIGIN (RAM) + LENGTH (RAM))
                0x341ff800                        _sstack = (_estack - _Min_Stack_Size)
                0x00000200                        _Min_Heap_Size = 0x200
                0x00000800                        _Min_Stack_Size = 0x800

.isr_vector     0x34180400      0x34c
                0x34180400                        . = ALIGN (0x4)
 *(.isr_vector)
 .isr_vector    0x34180400      0x34c ./Application/Startup/startup_stm32n657x0hxq_fsbl.o
                0x34180400                g_pfnVectors
                0x3418074c                        . = ALIGN (0x4)

.text           0x3418074c    0x11138
                0x3418074c                        . = ALIGN (0x4)
 *(.text)
 .text          0x3418074c       0x40 /opt/st/stm32cubeide_2.0.0/plugins/com.st.stm32cube.ide.mcu.externaltools.gnu-tools-for-stm32.13.3.rel1.linux64_1.0.100.202509120712/tools/bin/../lib/gcc/arm-none-eabi/13.3.1/thumb/v8-m.main+dp/hard/crtbegin.o
 .text          0x3418078c       0x10 /opt/st/stm32cubeide_2.0.0/plugins/com.st.stm32cube.ide.mcu.externaltools.gnu-tools-for-stm32.13.3.rel1.linux64_1.0.100.202509120712/tools/bin/../lib/gcc/arm-none-eabi/13.3.1/../../../../arm-none-eabi/lib/thumb/v8-m.main+dp/hard/libc_nano.a(libc_a-strlen.o)
                0x3418078c                strlen
 .text          0x3418079c       0x30 /opt/st/stm32cubeide_2.0.0/plugins/com.st.stm32cube.ide.mcu.externaltools.gnu-tools-for-stm32.13.3.rel1.linux64_1.0.100.202509120712/tools/bin/../lib/gcc/arm-none-eabi/13.3.1/thumb/v8-m.main+dp/hard/libgcc.a(_aeabi_uldivmod.o)
                0x3418079c                __aeabi_uldivmod
 .text          0x341807cc      0x348 /opt/st/stm32cubeide_2.0.0/plugins/com.st.stm32cube.ide.mcu.externaltools.gnu-tools-for-stm32.13.3.rel1.linux64_1.0.100.202509120712/tools/bin/../lib/gcc/arm-none-eabi/13.3.1/thumb/v8-m.main+dp/hard/libgcc.a(_udivmoddi4.o)
                0x341807cc                __udivmoddi4
 .text          0x34180b14        0x4 /opt/st/stm32cubeide_2.0.0/plugins/com.st.stm32cube.ide.mcu.externaltools.gnu-tools-for-stm32.13.3.rel1.linux64_1.0.100.202509120712/tools/bin/../lib/gcc/arm-none-eabi/13.3.1/thumb/v8-m.main+dp/hard/libgcc.a(_dvmd_tls.o)
                0x34180b14                __aeabi_ldiv0
                0x34180b14                __aeabi_idiv0
 *(.text*)
 .text.Reset_Handler
                0x34180b18       0x5c ./Application/Startup/startup_stm32n657x0hxq_fsbl.o
                0x34180b18                Reset_Handler
 .text.Default_Handler
                0x34180b74        0x2 ./Application/Startup/startup_stm32n657x0hxq_fsbl.o
                0x34180b74                HPDMA1_Channel13_IRQHandler
                0x34180b74                EXTI2_IRQHandler
                0x34180b74                MCE2_IRQHandler
                0x34180b74                TIM8_CC_IRQHandler
                0x34180b74                USB2_OTG_HS_IRQHandler
                0x34180b74                SAI1_A_IRQHandler
                0x34180b74                EXTI5_IRQHandler
                0x34180b74                I3C1_ER_IRQHandler
                0x34180b74                UART8_IRQHandler
                0x34180b74                CTI_INT0_IRQHandler
                0x34180b74                SPI4_IRQHandler
                0x34180b74                LTDC_LO_IRQHandler
                0x34180b74                NPU2_IRQHandler
                0x34180b74                FDCAN3_IT0_IRQHandler
                0x34180b74                EXTI13_IRQHandler
                0x34180b74                TIM1_CC_IRQHandler
                0x34180b74                XSPI1_IRQHandler
                0x34180b74                TIM10_IRQHandler
                0x34180b74                JPEG_IRQHandler
                0x34180b74                TAMP_IRQHandler
                0x34180b74                CACHE_ECC_IRQHandler
                0x34180b74                TIM6_IRQHandler
                0x34180b74                CSI_IRQHandler
                0x34180b74                EXTI12_IRQHandler
                0x34180b74                GFXTIM_IRQHandler
                0x34180b74                EXTI3_IRQHandler
                0x34180b74                LPTIM4_IRQHandler
                0x34180b74                GPDMA1_Channel5_IRQHandler
                0x34180b74                EXTI8_IRQHandler
                0x34180b74                LPTIM2_IRQHandler
                0x34180b74                GFXMMU_IRQHandler
                0x34180b74                LTDC_LO_ERR_IRQHandler
                0x34180b74                I2C3_ER_IRQHandler
                0x34180b74                RIFSC_TAMPER_IRQHandler
                0x34180b74                USART10_IRQHandler
                0x34180b74                MDF1_FLT2_IRQHandler
                0x34180b74                LPTIM3_IRQHandler
                0x34180b74                SAI2_A_IRQHandler
                0x34180b74                EXTI0_IRQHandler
                0x34180b74                HPDMA1_Channel9_IRQHandler
                0x34180b74                I2C2_EV_IRQHandler
                0x34180b74                GPU2D_IRQHandler
                0x34180b74                FPU_IRQHandler
                0x34180b74                GPDMA1_Channel3_IRQHandler
                0x34180b74                GPDMA1_Channel7_IRQHandler
                0x34180b74                MDF1_FLT4_IRQHandler
                0x34180b74                FDCAN1_IT1_IRQHandler
                0x34180b74                HPDMA1_Channel3_IRQHandler
                0x34180b74                ADC1_2_IRQHandler
                0x34180b74                GPDMA1_Channel9_IRQHandler
                0x34180b74                SPI1_IRQHandler
                0x34180b74                CACHEAXI_IRQHandler
                0x34180b74                SAI1_B_IRQHandler
                0x34180b74                GPDMA1_Channel2_IRQHandler
                0x34180b74                PAHB_ERR_IRQHandler
                0x34180b74                TIM8_UP_IRQHandler
                0x34180b74                RCC_S_IRQHandler
                0x34180b74                MDF1_FLT1_IRQHandler
                0x34180b74                LTDC_UP_IRQHandler
                0x34180b74                LOCKUP_IRQHandler
                0x34180b74                PKA_IRQHandler
                0x34180b74                USART6_IRQHandler
                0x34180b74                HPDMA1_Channel2_IRQHandler
                0x34180b74                MDF1_FLT5_IRQHandler
                0x34180b74                MCE4_IRQHandler
                0x34180b74                I3C2_ER_IRQHandler
                0x34180b74                EXTI15_IRQHandler
                0x34180b74                TIM17_IRQHandler
                0x34180b74                USART3_IRQHandler
                0x34180b74                HPDMA1_Channel6_IRQHandler
                0x34180b74                CRYP_IRQHandler
                0x34180b74                RTC_IRQHandler
                0x34180b74                EXTI9_IRQHandler
                0x34180b74                IAC_IRQHandler
                0x34180b74                HPDMA1_Channel0_IRQHandler
                0x34180b74                LPTIM5_IRQHandler
                0x34180b74                HPDMA1_Channel1_IRQHandler
                0x34180b74                UART5_IRQHandler
                0x34180b74                TIM4_IRQHandler
                0x34180b74                NPU3_IRQHandler
                0x34180b74                I3C2_EV_IRQHandler
                0x34180b74                I2C1_EV_IRQHandler
                0x34180b74                FDCAN_CU_IRQHandler
                0x34180b74                GPDMA1_Channel12_IRQHandler
                0x34180b74                HPDMA1_Channel7_IRQHandler
                0x34180b74                GPDMA1_Channel1_IRQHandler
                0x34180b74                TIM16_IRQHandler
                0x34180b74                GPDMA1_Channel15_IRQHandler
                0x34180b74                UART4_IRQHandler
                0x34180b74                TCM_ECC_IRQHandler
                0x34180b74                TIM3_IRQHandler
                0x34180b74                RCC_IRQHandler
                0x34180b74                UART9_IRQHandler
                0x34180b74                NPU1_IRQHandler
                0x34180b74                SAI2_B_IRQHandler
                0x34180b74                Default_Handler
                0x34180b74                GPDMA1_Channel8_IRQHandler
                0x34180b74                HPDMA1_Channel8_IRQHandler
                0x34180b74                TIM18_IRQHandler
                0x34180b74                TIM14_IRQHandler
                0x34180b74                TIM13_IRQHandler
                0x34180b74                CTI_INT1_IRQHandler
                0x34180b74                GPDMA1_Channel11_IRQHandler
                0x34180b74                GPU2D_ER_IRQHandler
                0x34180b74                SPI5_IRQHandler
                0x34180b74                TIM12_IRQHandler
                0x34180b74                TIM7_IRQHandler
                0x34180b74                FDCAN3_IT1_IRQHandler
                0x34180b74                HPDMA1_Channel10_IRQHandler
                0x34180b74                SDMMC1_IRQHandler
                0x34180b74                SAES_IRQHandler
                0x34180b74                TIM5_IRQHandler
                0x34180b74                UCPD1_IRQHandler
                0x34180b74                GPDMA1_Channel0_IRQHandler
                0x34180b74                I3C1_EV_IRQHandler
                0x34180b74                HPDMA1_Channel5_IRQHandler
                0x34180b74                TIM15_IRQHandler
                0x34180b74                I2C3_EV_IRQHandler
                0x34180b74                HPDMA1_Channel4_IRQHandler
                0x34180b74                HPDMA1_Channel15_IRQHandler
                0x34180b74                TIM9_IRQHandler
                0x34180b74                ETH1_IRQHandler
                0x34180b74                USB1_OTG_HS_IRQHandler
                0x34180b74                PVD_PVM_IRQHandler
                0x34180b74                SPI2_IRQHandler
                0x34180b74                TIM1_TRG_CCU_IRQHandler
                0x34180b74                HPDMA1_Channel11_IRQHandler
                0x34180b74                EXTI14_IRQHandler
                0x34180b74                EXTI11_IRQHandler
                0x34180b74                VENC_IRQHandler
                0x34180b74                GPDMA1_Channel14_IRQHandler
                0x34180b74                EXTI4_IRQHandler
                0x34180b74                RTC_S_IRQHandler
                0x34180b74                GPDMA1_Channel13_IRQHandler
                0x34180b74                RNG_IRQHandler
                0x34180b74                XSPI3_IRQHandler
                0x34180b74                FDCAN2_IT1_IRQHandler
                0x34180b74                TIM1_UP_IRQHandler
                0x34180b74                NPU0_IRQHandler
                0x34180b74                BCK_ECC_IRQHandler
                0x34180b74                WWDG_IRQHandler
                0x34180b74                SPI6_IRQHandler
                0x34180b74                MDIOS_IRQHandler
                0x34180b74                I2C4_EV_IRQHandler
                0x34180b74                FDCAN2_IT0_IRQHandler
                0x34180b74                IWDG_IRQHandler
                0x34180b74                HPDMA1_Channel14_IRQHandler
                0x34180b74                LPUART1_IRQHandler
                0x34180b74                FDCAN1_IT0_IRQHandler
                0x34180b74                MDF1_FLT0_IRQHandler
                0x34180b74                TIM2_IRQHandler
                0x34180b74                MCE3_IRQHandler
                0x34180b74                GPDMA1_Channel4_IRQHandler
                0x34180b74                EXTI7_IRQHandler
                0x34180b74                DMA2D_IRQHandler
                0x34180b74                TIM1_BRK_IRQHandler
                0x34180b74                EXTI1_IRQHandler
                0x34180b74                SDMMC2_IRQHandler
                0x34180b74                TIM11_IRQHandler
                0x34180b74                LTDC_UP_ERR_IRQHandler
                0x34180b74                UART7_IRQHandler
                0x34180b74                DTS_IRQHandler
                0x34180b74                MDF1_FLT3_IRQHandler
                0x34180b74                USART2_IRQHandler
                0x34180b74                GPDMA1_Channel6_IRQHandler
                0x34180b74                ADF1_FLT0_IRQHandler
                0x34180b74                I2C2_ER_IRQHandler
                0x34180b74                MCE1_IRQHandler
                0x34180b74                SPDIFRX_IRQHandler
                0x34180b74                TIM8_BRK_IRQHandler
                0x34180b74                HPDMA1_Channel12_IRQHandler
                0x34180b74                USART1_IRQHandler
                0x34180b74                EXTI10_IRQHandler
                0x34180b74                SPI3_IRQHandler
                0x34180b74                WAKEUP_PIN_IRQHandler
                0x34180b74                DCMIPP_IRQHandler
                0x34180b74                I2C1_ER_IRQHandler
                0x34180b74                FMC_IRQHandler
                0x34180b74                EXTI6_IRQHandler
                0x34180b74                LPTIM1_IRQHandler
                0x34180b74                DCMI_PSSI_IRQHandler
                0x34180b74                TIM8_TRG_CCU_IRQHandler
                0x34180b74                I2C4_ER_IRQHandler
                0x34180b74                GPDMA1_Channel10_IRQHandler
                0x34180b74                ICACHE_IRQHandler
                0x34180b74                HASH_IRQHandler
 *fill*         0x34180b76        0x2 
 .text.LL_AHB4_GRP1_EnableClock
                0x34180b78       0x2c ./Application/User/main.o
 .text.main     0x34180ba4      0x2fc ./Application/User/main.o
                0x34180ba4                main
 .text.erase_flash
                0x34180ea0       0x54 ./Application/User/main.o
                0x34180ea0                erase_flash
 .text.write_flash
                0x34180ef4       0x70 ./Application/User/main.o
                0x34180ef4                write_flash
 .text.read_flash
                0x34180f64      0x158 ./Application/User/main.o
                0x34180f64                read_flash
 .text.SystemClock_Config
                0x341810bc      0x158 ./Application/User/main.o
                0x341810bc                SystemClock_Config
 .text.MX_RNG_Init
                0x34181214       0x2c ./Application/User/main.o
 .text.MX_SAES_CRYP_Init
                0x34181240       0x60 ./Application/User/main.o
 .text.MX_USART1_UART_Init
                0x341812a0       0x98 ./Application/User/main.o
 .text.MX_GPIO_Init
                0x34181338        0xe ./Application/User/main.o
 *fill*         0x34181346        0x2 
 .text.MX_XSPI2_Init
                0x34181348       0xb8 ./Application/User/main.o
 .text.XSPI_WriteEnable
                0x34181400       0xf2 ./Application/User/main.o
 .text.XSPI_AutoPollingMemReady
                0x341814f2       0xc2 ./Application/User/main.o
 .text.XSPI_NOR_OctalDTRModeCfg
                0x341815b4      0x166 ./Application/User/main.o
 .text.init_XSPI_Cmd
                0x3418171a       0x52 ./Application/User/main.o
 .text.Error_Handler
                0x3418176c       0x12 ./Application/User/main.o
                0x3418176c                Error_Handler
 *fill*         0x3418177e        0x2 
 .text.LL_AHB3_GRP1_EnableClock
                0x34181780       0x2c ./Application/User/stm32n6xx_hal_msp.o
 .text.LL_AHB4_GRP1_EnableClock
                0x341817ac       0x2c ./Application/User/stm32n6xx_hal_msp.o
 .text.LL_AHB5_GRP1_EnableClock
                0x341817d8       0x2c ./Application/User/stm32n6xx_hal_msp.o
 .text.LL_APB2_GRP1_EnableClock
                0x34181804       0x2c ./Application/User/stm32n6xx_hal_msp.o
 .text.HAL_MspInit
                0x34181830        0xe ./Application/User/stm32n6xx_hal_msp.o
                0x34181830                HAL_MspInit
 *fill*         0x3418183e        0x2 
 .text.HAL_RNG_MspInit
                0x34181840       0x24 ./Application/User/stm32n6xx_hal_msp.o
                0x34181840                HAL_RNG_MspInit
 .text.HAL_CRYP_MspInit
                0x34181864       0x2c ./Application/User/stm32n6xx_hal_msp.o
                0x34181864                HAL_CRYP_MspInit
 .text.HAL_UART_MspInit
                0x34181890       0xcc ./Application/User/stm32n6xx_hal_msp.o
                0x34181890                HAL_UART_MspInit
 .text.HAL_XSPI_MspInit
                0x3418195c      0x108 ./Application/User/stm32n6xx_hal_msp.o
                0x3418195c                HAL_XSPI_MspInit
 .text.NMI_Handler
                0x34181a64        0x8 ./Application/User/stm32n6xx_it.o
                0x34181a64                NMI_Handler
 .text.HardFault_Handler
                0x34181a6c        0x8 ./Application/User/stm32n6xx_it.o
                0x34181a6c                HardFault_Handler
 .text.MemManage_Handler
                0x34181a74        0x8 ./Application/User/stm32n6xx_it.o
                0x34181a74                MemManage_Handler
 .text.BusFault_Handler
                0x34181a7c        0x8 ./Application/User/stm32n6xx_it.o
                0x34181a7c                BusFault_Handler
 .text.UsageFault_Handler
                0x34181a84        0x8 ./Application/User/stm32n6xx_it.o
                0x34181a84                UsageFault_Handler
 .text.SecureFault_Handler
                0x34181a8c        0x8 ./Application/User/stm32n6xx_it.o
                0x34181a8c                SecureFault_Handler
 .text.SVC_Handler
                0x34181a94        0xe ./Application/User/stm32n6xx_it.o
                0x34181a94                SVC_Handler
 .text.DebugMon_Handler
                0x34181aa2        0xe ./Application/User/stm32n6xx_it.o
                0x34181aa2                DebugMon_Handler
 .text.PendSV_Handler
                0x34181ab0        0xe ./Application/User/stm32n6xx_it.o
                0x34181ab0                PendSV_Handler
 .text.SysTick_Handler
                0x34181abe        0xc ./Application/User/stm32n6xx_it.o
                0x34181abe                SysTick_Handler
 *fill*         0x34181aca        0x2 
 .text.XSPI2_IRQHandler
                0x34181acc       0x14 ./Application/User/stm32n6xx_it.o
                0x34181acc                XSPI2_IRQHandler
 .text.LL_AHB4_GRP1_EnableClock
                0x34181ae0       0x2c ./Drivers/BSP/STM32N6570-DK/stm32n6570_discovery.o
 .text.BSP_LED_Init
                0x34181b0c       0x84 ./Drivers/BSP/STM32N6570-DK/stm32n6570_discovery.o
                0x34181b0c                BSP_LED_Init
 .text.BSP_LED_On
                0x34181b90       0x58 ./Drivers/BSP/STM32N6570-DK/stm32n6570_discovery.o
                0x34181b90                BSP_LED_On
 .text.BSP_LED_Off
                0x34181be8       0x58 ./Drivers/BSP/STM32N6570-DK/stm32n6570_discovery.o
                0x34181be8                BSP_LED_Off
 .text.SystemInit
                0x34181c40      0x218 ./Drivers/CMSIS/system_stm32n6xx_fsbl.o
                0x34181c40                SystemInit
 .text.SystemCoreClockUpdate
                0x34181e58      0x350 ./Drivers/CMSIS/system_stm32n6xx_fsbl.o
                0x34181e58                SystemCoreClockUpdate
 .text.SECURE_SystemCoreClockUpdate
                0x341821a8       0x2c ./Drivers/CMSIS/system_stm32n6xx_fsbl.o
                0x341821a8                __acle_se_SECURE_SystemCoreClockUpdate
 .text.HAL_Init
                0x341821d4       0x28 ./Drivers/STM32N6xx_HAL_Driver/stm32n6xx_hal.o
                0x341821d4                HAL_Init
 .text.HAL_InitTick
                0x341821fc       0x6c ./Drivers/STM32N6xx_HAL_Driver/stm32n6xx_hal.o
                0x341821fc                HAL_InitTick
 .text.HAL_IncTick
                0x34182268       0x28 ./Drivers/STM32N6xx_HAL_Driver/stm32n6xx_hal.o
                0x34182268                HAL_IncTick
 .text.HAL_GetTick
                0x34182290       0x18 ./Drivers/STM32N6xx_HAL_Driver/stm32n6xx_hal.o
                0x34182290                HAL_GetTick
 .text.HAL_Delay
                0x341822a8       0x48 ./Drivers/STM32N6xx_HAL_Driver/stm32n6xx_hal.o
                0x341822a8                HAL_Delay
 .text.HAL_GetREVID
                0x341822f0       0x18 ./Drivers/STM32N6xx_HAL_Driver/stm32n6xx_hal.o
                0x341822f0                HAL_GetREVID
 .text.__NVIC_SetPriorityGrouping
                0x34182308       0x48 ./Drivers/STM32N6xx_HAL_Driver/stm32n6xx_hal_cortex.o
 .text.__NVIC_GetPriorityGrouping
                0x34182350       0x1c ./Drivers/STM32N6xx_HAL_Driver/stm32n6xx_hal_cortex.o
 .text.__NVIC_EnableIRQ
                0x3418236c       0x3c ./Drivers/STM32N6xx_HAL_Driver/stm32n6xx_hal_cortex.o
 .text.__NVIC_SetPriority
                0x341823a8       0x54 ./Drivers/STM32N6xx_HAL_Driver/stm32n6xx_hal_cortex.o
 .text.NVIC_EncodePriority
                0x341823fc       0x66 ./Drivers/STM32N6xx_HAL_Driver/stm32n6xx_hal_cortex.o
 *fill*         0x34182462        0x2 
 .text.SysTick_Config
                0x34182464       0x44 ./Drivers/STM32N6xx_HAL_Driver/stm32n6xx_hal_cortex.o
 .text.HAL_NVIC_SetPriorityGrouping
                0x341824a8       0x16 ./Drivers/STM32N6xx_HAL_Driver/stm32n6xx_hal_cortex.o
                0x341824a8                HAL_NVIC_SetPriorityGrouping
 .text.HAL_NVIC_SetPriority
                0x341824be       0x3a ./Drivers/STM32N6xx_HAL_Driver/stm32n6xx_hal_cortex.o
                0x341824be                HAL_NVIC_SetPriority
 .text.HAL_NVIC_EnableIRQ
                0x341824f8       0x1c ./Drivers/STM32N6xx_HAL_Driver/stm32n6xx_hal_cortex.o
                0x341824f8                HAL_NVIC_EnableIRQ
 .text.HAL_SYSTICK_Config
                0x34182514       0x18 ./Drivers/STM32N6xx_HAL_Driver/stm32n6xx_hal_cortex.o
                0x34182514                HAL_SYSTICK_Config
 .text.HAL_CRYP_Init
                0x3418252c      0x17c ./Drivers/STM32N6xx_HAL_Driver/stm32n6xx_hal_cryp.o
                0x3418252c                HAL_CRYP_Init
 .text.HAL_CRYP_Encrypt
                0x341826a8      0x19c ./Drivers/STM32N6xx_HAL_Driver/stm32n6xx_hal_cryp.o
                0x341826a8                HAL_CRYP_Encrypt
 .text.HAL_CRYP_Decrypt
                0x34182844      0x1a0 ./Drivers/STM32N6xx_HAL_Driver/stm32n6xx_hal_cryp.o
                0x34182844                HAL_CRYP_Decrypt
 .text.HAL_CRYP_ErrorCallback
                0x341829e4       0x14 ./Drivers/STM32N6xx_HAL_Driver/stm32n6xx_hal_cryp.o
                0x341829e4                HAL_CRYP_ErrorCallback
 .text.CRYP_AES_Encrypt
                0x341829f8      0x250 ./Drivers/STM32N6xx_HAL_Driver/stm32n6xx_hal_cryp.o
 .text.CRYP_AES_Decrypt
                0x34182c48      0x3b4 ./Drivers/STM32N6xx_HAL_Driver/stm32n6xx_hal_cryp.o
 .text.CRYP_AES_ProcessData
                0x34182ffc      0x3a0 ./Drivers/STM32N6xx_HAL_Driver/stm32n6xx_hal_cryp.o
 .text.CRYP_SetKey
                0x3418339c      0x1e0 ./Drivers/STM32N6xx_HAL_Driver/stm32n6xx_hal_cryp.o
 .text.CRYP_AESGCM_Process
                0x3418357c      0x774 ./Drivers/STM32N6xx_HAL_Driver/stm32n6xx_hal_cryp.o
 .text.CRYP_AESCCM_Process
                0x34183cf0      0x890 ./Drivers/STM32N6xx_HAL_Driver/stm32n6xx_hal_cryp.o
 .text.CRYP_GCMCCM_SetHeaderPhase
                0x34184580      0x7c4 ./Drivers/STM32N6xx_HAL_Driver/stm32n6xx_hal_cryp.o
 .text.CRYP_WaitOnIFEMFlag
                0x34184d44       0x4c ./Drivers/STM32N6xx_HAL_Driver/stm32n6xx_hal_cryp.o
 .text.CRYP_WaitOnBUSYFlag
                0x34184d90       0x78 ./Drivers/STM32N6xx_HAL_Driver/stm32n6xx_hal_cryp.o
 .text.CRYP_WaitOnOFNEFlag
                0x34184e08       0x4c ./Drivers/STM32N6xx_HAL_Driver/stm32n6xx_hal_cryp.o
 .text.CRYP_WaitOnCCFlag
                0x34184e54       0x4c ./Drivers/STM32N6xx_HAL_Driver/stm32n6xx_hal_cryp.o
 .text.CRYP_SAES_AlgoConversion
                0x34184ea0       0xda ./Drivers/STM32N6xx_HAL_Driver/stm32n6xx_hal_cryp.o
 *fill*         0x34184f7a        0x2 
 .text.HAL_CRYPEx_WrapKey
                0x34184f7c       0xd8 ./Drivers/STM32N6xx_HAL_Driver/stm32n6xx_hal_cryp_ex.o
                0x34184f7c                HAL_CRYPEx_WrapKey
 .text.HAL_CRYPEx_UnwrapKey
                0x34185054       0xd0 ./Drivers/STM32N6xx_HAL_Driver/stm32n6xx_hal_cryp_ex.o
                0x34185054                HAL_CRYPEx_UnwrapKey
 .text.CRYPEx_KeyDecrypt
                0x34185124      0x2fc ./Drivers/STM32N6xx_HAL_Driver/stm32n6xx_hal_cryp_ex.o
 .text.CRYPEx_KeyEncrypt
                0x34185420      0x330 ./Drivers/STM32N6xx_HAL_Driver/stm32n6xx_hal_cryp_ex.o
 .text.CRYPEx_SetKey
                0x34185750       0xc2 ./Drivers/STM32N6xx_HAL_Driver/stm32n6xx_hal_cryp_ex.o
 .text.HAL_DMA_Abort
                0x34185812       0xf8 ./Drivers/STM32N6xx_HAL_Driver/stm32n6xx_hal_dma.o
                0x34185812                HAL_DMA_Abort
 .text.HAL_DMA_Abort_IT
                0x3418590a       0x52 ./Drivers/STM32N6xx_HAL_Driver/stm32n6xx_hal_dma.o
                0x3418590a                HAL_DMA_Abort_IT
 .text.HAL_GPIO_Init
                0x3418595c      0x364 ./Drivers/STM32N6xx_HAL_Driver/stm32n6xx_hal_gpio.o
                0x3418595c                HAL_GPIO_Init
 .text.HAL_GPIO_WritePin
                0x34185cc0       0x30 ./Drivers/STM32N6xx_HAL_Driver/stm32n6xx_hal_gpio.o
                0x34185cc0                HAL_GPIO_WritePin
 .text.HAL_PWREx_ConfigSupply
                0x34185cf0       0x50 ./Drivers/STM32N6xx_HAL_Driver/stm32n6xx_hal_pwr_ex.o
                0x34185cf0                HAL_PWREx_ConfigSupply
 .text.HAL_PWREx_ControlVoltageScaling
                0x34185d40       0x50 ./Drivers/STM32N6xx_HAL_Driver/stm32n6xx_hal_pwr_ex.o
                0x34185d40                HAL_PWREx_ControlVoltageScaling
 .text.HAL_PWREx_ConfigVddIORange
                0x34185d90       0xa4 ./Drivers/STM32N6xx_HAL_Driver/stm32n6xx_hal_pwr_ex.o
                0x34185d90                HAL_PWREx_ConfigVddIORange
 .text.HAL_PWREx_EnableVddIO2
                0x34185e34       0x20 ./Drivers/STM32N6xx_HAL_Driver/stm32n6xx_hal_pwr_ex.o
                0x34185e34                HAL_PWREx_EnableVddIO2
 .text.LL_RCC_HSE_IsReady
                0x34185e54       0x24 ./Drivers/STM32N6xx_HAL_Driver/stm32n6xx_hal_rcc.o
 .text.LL_RCC_HSI_Enable
                0x34185e78       0x1c ./Drivers/STM32N6xx_HAL_Driver/stm32n6xx_hal_rcc.o
 .text.LL_RCC_HSI_Disable
                0x34185e94       0x20 ./Drivers/STM32N6xx_HAL_Driver/stm32n6xx_hal_rcc.o
 .text.LL_RCC_HSI_IsReady
                0x34185eb4       0x24 ./Drivers/STM32N6xx_HAL_Driver/stm32n6xx_hal_rcc.o
 .text.LL_RCC_HSI_SetDivider
                0x34185ed8       0x28 ./Drivers/STM32N6xx_HAL_Driver/stm32n6xx_hal_rcc.o
 .text.LL_RCC_HSI_GetDivider
                0x34185f00       0x1c ./Drivers/STM32N6xx_HAL_Driver/stm32n6xx_hal_rcc.o
 .text.LL_RCC_HSI_SetCalibTrimming
                0x34185f1c       0x2c ./Drivers/STM32N6xx_HAL_Driver/stm32n6xx_hal_rcc.o
 .text.LL_RCC_MSI_Enable
                0x34185f48       0x1c ./Drivers/STM32N6xx_HAL_Driver/stm32n6xx_hal_rcc.o
 .text.LL_RCC_MSI_Disable
                0x34185f64       0x20 ./Drivers/STM32N6xx_HAL_Driver/stm32n6xx_hal_rcc.o
 .text.LL_RCC_MSI_IsReady
                0x34185f84       0x24 ./Drivers/STM32N6xx_HAL_Driver/stm32n6xx_hal_rcc.o
 .text.LL_RCC_MSI_SetFrequency
                0x34185fa8       0x28 ./Drivers/STM32N6xx_HAL_Driver/stm32n6xx_hal_rcc.o
 .text.LL_RCC_MSI_SetCalibTrimming
                0x34185fd0       0x2c ./Drivers/STM32N6xx_HAL_Driver/stm32n6xx_hal_rcc.o
 .text.LL_RCC_LSE_IsReady
                0x34185ffc       0x24 ./Drivers/STM32N6xx_HAL_Driver/stm32n6xx_hal_rcc.o
 .text.LL_RCC_LSI_Enable
                0x34186020       0x1c ./Drivers/STM32N6xx_HAL_Driver/stm32n6xx_hal_rcc.o
 .text.LL_RCC_LSI_Disable
                0x3418603c       0x20 ./Drivers/STM32N6xx_HAL_Driver/stm32n6xx_hal_rcc.o
 .text.LL_RCC_LSI_IsReady
                0x3418605c       0x1c ./Drivers/STM32N6xx_HAL_Driver/stm32n6xx_hal_rcc.o
 .text.LL_RCC_GetCpuClkSource
                0x34186078       0x1c ./Drivers/STM32N6xx_HAL_Driver/stm32n6xx_hal_rcc.o
 .text.LL_RCC_GetSysClkSource
                0x34186094       0x1c ./Drivers/STM32N6xx_HAL_Driver/stm32n6xx_hal_rcc.o
 .text.LL_RCC_PLL1_GetSource
                0x341860b0       0x1c ./Drivers/STM32N6xx_HAL_Driver/stm32n6xx_hal_rcc.o
 .text.LL_RCC_PLL1_IsReady
                0x341860cc       0x28 ./Drivers/STM32N6xx_HAL_Driver/stm32n6xx_hal_rcc.o
 .text.LL_RCC_PLL1_IsEnabledBypass
                0x341860f4       0x28 ./Drivers/STM32N6xx_HAL_Driver/stm32n6xx_hal_rcc.o
 .text.LL_RCC_PLL2_GetSource
                0x3418611c       0x1c ./Drivers/STM32N6xx_HAL_Driver/stm32n6xx_hal_rcc.o
 .text.LL_RCC_PLL2_IsReady
                0x34186138       0x28 ./Drivers/STM32N6xx_HAL_Driver/stm32n6xx_hal_rcc.o
 .text.LL_RCC_PLL2_IsEnabledBypass
                0x34186160       0x28 ./Drivers/STM32N6xx_HAL_Driver/stm32n6xx_hal_rcc.o
 .text.LL_RCC_PLL3_GetSource
                0x34186188       0x1c ./Drivers/STM32N6xx_HAL_Driver/stm32n6xx_hal_rcc.o
 .text.LL_RCC_PLL3_IsReady
                0x341861a4       0x28 ./Drivers/STM32N6xx_HAL_Driver/stm32n6xx_hal_rcc.o
 .text.LL_RCC_PLL3_IsEnabledBypass
                0x341861cc       0x28 ./Drivers/STM32N6xx_HAL_Driver/stm32n6xx_hal_rcc.o
 .text.LL_RCC_PLL4_GetSource
                0x341861f4       0x1c ./Drivers/STM32N6xx_HAL_Driver/stm32n6xx_hal_rcc.o
 .text.LL_RCC_PLL4_IsReady
                0x34186210       0x28 ./Drivers/STM32N6xx_HAL_Driver/stm32n6xx_hal_rcc.o
 .text.LL_RCC_PLL4_IsEnabledBypass
                0x34186238       0x28 ./Drivers/STM32N6xx_HAL_Driver/stm32n6xx_hal_rcc.o
 .text.LL_RCC_IC1_Enable
                0x34186260       0x1c ./Drivers/STM32N6xx_HAL_Driver/stm32n6xx_hal_rcc.o
 .text.LL_RCC_IC1_GetSource
                0x3418627c       0x1c ./Drivers/STM32N6xx_HAL_Driver/stm32n6xx_hal_rcc.o
 .text.LL_RCC_IC1_GetDivider
                0x34186298       0x20 ./Drivers/STM32N6xx_HAL_Driver/stm32n6xx_hal_rcc.o
 .text.LL_RCC_IC2_GetSource
                0x341862b8       0x1c ./Drivers/STM32N6xx_HAL_Driver/stm32n6xx_hal_rcc.o
 .text.LL_RCC_IC2_GetDivider
                0x341862d4       0x20 ./Drivers/STM32N6xx_HAL_Driver/stm32n6xx_hal_rcc.o
 .text.LL_RCC_IC6_GetSource
                0x341862f4       0x1c ./Drivers/STM32N6xx_HAL_Driver/stm32n6xx_hal_rcc.o
 .text.LL_RCC_IC11_GetSource
                0x34186310       0x1c ./Drivers/STM32N6xx_HAL_Driver/stm32n6xx_hal_rcc.o
 .text.HAL_RCC_OscConfig
                0x3418632c      0x7c0 ./Drivers/STM32N6xx_HAL_Driver/stm32n6xx_hal_rcc.o
                0x3418632c                HAL_RCC_OscConfig
 .text.HAL_RCC_ClockConfig
                0x34186aec      0x408 ./Drivers/STM32N6xx_HAL_Driver/stm32n6xx_hal_rcc.o
                0x34186aec                HAL_RCC_ClockConfig
 .text.HAL_RCC_GetCpuClockFreq
                0x34186ef4      0x100 ./Drivers/STM32N6xx_HAL_Driver/stm32n6xx_hal_rcc.o
                0x34186ef4                HAL_RCC_GetCpuClockFreq
 .text.HAL_RCC_GetSysClockFreq
                0x34186ff4       0x1e ./Drivers/STM32N6xx_HAL_Driver/stm32n6xx_hal_rcc.o
                0x34186ff4                HAL_RCC_GetSysClockFreq
 *fill*         0x34187012        0x2 
 .text.HAL_RCC_GetClockConfig
                0x34187014       0xec ./Drivers/STM32N6xx_HAL_Driver/stm32n6xx_hal_rcc.o
                0x34187014                HAL_RCC_GetClockConfig
 .text.RCC_GetSysClockFreq
                0x34187100      0x104 ./Drivers/STM32N6xx_HAL_Driver/stm32n6xx_hal_rcc.o
 .text.RCC_PLL_Config
                0x34187204      0x260 ./Drivers/STM32N6xx_HAL_Driver/stm32n6xx_hal_rcc.o
 .text.RCC_PLL_Enable
                0x34187464       0x58 ./Drivers/STM32N6xx_HAL_Driver/stm32n6xx_hal_rcc.o
 .text.RCC_PLL_IsNewConfig
                0x341874bc       0xf4 ./Drivers/STM32N6xx_HAL_Driver/stm32n6xx_hal_rcc.o
 .text.RCC_PLL_Source_IsReady
                0x341875b0       0x74 ./Drivers/STM32N6xx_HAL_Driver/stm32n6xx_hal_rcc.o
 .text.RCC_IC_CheckPLLSources
                0x34187624      0x170 ./Drivers/STM32N6xx_HAL_Driver/stm32n6xx_hal_rcc.o
 .text.LL_RCC_HSE_SelectHSEAsDiv2Clock
                0x34187794       0x20 ./Drivers/STM32N6xx_HAL_Driver/stm32n6xx_hal_rcc_ex.o
 .text.LL_RCC_HSE_SelectHSEDiv2AsDiv2Clock
                0x341877b4       0x20 ./Drivers/STM32N6xx_HAL_Driver/stm32n6xx_hal_rcc_ex.o
 .text.LL_RCC_HSE_IsSelectedHSEDiv2AsDiv2Clock
                0x341877d4       0x24 ./Drivers/STM32N6xx_HAL_Driver/stm32n6xx_hal_rcc_ex.o
 .text.LL_RCC_HSE_IsReady
                0x341877f8       0x24 ./Drivers/STM32N6xx_HAL_Driver/stm32n6xx_hal_rcc_ex.o
 .text.LL_RCC_HSI_IsReady
                0x3418781c       0x24 ./Drivers/STM32N6xx_HAL_Driver/stm32n6xx_hal_rcc_ex.o
 .text.LL_RCC_HSI_GetDivider
                0x34187840       0x1c ./Drivers/STM32N6xx_HAL_Driver/stm32n6xx_hal_rcc_ex.o
 .text.LL_RCC_MSI_IsReady
                0x3418785c       0x24 ./Drivers/STM32N6xx_HAL_Driver/stm32n6xx_hal_rcc_ex.o
 .text.LL_RCC_MSI_GetFrequency
                0x34187880       0x1c ./Drivers/STM32N6xx_HAL_Driver/stm32n6xx_hal_rcc_ex.o
 .text.LL_RCC_LSE_IsReady
                0x3418789c       0x24 ./Drivers/STM32N6xx_HAL_Driver/stm32n6xx_hal_rcc_ex.o
 .text.LL_RCC_LSI_IsReady
                0x341878c0       0x1c ./Drivers/STM32N6xx_HAL_Driver/stm32n6xx_hal_rcc_ex.o
 .text.LL_RCC_GetAHBPrescaler
                0x341878dc       0x1c ./Drivers/STM32N6xx_HAL_Driver/stm32n6xx_hal_rcc_ex.o
 .text.LL_RCC_GetAPB1Prescaler
                0x341878f8       0x1c ./Drivers/STM32N6xx_HAL_Driver/stm32n6xx_hal_rcc_ex.o
 .text.LL_RCC_GetAPB2Prescaler
                0x34187914       0x1c ./Drivers/STM32N6xx_HAL_Driver/stm32n6xx_hal_rcc_ex.o
 .text.LL_RCC_GetAPB4Prescaler
                0x34187930       0x1c ./Drivers/STM32N6xx_HAL_Driver/stm32n6xx_hal_rcc_ex.o
 .text.LL_RCC_GetAPB5Prescaler
                0x3418794c       0x1c ./Drivers/STM32N6xx_HAL_Driver/stm32n6xx_hal_rcc_ex.o
 .text.LL_RCC_SetClockSource
                0x34187968       0x54 ./Drivers/STM32N6xx_HAL_Driver/stm32n6xx_hal_rcc_ex.o
 .text.LL_RCC_GetADCPrescaler
                0x341879bc       0x1c ./Drivers/STM32N6xx_HAL_Driver/stm32n6xx_hal_rcc_ex.o
 .text.LL_RCC_SetADFClockSource
                0x341879d8       0x2c ./Drivers/STM32N6xx_HAL_Driver/stm32n6xx_hal_rcc_ex.o
 .text.LL_RCC_SetCLKPClockSource
                0x34187a04       0x2c ./Drivers/STM32N6xx_HAL_Driver/stm32n6xx_hal_rcc_ex.o
 .text.LL_RCC_SetDCMIPPClockSource
                0x34187a30       0x2c ./Drivers/STM32N6xx_HAL_Driver/stm32n6xx_hal_rcc_ex.o
 .text.LL_RCC_SetETHClockSource
                0x34187a5c       0x2c ./Drivers/STM32N6xx_HAL_Driver/stm32n6xx_hal_rcc_ex.o
 .text.LL_RCC_SetETHPHYInterface
                0x34187a88       0x2c ./Drivers/STM32N6xx_HAL_Driver/stm32n6xx_hal_rcc_ex.o
 .text.LL_RCC_GetETH1PTPDivider
                0x34187ab4       0x1c ./Drivers/STM32N6xx_HAL_Driver/stm32n6xx_hal_rcc_ex.o
 .text.LL_RCC_SetETHREFRXClockSource
                0x34187ad0       0x2c ./Drivers/STM32N6xx_HAL_Driver/stm32n6xx_hal_rcc_ex.o
 .text.LL_RCC_SetETHREFTXClockSource
                0x34187afc       0x2c ./Drivers/STM32N6xx_HAL_Driver/stm32n6xx_hal_rcc_ex.o
 .text.LL_RCC_SetFDCANClockSource
                0x34187b28       0x2c ./Drivers/STM32N6xx_HAL_Driver/stm32n6xx_hal_rcc_ex.o
 .text.LL_RCC_SetFMCClockSource
                0x34187b54       0x2c ./Drivers/STM32N6xx_HAL_Driver/stm32n6xx_hal_rcc_ex.o
 .text.LL_RCC_SetI2CClockSource
                0x34187b80       0x16 ./Drivers/STM32N6xx_HAL_Driver/stm32n6xx_hal_rcc_ex.o
 .text.LL_RCC_SetI3CClockSource
                0x34187b96       0x16 ./Drivers/STM32N6xx_HAL_Driver/stm32n6xx_hal_rcc_ex.o
 .text.LL_RCC_SetLPTIMClockSource
                0x34187bac       0x16 ./Drivers/STM32N6xx_HAL_Driver/stm32n6xx_hal_rcc_ex.o
 *fill*         0x34187bc2        0x2 
 .text.LL_RCC_SetLPUARTClockSource
                0x34187bc4       0x2c ./Drivers/STM32N6xx_HAL_Driver/stm32n6xx_hal_rcc_ex.o
 .text.LL_RCC_SetLTDCClockSource
                0x34187bf0       0x2c ./Drivers/STM32N6xx_HAL_Driver/stm32n6xx_hal_rcc_ex.o
 .text.LL_RCC_SetMDFClockSource
                0x34187c1c       0x2c ./Drivers/STM32N6xx_HAL_Driver/stm32n6xx_hal_rcc_ex.o
 .text.LL_RCC_SetOTGPHYClockSource
                0x34187c48       0x16 ./Drivers/STM32N6xx_HAL_Driver/stm32n6xx_hal_rcc_ex.o
 .text.LL_RCC_SetOTGPHYCKREFClockSource
                0x34187c5e       0x16 ./Drivers/STM32N6xx_HAL_Driver/stm32n6xx_hal_rcc_ex.o
 .text.LL_RCC_SetPSSIClockSource
                0x34187c74       0x2c ./Drivers/STM32N6xx_HAL_Driver/stm32n6xx_hal_rcc_ex.o
 .text.LL_RCC_SetSAIClockSource
                0x34187ca0       0x16 ./Drivers/STM32N6xx_HAL_Driver/stm32n6xx_hal_rcc_ex.o
 .text.LL_RCC_SetSDMMCClockSource
                0x34187cb6       0x16 ./Drivers/STM32N6xx_HAL_Driver/stm32n6xx_hal_rcc_ex.o
 .text.LL_RCC_SetSPDIFRXClockSource
                0x34187ccc       0x2c ./Drivers/STM32N6xx_HAL_Driver/stm32n6xx_hal_rcc_ex.o
 .text.LL_RCC_SetSPIClockSource
                0x34187cf8       0x16 ./Drivers/STM32N6xx_HAL_Driver/stm32n6xx_hal_rcc_ex.o
 .text.LL_RCC_SetUSARTClockSource
                0x34187d0e       0x16 ./Drivers/STM32N6xx_HAL_Driver/stm32n6xx_hal_rcc_ex.o
 .text.LL_RCC_SetXSPIClockSource
                0x34187d24       0x16 ./Drivers/STM32N6xx_HAL_Driver/stm32n6xx_hal_rcc_ex.o
 *fill*         0x34187d3a        0x2 
 .text.LL_RCC_GetClockSource
                0x34187d3c       0x4c ./Drivers/STM32N6xx_HAL_Driver/stm32n6xx_hal_rcc_ex.o
 .text.LL_RCC_GetADCClockSource
                0x34187d88       0x24 ./Drivers/STM32N6xx_HAL_Driver/stm32n6xx_hal_rcc_ex.o
 .text.LL_RCC_GetADFClockSource
                0x34187dac       0x24 ./Drivers/STM32N6xx_HAL_Driver/stm32n6xx_hal_rcc_ex.o
 .text.LL_RCC_GetCLKPClockSource
                0x34187dd0       0x24 ./Drivers/STM32N6xx_HAL_Driver/stm32n6xx_hal_rcc_ex.o
 .text.LL_RCC_GetDCMIPPClockSource
                0x34187df4       0x24 ./Drivers/STM32N6xx_HAL_Driver/stm32n6xx_hal_rcc_ex.o
 .text.LL_RCC_GetETHClockSource
                0x34187e18       0x24 ./Drivers/STM32N6xx_HAL_Driver/stm32n6xx_hal_rcc_ex.o
 .text.LL_RCC_GetETHPTPClockSource
                0x34187e3c       0x24 ./Drivers/STM32N6xx_HAL_Driver/stm32n6xx_hal_rcc_ex.o
 .text.LL_RCC_GetFDCANClockSource
                0x34187e60       0x24 ./Drivers/STM32N6xx_HAL_Driver/stm32n6xx_hal_rcc_ex.o
 .text.LL_RCC_GetFMCClockSource
                0x34187e84       0x24 ./Drivers/STM32N6xx_HAL_Driver/stm32n6xx_hal_rcc_ex.o
 .text.LL_RCC_GetI2CClockSource
                0x34187ea8       0x18 ./Drivers/STM32N6xx_HAL_Driver/stm32n6xx_hal_rcc_ex.o
 .text.LL_RCC_GetI3CClockSource
                0x34187ec0       0x18 ./Drivers/STM32N6xx_HAL_Driver/stm32n6xx_hal_rcc_ex.o
 .text.LL_RCC_GetLPTIMClockSource
                0x34187ed8       0x18 ./Drivers/STM32N6xx_HAL_Driver/stm32n6xx_hal_rcc_ex.o
 .text.LL_RCC_GetLPUARTClockSource
                0x34187ef0       0x24 ./Drivers/STM32N6xx_HAL_Driver/stm32n6xx_hal_rcc_ex.o
 .text.LL_RCC_GetLTDCClockSource
                0x34187f14       0x24 ./Drivers/STM32N6xx_HAL_Driver/stm32n6xx_hal_rcc_ex.o
 .text.LL_RCC_GetMDFClockSource
                0x34187f38       0x24 ./Drivers/STM32N6xx_HAL_Driver/stm32n6xx_hal_rcc_ex.o
 .text.LL_RCC_GetPSSIClockSource
                0x34187f5c       0x24 ./Drivers/STM32N6xx_HAL_Driver/stm32n6xx_hal_rcc_ex.o
 .text.LL_RCC_GetSAIClockSource
                0x34187f80       0x18 ./Drivers/STM32N6xx_HAL_Driver/stm32n6xx_hal_rcc_ex.o
 .text.LL_RCC_GetSDMMCClockSource
                0x34187f98       0x18 ./Drivers/STM32N6xx_HAL_Driver/stm32n6xx_hal_rcc_ex.o
 .text.LL_RCC_GetSPDIFRXClockSource
                0x34187fb0       0x24 ./Drivers/STM32N6xx_HAL_Driver/stm32n6xx_hal_rcc_ex.o
 .text.LL_RCC_GetSPIClockSource
                0x34187fd4       0x18 ./Drivers/STM32N6xx_HAL_Driver/stm32n6xx_hal_rcc_ex.o
 .text.LL_RCC_GetUSARTClockSource
                0x34187fec       0x18 ./Drivers/STM32N6xx_HAL_Driver/stm32n6xx_hal_rcc_ex.o
 .text.LL_RCC_GetUARTClockSource
                0x34188004       0x18 ./Drivers/STM32N6xx_HAL_Driver/stm32n6xx_hal_rcc_ex.o
 .text.LL_RCC_GetUSBClockSource
                0x3418801c       0x18 ./Drivers/STM32N6xx_HAL_Driver/stm32n6xx_hal_rcc_ex.o
 .text.LL_RCC_GetXSPIClockSource
                0x34188034       0x18 ./Drivers/STM32N6xx_HAL_Driver/stm32n6xx_hal_rcc_ex.o
 .text.LL_RCC_SetRTCClockSource
                0x3418804c       0x2c ./Drivers/STM32N6xx_HAL_Driver/stm32n6xx_hal_rcc_ex.o
 .text.LL_RCC_GetRTCClockSource
                0x34188078       0x1c ./Drivers/STM32N6xx_HAL_Driver/stm32n6xx_hal_rcc_ex.o
 .text.LL_RCC_SetRTC_HSEPrescaler
                0x34188094       0x2c ./Drivers/STM32N6xx_HAL_Driver/stm32n6xx_hal_rcc_ex.o
 .text.LL_RCC_SetTIMPrescaler
                0x341880c0       0x2c ./Drivers/STM32N6xx_HAL_Driver/stm32n6xx_hal_rcc_ex.o
 .text.LL_RCC_GetTIMPrescaler
                0x341880ec       0x1c ./Drivers/STM32N6xx_HAL_Driver/stm32n6xx_hal_rcc_ex.o
 .text.LL_RCC_PLL1_GetSource
                0x34188108       0x1c ./Drivers/STM32N6xx_HAL_Driver/stm32n6xx_hal_rcc_ex.o
 .text.LL_RCC_PLL1_IsReady
                0x34188124       0x28 ./Drivers/STM32N6xx_HAL_Driver/stm32n6xx_hal_rcc_ex.o
 .text.LL_RCC_PLL1_IsEnabledBypass
                0x3418814c       0x28 ./Drivers/STM32N6xx_HAL_Driver/stm32n6xx_hal_rcc_ex.o
 .text.LL_RCC_PLL1_GetN
                0x34188174       0x20 ./Drivers/STM32N6xx_HAL_Driver/stm32n6xx_hal_rcc_ex.o
 .text.LL_RCC_PLL1_GetM
                0x34188194       0x20 ./Drivers/STM32N6xx_HAL_Driver/stm32n6xx_hal_rcc_ex.o
 .text.LL_RCC_PLL1_GetP1
                0x341881b4       0x20 ./Drivers/STM32N6xx_HAL_Driver/stm32n6xx_hal_rcc_ex.o
 .text.LL_RCC_PLL1_GetP2
                0x341881d4       0x20 ./Drivers/STM32N6xx_HAL_Driver/stm32n6xx_hal_rcc_ex.o
 .text.LL_RCC_PLL1P_IsEnabled
                0x341881f4       0x28 ./Drivers/STM32N6xx_HAL_Driver/stm32n6xx_hal_rcc_ex.o
 .text.LL_RCC_PLL1_GetFRACN
                0x3418821c       0x1c ./Drivers/STM32N6xx_HAL_Driver/stm32n6xx_hal_rcc_ex.o
 .text.LL_RCC_PLL2_GetSource
                0x34188238       0x1c ./Drivers/STM32N6xx_HAL_Driver/stm32n6xx_hal_rcc_ex.o
 .text.LL_RCC_PLL2_IsReady
                0x34188254       0x28 ./Drivers/STM32N6xx_HAL_Driver/stm32n6xx_hal_rcc_ex.o
 .text.LL_RCC_PLL2_IsEnabledBypass
                0x3418827c       0x28 ./Drivers/STM32N6xx_HAL_Driver/stm32n6xx_hal_rcc_ex.o
 .text.LL_RCC_PLL2_GetN
                0x341882a4       0x20 ./Drivers/STM32N6xx_HAL_Driver/stm32n6xx_hal_rcc_ex.o
 .text.LL_RCC_PLL2_GetM
                0x341882c4       0x20 ./Drivers/STM32N6xx_HAL_Driver/stm32n6xx_hal_rcc_ex.o
 .text.LL_RCC_PLL2_GetP1
                0x341882e4       0x20 ./Drivers/STM32N6xx_HAL_Driver/stm32n6xx_hal_rcc_ex.o
 .text.LL_RCC_PLL2_GetP2
                0x34188304       0x20 ./Drivers/STM32N6xx_HAL_Driver/stm32n6xx_hal_rcc_ex.o
 .text.LL_RCC_PLL2P_IsEnabled
                0x34188324       0x28 ./Drivers/STM32N6xx_HAL_Driver/stm32n6xx_hal_rcc_ex.o
 .text.LL_RCC_PLL2_GetFRACN
                0x3418834c       0x1c ./Drivers/STM32N6xx_HAL_Driver/stm32n6xx_hal_rcc_ex.o
 .text.LL_RCC_PLL3_GetSource
                0x34188368       0x1c ./Drivers/STM32N6xx_HAL_Driver/stm32n6xx_hal_rcc_ex.o
 .text.LL_RCC_PLL3_IsReady
                0x34188384       0x28 ./Drivers/STM32N6xx_HAL_Driver/stm32n6xx_hal_rcc_ex.o
 .text.LL_RCC_PLL3_IsEnabledBypass
                0x341883ac       0x28 ./Drivers/STM32N6xx_HAL_Driver/stm32n6xx_hal_rcc_ex.o
 .text.LL_RCC_PLL3_GetN
                0x341883d4       0x20 ./Drivers/STM32N6xx_HAL_Driver/stm32n6xx_hal_rcc_ex.o
 .text.LL_RCC_PLL3_GetM
                0x341883f4       0x20 ./Drivers/STM32N6xx_HAL_Driver/stm32n6xx_hal_rcc_ex.o
 .text.LL_RCC_PLL3_GetP1
                0x34188414       0x20 ./Drivers/STM32N6xx_HAL_Driver/stm32n6xx_hal_rcc_ex.o
 .text.LL_RCC_PLL3_GetP2
                0x34188434       0x20 ./Drivers/STM32N6xx_HAL_Driver/stm32n6xx_hal_rcc_ex.o
 .text.LL_RCC_PLL3P_IsEnabled
                0x34188454       0x28 ./Drivers/STM32N6xx_HAL_Driver/stm32n6xx_hal_rcc_ex.o
 .text.LL_RCC_PLL3_GetFRACN
                0x3418847c       0x1c ./Drivers/STM32N6xx_HAL_Driver/stm32n6xx_hal_rcc_ex.o
 .text.LL_RCC_PLL4_GetSource
                0x34188498       0x1c ./Drivers/STM32N6xx_HAL_Driver/stm32n6xx_hal_rcc_ex.o
 .text.LL_RCC_PLL4_IsReady
                0x341884b4       0x28 ./Drivers/STM32N6xx_HAL_Driver/stm32n6xx_hal_rcc_ex.o
 .text.LL_RCC_PLL4_IsEnabledBypass
                0x341884dc       0x28 ./Drivers/STM32N6xx_HAL_Driver/stm32n6xx_hal_rcc_ex.o
 .text.LL_RCC_PLL4_GetN
                0x34188504       0x20 ./Drivers/STM32N6xx_HAL_Driver/stm32n6xx_hal_rcc_ex.o
 .text.LL_RCC_PLL4_GetM
                0x34188524       0x20 ./Drivers/STM32N6xx_HAL_Driver/stm32n6xx_hal_rcc_ex.o
 .text.LL_RCC_PLL4_GetP1
                0x34188544       0x20 ./Drivers/STM32N6xx_HAL_Driver/stm32n6xx_hal_rcc_ex.o
 .text.LL_RCC_PLL4_GetP2
                0x34188564       0x20 ./Drivers/STM32N6xx_HAL_Driver/stm32n6xx_hal_rcc_ex.o
 .text.LL_RCC_PLL4P_IsEnabled
                0x34188584       0x28 ./Drivers/STM32N6xx_HAL_Driver/stm32n6xx_hal_rcc_ex.o
 .text.LL_RCC_PLL4_GetFRACN
                0x341885ac       0x1c ./Drivers/STM32N6xx_HAL_Driver/stm32n6xx_hal_rcc_ex.o
 .text.LL_RCC_IC3_Enable
                0x341885c8       0x1c ./Drivers/STM32N6xx_HAL_Driver/stm32n6xx_hal_rcc_ex.o
 .text.LL_RCC_IC3_IsEnabled
                0x341885e4       0x28 ./Drivers/STM32N6xx_HAL_Driver/stm32n6xx_hal_rcc_ex.o
 .text.LL_RCC_IC3_GetSource
                0x3418860c       0x1c ./Drivers/STM32N6xx_HAL_Driver/stm32n6xx_hal_rcc_ex.o
 .text.LL_RCC_IC3_GetDivider
                0x34188628       0x20 ./Drivers/STM32N6xx_HAL_Driver/stm32n6xx_hal_rcc_ex.o
 .text.LL_RCC_IC4_Enable
                0x34188648       0x1c ./Drivers/STM32N6xx_HAL_Driver/stm32n6xx_hal_rcc_ex.o
 .text.LL_RCC_IC4_IsEnabled
                0x34188664       0x28 ./Drivers/STM32N6xx_HAL_Driver/stm32n6xx_hal_rcc_ex.o
 .text.LL_RCC_IC4_GetSource
                0x3418868c       0x1c ./Drivers/STM32N6xx_HAL_Driver/stm32n6xx_hal_rcc_ex.o
 .text.LL_RCC_IC4_GetDivider
                0x341886a8       0x20 ./Drivers/STM32N6xx_HAL_Driver/stm32n6xx_hal_rcc_ex.o
 .text.LL_RCC_IC5_Enable
                0x341886c8       0x1c ./Drivers/STM32N6xx_HAL_Driver/stm32n6xx_hal_rcc_ex.o
 .text.LL_RCC_IC5_IsEnabled
                0x341886e4       0x28 ./Drivers/STM32N6xx_HAL_Driver/stm32n6xx_hal_rcc_ex.o
 .text.LL_RCC_IC5_GetSource
                0x3418870c       0x1c ./Drivers/STM32N6xx_HAL_Driver/stm32n6xx_hal_rcc_ex.o
 .text.LL_RCC_IC5_GetDivider
                0x34188728       0x20 ./Drivers/STM32N6xx_HAL_Driver/stm32n6xx_hal_rcc_ex.o
 .text.LL_RCC_IC7_Enable
                0x34188748       0x1c ./Drivers/STM32N6xx_HAL_Driver/stm32n6xx_hal_rcc_ex.o
 .text.LL_RCC_IC7_IsEnabled
                0x34188764       0x28 ./Drivers/STM32N6xx_HAL_Driver/stm32n6xx_hal_rcc_ex.o
 .text.LL_RCC_IC7_GetSource
                0x3418878c       0x1c ./Drivers/STM32N6xx_HAL_Driver/stm32n6xx_hal_rcc_ex.o
 .text.LL_RCC_IC7_GetDivider
                0x341887a8       0x20 ./Drivers/STM32N6xx_HAL_Driver/stm32n6xx_hal_rcc_ex.o
 .text.LL_RCC_IC8_Enable
                0x341887c8       0x1c ./Drivers/STM32N6xx_HAL_Driver/stm32n6xx_hal_rcc_ex.o
 .text.LL_RCC_IC8_IsEnabled
                0x341887e4       0x28 ./Drivers/STM32N6xx_HAL_Driver/stm32n6xx_hal_rcc_ex.o
 .text.LL_RCC_IC8_GetSource
                0x3418880c       0x1c ./Drivers/STM32N6xx_HAL_Driver/stm32n6xx_hal_rcc_ex.o
 .text.LL_RCC_IC8_GetDivider
                0x34188828       0x20 ./Drivers/STM32N6xx_HAL_Driver/stm32n6xx_hal_rcc_ex.o
 .text.LL_RCC_IC9_Enable
                0x34188848       0x1c ./Drivers/STM32N6xx_HAL_Driver/stm32n6xx_hal_rcc_ex.o
 .text.LL_RCC_IC9_IsEnabled
                0x34188864       0x28 ./Drivers/STM32N6xx_HAL_Driver/stm32n6xx_hal_rcc_ex.o
 .text.LL_RCC_IC9_GetSource
                0x3418888c       0x1c ./Drivers/STM32N6xx_HAL_Driver/stm32n6xx_hal_rcc_ex.o
 .text.LL_RCC_IC9_GetDivider
                0x341888a8       0x20 ./Drivers/STM32N6xx_HAL_Driver/stm32n6xx_hal_rcc_ex.o
 .text.LL_RCC_IC10_Enable
                0x341888c8       0x1c ./Drivers/STM32N6xx_HAL_Driver/stm32n6xx_hal_rcc_ex.o
 .text.LL_RCC_IC10_IsEnabled
                0x341888e4       0x28 ./Drivers/STM32N6xx_HAL_Driver/stm32n6xx_hal_rcc_ex.o
 .text.LL_RCC_IC10_GetSource
                0x3418890c       0x1c ./Drivers/STM32N6xx_HAL_Driver/stm32n6xx_hal_rcc_ex.o
 .text.LL_RCC_IC10_GetDivider
                0x34188928       0x20 ./Drivers/STM32N6xx_HAL_Driver/stm32n6xx_hal_rcc_ex.o
 .text.LL_RCC_IC12_Enable
                0x34188948       0x1c ./Drivers/STM32N6xx_HAL_Driver/stm32n6xx_hal_rcc_ex.o
 .text.LL_RCC_IC12_IsEnabled
                0x34188964       0x28 ./Drivers/STM32N6xx_HAL_Driver/stm32n6xx_hal_rcc_ex.o
 .text.LL_RCC_IC12_GetSource
                0x3418898c       0x1c ./Drivers/STM32N6xx_HAL_Driver/stm32n6xx_hal_rcc_ex.o
 .text.LL_RCC_IC12_GetDivider
                0x341889a8       0x20 ./Drivers/STM32N6xx_HAL_Driver/stm32n6xx_hal_rcc_ex.o
 .text.LL_RCC_IC13_Enable
                0x341889c8       0x1c ./Drivers/STM32N6xx_HAL_Driver/stm32n6xx_hal_rcc_ex.o
 .text.LL_RCC_IC13_IsEnabled
                0x341889e4       0x28 ./Drivers/STM32N6xx_HAL_Driver/stm32n6xx_hal_rcc_ex.o
 .text.LL_RCC_IC13_GetSource
                0x34188a0c       0x1c ./Drivers/STM32N6xx_HAL_Driver/stm32n6xx_hal_rcc_ex.o
 .text.LL_RCC_IC13_GetDivider
                0x34188a28       0x20 ./Drivers/STM32N6xx_HAL_Driver/stm32n6xx_hal_rcc_ex.o
 .text.LL_RCC_IC14_Enable
                0x34188a48       0x1c ./Drivers/STM32N6xx_HAL_Driver/stm32n6xx_hal_rcc_ex.o
 .text.LL_RCC_IC14_IsEnabled
                0x34188a64       0x28 ./Drivers/STM32N6xx_HAL_Driver/stm32n6xx_hal_rcc_ex.o
 .text.LL_RCC_IC14_GetSource
                0x34188a8c       0x1c ./Drivers/STM32N6xx_HAL_Driver/stm32n6xx_hal_rcc_ex.o
 .text.LL_RCC_IC14_GetDivider
                0x34188aa8       0x20 ./Drivers/STM32N6xx_HAL_Driver/stm32n6xx_hal_rcc_ex.o
 .text.LL_RCC_IC15_Enable
                0x34188ac8       0x1c ./Drivers/STM32N6xx_HAL_Driver/stm32n6xx_hal_rcc_ex.o
 .text.LL_RCC_IC15_IsEnabled
                0x34188ae4       0x28 ./Drivers/STM32N6xx_HAL_Driver/stm32n6xx_hal_rcc_ex.o
 .text.LL_RCC_IC15_GetSource
                0x34188b0c       0x1c ./Drivers/STM32N6xx_HAL_Driver/stm32n6xx_hal_rcc_ex.o
 .text.LL_RCC_IC15_GetDivider
                0x34188b28       0x20 ./Drivers/STM32N6xx_HAL_Driver/stm32n6xx_hal_rcc_ex.o
 .text.LL_RCC_IC16_Enable
                0x34188b48       0x1c ./Drivers/STM32N6xx_HAL_Driver/stm32n6xx_hal_rcc_ex.o
 .text.LL_RCC_IC16_IsEnabled
                0x34188b64       0x28 ./Drivers/STM32N6xx_HAL_Driver/stm32n6xx_hal_rcc_ex.o
 .text.LL_RCC_IC16_GetSource
                0x34188b8c       0x1c ./Drivers/STM32N6xx_HAL_Driver/stm32n6xx_hal_rcc_ex.o
 .text.LL_RCC_IC16_GetDivider
                0x34188ba8       0x20 ./Drivers/STM32N6xx_HAL_Driver/stm32n6xx_hal_rcc_ex.o
 .text.LL_RCC_IC17_Enable
                0x34188bc8       0x1c ./Drivers/STM32N6xx_HAL_Driver/stm32n6xx_hal_rcc_ex.o
 .text.LL_RCC_IC17_IsEnabled
                0x34188be4       0x28 ./Drivers/STM32N6xx_HAL_Driver/stm32n6xx_hal_rcc_ex.o
 .text.LL_RCC_IC17_GetSource
                0x34188c0c       0x1c ./Drivers/STM32N6xx_HAL_Driver/stm32n6xx_hal_rcc_ex.o
 .text.LL_RCC_IC17_GetDivider
                0x34188c28       0x20 ./Drivers/STM32N6xx_HAL_Driver/stm32n6xx_hal_rcc_ex.o
 .text.LL_RCC_IC18_Enable
                0x34188c48       0x1c ./Drivers/STM32N6xx_HAL_Driver/stm32n6xx_hal_rcc_ex.o
 .text.LL_RCC_IC18_IsEnabled
                0x34188c64       0x28 ./Drivers/STM32N6xx_HAL_Driver/stm32n6xx_hal_rcc_ex.o
 .text.LL_RCC_IC18_GetSource
                0x34188c8c       0x1c ./Drivers/STM32N6xx_HAL_Driver/stm32n6xx_hal_rcc_ex.o
 .text.LL_RCC_IC18_GetDivider
                0x34188ca8       0x20 ./Drivers/STM32N6xx_HAL_Driver/stm32n6xx_hal_rcc_ex.o
 .text.LL_RCC_IC19_Enable
                0x34188cc8       0x1c ./Drivers/STM32N6xx_HAL_Driver/stm32n6xx_hal_rcc_ex.o
 .text.LL_RCC_IC19_IsEnabled
                0x34188ce4       0x28 ./Drivers/STM32N6xx_HAL_Driver/stm32n6xx_hal_rcc_ex.o
 .text.LL_RCC_IC19_GetSource
                0x34188d0c       0x1c ./Drivers/STM32N6xx_HAL_Driver/stm32n6xx_hal_rcc_ex.o
 .text.LL_RCC_IC19_GetDivider
                0x34188d28       0x20 ./Drivers/STM32N6xx_HAL_Driver/stm32n6xx_hal_rcc_ex.o
 .text.LL_RCC_IC20_Enable
                0x34188d48       0x1c ./Drivers/STM32N6xx_HAL_Driver/stm32n6xx_hal_rcc_ex.o
 .text.LL_RCC_IC20_IsEnabled
                0x34188d64       0x28 ./Drivers/STM32N6xx_HAL_Driver/stm32n6xx_hal_rcc_ex.o
 .text.LL_RCC_IC20_GetSource
                0x34188d8c       0x1c ./Drivers/STM32N6xx_HAL_Driver/stm32n6xx_hal_rcc_ex.o
 .text.LL_RCC_IC20_GetDivider
                0x34188da8       0x20 ./Drivers/STM32N6xx_HAL_Driver/stm32n6xx_hal_rcc_ex.o
 .text.LL_RCC_CLKP_Enable
                0x34188dc8       0x1c ./Drivers/STM32N6xx_HAL_Driver/stm32n6xx_hal_rcc_ex.o
 .text.LL_RCC_CLKP_IsEnabled
                0x34188de4       0x28 ./Drivers/STM32N6xx_HAL_Driver/stm32n6xx_hal_rcc_ex.o
 .text.HAL_RCCEx_PeriphCLKConfig
                0x34188e0c     0x25c8 ./Drivers/STM32N6xx_HAL_Driver/stm32n6xx_hal_rcc_ex.o
                0x34188e0c                HAL_RCCEx_PeriphCLKConfig
 .text.HAL_RCCEx_GetPeriphCLKFreq
                0x3418b3d4      0x938 ./Drivers/STM32N6xx_HAL_Driver/stm32n6xx_hal_rcc_ex.o
                0x3418b3d4                HAL_RCCEx_GetPeriphCLKFreq
 .text.HAL_RCCEx_GetPLL1CLKFreq
                0x3418bd0c       0x8c ./Drivers/STM32N6xx_HAL_Driver/stm32n6xx_hal_rcc_ex.o
                0x3418bd0c                HAL_RCCEx_GetPLL1CLKFreq
 .text.HAL_RCCEx_GetPLL2CLKFreq
                0x3418bd98       0x8c ./Drivers/STM32N6xx_HAL_Driver/stm32n6xx_hal_rcc_ex.o
                0x3418bd98                HAL_RCCEx_GetPLL2CLKFreq
 .text.HAL_RCCEx_GetPLL3CLKFreq
                0x3418be24       0x8c ./Drivers/STM32N6xx_HAL_Driver/stm32n6xx_hal_rcc_ex.o
                0x3418be24                HAL_RCCEx_GetPLL3CLKFreq
 .text.HAL_RCCEx_GetPLL4CLKFreq
                0x3418beb0       0x8c ./Drivers/STM32N6xx_HAL_Driver/stm32n6xx_hal_rcc_ex.o
                0x3418beb0                HAL_RCCEx_GetPLL4CLKFreq
 .text.RCCEx_GetHCLKFreq
                0x3418bf3c       0x22 ./Drivers/STM32N6xx_HAL_Driver/stm32n6xx_hal_rcc_ex.o
 .text.RCCEx_GetPCLK1Freq
                0x3418bf5e       0x20 ./Drivers/STM32N6xx_HAL_Driver/stm32n6xx_hal_rcc_ex.o
 .text.RCCEx_GetPCLK2Freq
                0x3418bf7e       0x22 ./Drivers/STM32N6xx_HAL_Driver/stm32n6xx_hal_rcc_ex.o
 .text.RCCEx_GetPCLK4Freq
                0x3418bfa0       0x22 ./Drivers/STM32N6xx_HAL_Driver/stm32n6xx_hal_rcc_ex.o
 .text.RCCEx_GetPCLK5Freq
                0x3418bfc2       0x22 ./Drivers/STM32N6xx_HAL_Driver/stm32n6xx_hal_rcc_ex.o
 .text.RCCEx_GetPLLSourceFreq
                0x3418bfe4       0xbc ./Drivers/STM32N6xx_HAL_Driver/stm32n6xx_hal_rcc_ex.o
 .text.RCCEx_CalcPLLFreq
                0x3418c0a0       0x98 ./Drivers/STM32N6xx_HAL_Driver/stm32n6xx_hal_rcc_ex.o
 .text.RCCEx_GetADCCLKFreq
                0x3418c138      0x204 ./Drivers/STM32N6xx_HAL_Driver/stm32n6xx_hal_rcc_ex.o
 .text.RCCEx_GetADFCLKFreq
                0x3418c33c      0x1d8 ./Drivers/STM32N6xx_HAL_Driver/stm32n6xx_hal_rcc_ex.o
 .text.RCCEx_GetCLKPCLKFreq
                0x3418c514      0x36c ./Drivers/STM32N6xx_HAL_Driver/stm32n6xx_hal_rcc_ex.o
 .text.RCCEx_GetCSICLKFreq
                0x3418c880       0x98 ./Drivers/STM32N6xx_HAL_Driver/stm32n6xx_hal_rcc_ex.o
 .text.RCCEx_GetDCMIPPCLKFreq
                0x3418c918      0x114 ./Drivers/STM32N6xx_HAL_Driver/stm32n6xx_hal_rcc_ex.o
 .text.RCCEx_GetETH1CLKFreq
                0x3418ca2c      0x100 ./Drivers/STM32N6xx_HAL_Driver/stm32n6xx_hal_rcc_ex.o
 .text.RCCEx_GetETH1PTPCLKFreq
                0x3418cb2c      0x108 ./Drivers/STM32N6xx_HAL_Driver/stm32n6xx_hal_rcc_ex.o
 .text.RCCEx_GetFDCANCLKFreq
                0x3418cc34      0x100 ./Drivers/STM32N6xx_HAL_Driver/stm32n6xx_hal_rcc_ex.o
 .text.RCCEx_GetFMCCLKFreq
                0x3418cd34      0x16e ./Drivers/STM32N6xx_HAL_Driver/stm32n6xx_hal_rcc_ex.o
 *fill*         0x3418cea2        0x2 
 .text.RCCEx_GetI2CCLKFreq
                0x3418cea4      0x350 ./Drivers/STM32N6xx_HAL_Driver/stm32n6xx_hal_rcc_ex.o
 .text.RCCEx_GetI3CCLKFreq
                0x3418d1f4      0x268 ./Drivers/STM32N6xx_HAL_Driver/stm32n6xx_hal_rcc_ex.o
 .text.RCCEx_GetLPTIMCLKFreq
                0x3418d45c      0x354 ./Drivers/STM32N6xx_HAL_Driver/stm32n6xx_hal_rcc_ex.o
 .text.RCCEx_GetLPUARTCLKFreq
                0x3418d7b0      0x204 ./Drivers/STM32N6xx_HAL_Driver/stm32n6xx_hal_rcc_ex.o
 .text.RCCEx_GetLTDCCLKFreq
                0x3418d9b4      0x114 ./Drivers/STM32N6xx_HAL_Driver/stm32n6xx_hal_rcc_ex.o
 .text.RCCEx_GetMDFCLKFreq
                0x3418dac8      0x214 ./Drivers/STM32N6xx_HAL_Driver/stm32n6xx_hal_rcc_ex.o
 .text.RCCEx_GetPSSICLKFreq
                0x3418dcdc      0x104 ./Drivers/STM32N6xx_HAL_Driver/stm32n6xx_hal_rcc_ex.o
 .text.RCCEx_GetRTCCLKFreq
                0x3418dde0       0xa4 ./Drivers/STM32N6xx_HAL_Driver/stm32n6xx_hal_rcc_ex.o
 .text.RCCEx_GetSAICLKFreq
                0x3418de84      0x2cc ./Drivers/STM32N6xx_HAL_Driver/stm32n6xx_hal_rcc_ex.o
 .text.RCCEx_GetSDMMCCLKFreq
                0x3418e150      0x1d4 ./Drivers/STM32N6xx_HAL_Driver/stm32n6xx_hal_rcc_ex.o
 .text.RCCEx_GetSPDIFRXCLKFreq
                0x3418e324      0x1c8 ./Drivers/STM32N6xx_HAL_Driver/stm32n6xx_hal_rcc_ex.o
 .text.RCCEx_GetSPICLKFreq
                0x3418e4ec      0x5a4 ./Drivers/STM32N6xx_HAL_Driver/stm32n6xx_hal_rcc_ex.o
 .text.RCCEx_GetUARTCLKFreq
                0x3418ea90      0x454 ./Drivers/STM32N6xx_HAL_Driver/stm32n6xx_hal_rcc_ex.o
 .text.RCCEx_GetUSARTCLKFreq
                0x3418eee4      0x454 ./Drivers/STM32N6xx_HAL_Driver/stm32n6xx_hal_rcc_ex.o
 .text.RCCEx_GetOTGPHYCLKFreq
                0x3418f338      0x16c ./Drivers/STM32N6xx_HAL_Driver/stm32n6xx_hal_rcc_ex.o
 .text.RCCEx_GetOTGPHYCKREFCLKFreq
                0x3418f4a4       0xa0 ./Drivers/STM32N6xx_HAL_Driver/stm32n6xx_hal_rcc_ex.o
 .text.RCCEx_GetXSPICLKFreq
                0x3418f544      0x220 ./Drivers/STM32N6xx_HAL_Driver/stm32n6xx_hal_rcc_ex.o
 .text.HAL_RNG_Init
                0x3418f764      0x132 ./Drivers/STM32N6xx_HAL_Driver/stm32n6xx_hal_rng.o
                0x3418f764                HAL_RNG_Init
 .text.HAL_UART_Init
                0x3418f896       0xa0 ./Drivers/STM32N6xx_HAL_Driver/stm32n6xx_hal_uart.o
                0x3418f896                HAL_UART_Init
 .text.HAL_UART_Transmit
                0x3418f936      0x132 ./Drivers/STM32N6xx_HAL_Driver/stm32n6xx_hal_uart.o
                0x3418f936                HAL_UART_Transmit
 .text.HAL_UART_Receive
                0x3418fa68      0x1a0 ./Drivers/STM32N6xx_HAL_Driver/stm32n6xx_hal_uart.o
                0x3418fa68                HAL_UART_Receive
 .text.UART_SetConfig
                0x3418fc08      0x3d8 ./Drivers/STM32N6xx_HAL_Driver/stm32n6xx_hal_uart.o
                0x3418fc08                UART_SetConfig
 .text.UART_AdvFeatureConfig
                0x3418ffe0      0x144 ./Drivers/STM32N6xx_HAL_Driver/stm32n6xx_hal_uart.o
                0x3418ffe0                UART_AdvFeatureConfig
 .text.UART_CheckIdleState
                0x34190124      0x154 ./Drivers/STM32N6xx_HAL_Driver/stm32n6xx_hal_uart.o
                0x34190124                UART_CheckIdleState
 .text.UART_WaitOnFlagUntilTimeout
                0x34190278       0xda ./Drivers/STM32N6xx_HAL_Driver/stm32n6xx_hal_uart.o
                0x34190278                UART_WaitOnFlagUntilTimeout
 .text.UART_EndRxTransfer
                0x34190352       0xcc ./Drivers/STM32N6xx_HAL_Driver/stm32n6xx_hal_uart.o
 .text.HAL_UARTEx_DisableFifoMode
                0x3419041e       0x72 ./Drivers/STM32N6xx_HAL_Driver/stm32n6xx_hal_uart_ex.o
                0x3419041e                HAL_UARTEx_DisableFifoMode
 .text.HAL_UARTEx_SetTxFifoThreshold
                0x34190490       0x7c ./Drivers/STM32N6xx_HAL_Driver/stm32n6xx_hal_uart_ex.o
                0x34190490                HAL_UARTEx_SetTxFifoThreshold
 .text.HAL_UARTEx_SetRxFifoThreshold
                0x3419050c       0x7c ./Drivers/STM32N6xx_HAL_Driver/stm32n6xx_hal_uart_ex.o
                0x3419050c                HAL_UARTEx_SetRxFifoThreshold
 .text.UARTEx_SetNbDataToProcess
                0x34190588       0x9c ./Drivers/STM32N6xx_HAL_Driver/stm32n6xx_hal_uart_ex.o
 .text.LL_AHB5_GRP1_IsEnabledClock
                0x34190624       0x30 ./Drivers/STM32N6xx_HAL_Driver/stm32n6xx_hal_xspi.o
 .text.HAL_XSPI_Init
                0x34190654      0x220 ./Drivers/STM32N6xx_HAL_Driver/stm32n6xx_hal_xspi.o
                0x34190654                HAL_XSPI_Init
 .text.HAL_XSPI_IRQHandler
                0x34190874      0x2a8 ./Drivers/STM32N6xx_HAL_Driver/stm32n6xx_hal_xspi.o
                0x34190874                HAL_XSPI_IRQHandler
 .text.HAL_XSPI_Command
                0x34190b1c      0x120 ./Drivers/STM32N6xx_HAL_Driver/stm32n6xx_hal_xspi.o
                0x34190b1c                HAL_XSPI_Command
 .text.HAL_XSPI_Transmit
                0x34190c3c       0xe6 ./Drivers/STM32N6xx_HAL_Driver/stm32n6xx_hal_xspi.o
                0x34190c3c                HAL_XSPI_Transmit
 .text.HAL_XSPI_AutoPolling
                0x34190d22      0x114 ./Drivers/STM32N6xx_HAL_Driver/stm32n6xx_hal_xspi.o
                0x34190d22                HAL_XSPI_AutoPolling
 .text.HAL_XSPI_MemoryMapped
                0x34190e36       0xd8 ./Drivers/STM32N6xx_HAL_Driver/stm32n6xx_hal_xspi.o
                0x34190e36                HAL_XSPI_MemoryMapped
 .text.HAL_XSPI_ErrorCallback
                0x34190f0e       0x14 ./Drivers/STM32N6xx_HAL_Driver/stm32n6xx_hal_xspi.o
                0x34190f0e                HAL_XSPI_ErrorCallback
 .text.HAL_XSPI_AbortCpltCallback
                0x34190f22       0x14 ./Drivers/STM32N6xx_HAL_Driver/stm32n6xx_hal_xspi.o
                0x34190f22                HAL_XSPI_AbortCpltCallback
 .text.HAL_XSPI_FifoThresholdCallback
                0x34190f36       0x14 ./Drivers/STM32N6xx_HAL_Driver/stm32n6xx_hal_xspi.o
                0x34190f36                HAL_XSPI_FifoThresholdCallback
 .text.HAL_XSPI_CmdCpltCallback
                0x34190f4a       0x14 ./Drivers/STM32N6xx_HAL_Driver/stm32n6xx_hal_xspi.o
                0x34190f4a                HAL_XSPI_CmdCpltCallback
 .text.HAL_XSPI_RxCpltCallback
                0x34190f5e       0x14 ./Drivers/STM32N6xx_HAL_Driver/stm32n6xx_hal_xspi.o
                0x34190f5e                HAL_XSPI_RxCpltCallback
 .text.HAL_XSPI_TxCpltCallback
                0x34190f72       0x14 ./Drivers/STM32N6xx_HAL_Driver/stm32n6xx_hal_xspi.o
                0x34190f72                HAL_XSPI_TxCpltCallback
 .text.HAL_XSPI_StatusMatchCallback
                0x34190f86       0x14 ./Drivers/STM32N6xx_HAL_Driver/stm32n6xx_hal_xspi.o
                0x34190f86                HAL_XSPI_StatusMatchCallback
 .text.HAL_XSPI_TimeOutCallback
                0x34190f9a       0x14 ./Drivers/STM32N6xx_HAL_Driver/stm32n6xx_hal_xspi.o
                0x34190f9a                HAL_XSPI_TimeOutCallback
 .text.HAL_XSPI_Abort
                0x34190fae      0x10e ./Drivers/STM32N6xx_HAL_Driver/stm32n6xx_hal_xspi.o
                0x34190fae                HAL_XSPI_Abort
 .text.HAL_XSPI_SetTimeout
                0x341910bc       0x1e ./Drivers/STM32N6xx_HAL_Driver/stm32n6xx_hal_xspi.o
                0x341910bc                HAL_XSPI_SetTimeout
 *fill*         0x341910da        0x2 
 .text.HAL_XSPIM_Config
                0x341910dc      0x258 ./Drivers/STM32N6xx_HAL_Driver/stm32n6xx_hal_xspi.o
                0x341910dc                HAL_XSPIM_Config
 .text.XSPI_DMAAbortCplt
                0x34191334       0x78 ./Drivers/STM32N6xx_HAL_Driver/stm32n6xx_hal_xspi.o
 .text.XSPI_WaitFlagStateUntilTimeout
                0x341913ac       0x6c ./Drivers/STM32N6xx_HAL_Driver/stm32n6xx_hal_xspi.o
 .text.XSPI_ConfigCmd
                0x34191418      0x314 ./Drivers/STM32N6xx_HAL_Driver/stm32n6xx_hal_xspi.o
 .text.XSPIM_GetConfig
                0x3419172c       0xc8 ./Drivers/STM32N6xx_HAL_Driver/stm32n6xx_hal_xspi.o
 .text.memcmp   0x341917f4       0x20 /opt/st/stm32cubeide_2.0.0/plugins/com.st.stm32cube.ide.mcu.externaltools.gnu-tools-for-stm32.13.3.rel1.linux64_1.0.100.202509120712/tools/bin/../lib/gcc/arm-none-eabi/13.3.1/../../../../arm-none-eabi/lib/thumb/v8-m.main+dp/hard/libc_nano.a(libc_a-memcmp.o)
                0x341917f4                memcmp
 .text.memset   0x34191814       0x10 /opt/st/stm32cubeide_2.0.0/plugins/com.st.stm32cube.ide.mcu.externaltools.gnu-tools-for-stm32.13.3.rel1.linux64_1.0.100.202509120712/tools/bin/../lib/gcc/arm-none-eabi/13.3.1/../../../../arm-none-eabi/lib/thumb/v8-m.main+dp/hard/libc_nano.a(libc_a-memset.o)
                0x34191814                memset
 .text.__libc_init_array
                0x34191824       0x48 /opt/st/stm32cubeide_2.0.0/plugins/com.st.stm32cube.ide.mcu.externaltools.gnu-tools-for-stm32.13.3.rel1.linux64_1.0.100.202509120712/tools/bin/../lib/gcc/arm-none-eabi/13.3.1/../../../../arm-none-eabi/lib/thumb/v8-m.main+dp/hard/libc_nano.a(libc_a-init.o)
                0x34191824                __libc_init_array
 *(.glue_7)
 .glue_7        0x3419186c        0x0 linker stubs
 *(.glue_7t)
 .glue_7t       0x3419186c        0x0 linker stubs
 *(.eh_frame)
 .eh_frame      0x3419186c        0x0 /opt/st/stm32cubeide_2.0.0/plugins/com.st.stm32cube.ide.mcu.externaltools.gnu-tools-for-stm32.13.3.rel1.linux64_1.0.100.202509120712/tools/bin/../lib/gcc/arm-none-eabi/13.3.1/thumb/v8-m.main+dp/hard/crtbegin.o
 *(.RamFunc)
 *(.RamFunc*)
 *(.init)
 .init          0x3419186c        0x4 /opt/st/stm32cubeide_2.0.0/plugins/com.st.stm32cube.ide.mcu.externaltools.gnu-tools-for-stm32.13.3.rel1.linux64_1.0.100.202509120712/tools/bin/../lib/gcc/arm-none-eabi/13.3.1/thumb/v8-m.main+dp/hard/crti.o
                0x3419186c                _init
 .init          0x34191870        0x8 /opt/st/stm32cubeide_2.0.0/plugins/com.st.stm32cube.ide.mcu.externaltools.gnu-tools-for-stm32.13.3.rel1.linux64_1.0.100.202509120712/tools/bin/../lib/gcc/arm-none-eabi/13.3.1/thumb/v8-m.main+dp/hard/crtn.o
 *(.fini)
 .fini          0x34191878        0x4 /opt/st/stm32cubeide_2.0.0/plugins/com.st.stm32cube.ide.mcu.externaltools.gnu-tools-for-stm32.13.3.rel1.linux64_1.0.100.202509120712/tools/bin/../lib/gcc/arm-none-eabi/13.3.1/thumb/v8-m.main+dp/hard/crti.o
                0x34191878                _fini
 .fini          0x3419187c        0x8 /opt/st/stm32cubeide_2.0.0/plugins/com.st.stm32cube.ide.mcu.externaltools.gnu-tools-for-stm32.13.3.rel1.linux64_1.0.100.202509120712/tools/bin/../lib/gcc/arm-none-eabi/13.3.1/thumb/v8-m.main+dp/hard/crtn.o
                0x34191884                        . = ALIGN (0x4)
                0x34191884                        _etext = .

.vfp11_veneer   0x34191884        0x0
 .vfp11_veneer  0x34191884        0x0 linker stubs

.v4_bx          0x34191884        0x0
 .v4_bx         0x34191884        0x0 linker stubs

.iplt           0x34191884        0x0
 .iplt          0x34191884        0x0 /opt/st/stm32cubeide_2.0.0/plugins/com.st.stm32cube.ide.mcu.externaltools.gnu-tools-for-stm32.13.3.rel1.linux64_1.0.100.202509120712/tools/bin/../lib/gcc/arm-none-eabi/13.3.1/thumb/v8-m.main+dp/hard/crtbegin.o

.rodata         0x34191884       0xbc
                0x34191884                        . = ALIGN (0x4)
 *(.rodata)
 .rodata        0x34191884       0x5c ./Application/User/main.o
 .rodata        0x341918e0       0x30 ./Drivers/STM32N6xx_HAL_Driver/stm32n6xx_hal_cryp.o
 *(.rodata*)
 .rodata.LED_PIN
                0x34191910        0x8 ./Drivers/BSP/STM32N6570-DK/stm32n6570_discovery.o
 .rodata.UARTPrescTable
                0x34191918       0x18 ./Drivers/STM32N6xx_HAL_Driver/stm32n6xx_hal_uart.o
                0x34191918                UARTPrescTable
 .rodata.numerator.1
                0x34191930        0x8 ./Drivers/STM32N6xx_HAL_Driver/stm32n6xx_hal_uart_ex.o
 .rodata.denominator.0
                0x34191938        0x8 ./Drivers/STM32N6xx_HAL_Driver/stm32n6xx_hal_uart_ex.o
                0x34191940                        . = ALIGN (0x4)

.ARM.extab      0x34191940        0x0
                0x34191940                        . = ALIGN (0x4)
 *(.ARM.extab* .gnu.linkonce.armextab.*)
                0x34191940                        . = ALIGN (0x4)

.ARM            0x34191940        0x8
                0x34191940                        . = ALIGN (0x4)
                0x34191940                        __exidx_start = .
 *(.ARM.exidx*)
 .ARM.exidx     0x34191940        0x8 /opt/st/stm32cubeide_2.0.0/plugins/com.st.stm32cube.ide.mcu.externaltools.gnu-tools-for-stm32.13.3.rel1.linux64_1.0.100.202509120712/tools/bin/../lib/gcc/arm-none-eabi/13.3.1/../../../../arm-none-eabi/lib/thumb/v8-m.main+dp/hard/libc_nano.a(libc_a-strlen.o)
 .ARM.exidx     0x34191948        0x0 /opt/st/stm32cubeide_2.0.0/plugins/com.st.stm32cube.ide.mcu.externaltools.gnu-tools-for-stm32.13.3.rel1.linux64_1.0.100.202509120712/tools/bin/../lib/gcc/arm-none-eabi/13.3.1/thumb/v8-m.main+dp/hard/libgcc.a(_udivmoddi4.o)
                                  0x8 (size before relaxing)
                0x34191948                        __exidx_end = .
                0x34191948                        . = ALIGN (0x4)

.preinit_array  0x34191948        0x0
                0x34191948                        . = ALIGN (0x4)
                0x34191948                        PROVIDE (__preinit_array_start = .)
 *(.preinit_array*)
                0x34191948                        PROVIDE (__preinit_array_end = .)
                0x34191948                        . = ALIGN (0x4)

.init_array     0x34191948        0x4
                0x34191948                        . = ALIGN (0x4)
                0x34191948                        PROVIDE (__init_array_start = .)
 *(SORT_BY_NAME(.init_array.*))
 *(.init_array*)
 .init_array    0x34191948        0x4 /opt/st/stm32cubeide_2.0.0/plugins/com.st.stm32cube.ide.mcu.externaltools.gnu-tools-for-stm32.13.3.rel1.linux64_1.0.100.202509120712/tools/bin/../lib/gcc/arm-none-eabi/13.3.1/thumb/v8-m.main+dp/hard/crtbegin.o
                0x3419194c                        PROVIDE (__init_array_end = .)
                0x3419194c                        . = ALIGN (0x4)

.fini_array     0x3419194c        0x4
                0x3419194c                        . = ALIGN (0x4)
                [!provide]                        PROVIDE (__fini_array_start = .)
 *(SORT_BY_NAME(.fini_array.*))
 *(.fini_array*)
 .fini_array    0x3419194c        0x4 /opt/st/stm32cubeide_2.0.0/plugins/com.st.stm32cube.ide.mcu.externaltools.gnu-tools-for-stm32.13.3.rel1.linux64_1.0.100.202509120712/tools/bin/../lib/gcc/arm-none-eabi/13.3.1/thumb/v8-m.main+dp/hard/crtbegin.o
                [!provide]                        PROVIDE (__fini_array_end = .)
                0x34191950                        . = ALIGN (0x4)
                0x34191950                        _sidata = LOADADDR (.data)

.rel.dyn        0x34191950        0x0
 .rel.iplt      0x34191950        0x0 /opt/st/stm32cubeide_2.0.0/plugins/com.st.stm32cube.ide.mcu.externaltools.gnu-tools-for-stm32.13.3.rel1.linux64_1.0.100.202509120712/tools/bin/../lib/gcc/arm-none-eabi/13.3.1/thumb/v8-m.main+dp/hard/crtbegin.o

.data           0x341c0000       0x14 load address 0x34191950
                0x341c0000                        . = ALIGN (0x4)
                0x341c0000                        _sdata = .
 *(.data)
 *(.data*)
 .data.LED_PORT
                0x341c0000        0x8 ./Drivers/BSP/STM32N6570-DK/stm32n6570_discovery.o
 .data.SystemCoreClock
                0x341c0008        0x4 ./Drivers/CMSIS/system_stm32n6xx_fsbl.o
                0x341c0008                SystemCoreClock
 .data.uwTickPrio
                0x341c000c        0x4 ./Drivers/STM32N6xx_HAL_Driver/stm32n6xx_hal.o
                0x341c000c                uwTickPrio
 .data.uwTickFreq
                0x341c0010        0x1 ./Drivers/STM32N6xx_HAL_Driver/stm32n6xx_hal.o
                0x341c0010                uwTickFreq
                0x341c0014                        . = ALIGN (0x4)
 *fill*         0x341c0011        0x3 
                0x341c0014                        _edata = .

.igot.plt       0x341c0014        0x0 load address 0x34191964
 .igot.plt      0x341c0014        0x0 /opt/st/stm32cubeide_2.0.0/plugins/com.st.stm32cube.ide.mcu.externaltools.gnu-tools-for-stm32.13.3.rel1.linux64_1.0.100.202509120712/tools/bin/../lib/gcc/arm-none-eabi/13.3.1/thumb/v8-m.main+dp/hard/crtbegin.o

.noncacheable   0x341c0014        0x4 load address 0x34191964
                0x341c0018                        . = ALIGN (0x8)
 *fill*         0x341c0014        0x4 
                0x341c0018                        __snoncacheable = .
 *(.noncacheable)
                0x341c0018                        . = ALIGN (0x8)
                0x341c0018                        __enoncacheable = .

.gnu.sgstubs    0x34191980       0x20
                0x34191980                        . = ALIGN (0x4)
 *(.gnu.sgstubs*)
                0x34191980                        . = ALIGN (0x4)
 .gnu.sgstubs.__stub
                0x34191980        0x8 linker stubs
                0x34191980                SECURE_SystemCoreClockUpdate
                0x34191988                        . = ALIGN (0x4)

.bss            0x341c0018      0x198
                0x341c0018                        _sbss = .
                0x341c0018                        __bss_start__ = _sbss
 *(.bss)
 .bss           0x341c0018       0x1c /opt/st/stm32cubeide_2.0.0/plugins/com.st.stm32cube.ide.mcu.externaltools.gnu-tools-for-stm32.13.3.rel1.linux64_1.0.100.202509120712/tools/bin/../lib/gcc/arm-none-eabi/13.3.1/thumb/v8-m.main+dp/hard/crtbegin.o
 *(.bss*)
 .bss.hrng      0x341c0034       0x14 ./Application/User/main.o
                0x341c0034                hrng
 .bss.hcryp     0x341c0048       0x6c ./Application/User/main.o
                0x341c0048                hcryp
 .bss.huart1    0x341c00b4       0x94 ./Application/User/main.o
                0x341c00b4                huart1
 .bss.hxspi2    0x341c0148       0x64 ./Application/User/main.o
                0x341c0148                hxspi2
 .bss.uwTick    0x341c01ac        0x4 ./Drivers/STM32N6xx_HAL_Driver/stm32n6xx_hal.o
                0x341c01ac                uwTick
 *(COMMON)
                0x341c01b0                        . = ALIGN (0x4)
                0x341c01b0                        _ebss = .
                0x341c01b0                        __bss_end__ = _ebss

._user_heap_stack
                0x341c01b0      0xa00
                0x341c01b0                        . = ALIGN (0x8)
                [!provide]                        PROVIDE (end = .)
                0x341c01b0                        PROVIDE (_end = .)
                0x341c03b0                        . = (. + _Min_Heap_Size)
 *fill*         0x341c01b0      0x200 
                0x341c0bb0                        . = (. + _Min_Stack_Size)
 *fill*         0x341c03b0      0x800 
                0x341c0bb0                        . = ALIGN (0x8)

/DISCARD/
 libc.a(*)
 libm.a(*)
 libgcc.a(*)

.ARM.attributes
                0x00000000       0x3a
 *(.ARM.attributes)
 .ARM.attributes
                0x00000000       0x24 /opt/st/stm32cubeide_2.0.0/plugins/com.st.stm32cube.ide.mcu.externaltools.gnu-tools-for-stm32.13.3.rel1.linux64_1.0.100.202509120712/tools/bin/../lib/gcc/arm-none-eabi/13.3.1/thumb/v8-m.main+dp/hard/crti.o
 .ARM.attributes
                0x00000024       0x36 /opt/st/stm32cubeide_2.0.0/plugins/com.st.stm32cube.ide.mcu.externaltools.gnu-tools-for-stm32.13.3.rel1.linux64_1.0.100.202509120712/tools/bin/../lib/gcc/arm-none-eabi/13.3.1/thumb/v8-m.main+dp/hard/crtbegin.o
 .ARM.attributes
                0x0000005a       0x22 ./Application/Startup/startup_stm32n657x0hxq_fsbl.o
 .ARM.attributes
                0x0000007c       0x3e ./Application/User/main.o
 .ARM.attributes
                0x000000ba       0x3e ./Application/User/stm32n6xx_hal_msp.o
 .ARM.attributes
                0x000000f8       0x3e ./Application/User/stm32n6xx_it.o
 .ARM.attributes
                0x00000136       0x3e ./Drivers/BSP/STM32N6570-DK/stm32n6570_discovery.o
 .ARM.attributes
                0x00000174       0x3e ./Drivers/CMSIS/system_stm32n6xx_fsbl.o
 .ARM.attributes
                0x000001b2       0x3e ./Drivers/STM32N6xx_HAL_Driver/stm32n6xx_hal.o
 .ARM.attributes
                0x000001f0       0x3e ./Drivers/STM32N6xx_HAL_Driver/stm32n6xx_hal_cortex.o
 .ARM.attributes
                0x0000022e       0x3e ./Drivers/STM32N6xx_HAL_Driver/stm32n6xx_hal_cryp.o
 .ARM.attributes
                0x0000026c       0x3e ./Drivers/STM32N6xx_HAL_Driver/stm32n6xx_hal_cryp_ex.o
 .ARM.attributes
                0x000002aa       0x3e ./Drivers/STM32N6xx_HAL_Driver/stm32n6xx_hal_dma.o
 .ARM.attributes
                0x000002e8       0x3e ./Drivers/STM32N6xx_HAL_Driver/stm32n6xx_hal_gpio.o
 .ARM.attributes
                0x00000326       0x3e ./Drivers/STM32N6xx_HAL_Driver/stm32n6xx_hal_pwr_ex.o
 .ARM.attributes
                0x00000364       0x3e ./Drivers/STM32N6xx_HAL_Driver/stm32n6xx_hal_rcc.o
 .ARM.attributes
                0x000003a2       0x3e ./Drivers/STM32N6xx_HAL_Driver/stm32n6xx_hal_rcc_ex.o
 .ARM.attributes
                0x000003e0       0x3e ./Drivers/STM32N6xx_HAL_Driver/stm32n6xx_hal_rng.o
 .ARM.attributes
                0x0000041e       0x3e ./Drivers/STM32N6xx_HAL_Driver/stm32n6xx_hal_uart.o
 .ARM.attributes
                0x0000045c       0x3e ./Drivers/STM32N6xx_HAL_Driver/stm32n6xx_hal_uart_ex.o
 .ARM.attributes
                0x0000049a       0x3e ./Drivers/STM32N6xx_HAL_Driver/stm32n6xx_hal_xspi.o
 .ARM.attributes
                0x000004d8       0x36 /opt/st/stm32cubeide_2.0.0/plugins/com.st.stm32cube.ide.mcu.externaltools.gnu-tools-for-stm32.13.3.rel1.linux64_1.0.100.202509120712/tools/bin/../lib/gcc/arm-none-eabi/13.3.1/../../../../arm-none-eabi/lib/thumb/v8-m.main+dp/hard/libc_nano.a(libc_a-memcmp.o)
 .ARM.attributes
                0x0000050e       0x36 /opt/st/stm32cubeide_2.0.0/plugins/com.st.stm32cube.ide.mcu.externaltools.gnu-tools-for-stm32.13.3.rel1.linux64_1.0.100.202509120712/tools/bin/../lib/gcc/arm-none-eabi/13.3.1/../../../../arm-none-eabi/lib/thumb/v8-m.main+dp/hard/libc_nano.a(libc_a-memset.o)
 .ARM.attributes
                0x00000544       0x36 /opt/st/stm32cubeide_2.0.0/plugins/com.st.stm32cube.ide.mcu.externaltools.gnu-tools-for-stm32.13.3.rel1.linux64_1.0.100.202509120712/tools/bin/../lib/gcc/arm-none-eabi/13.3.1/../../../../arm-none-eabi/lib/thumb/v8-m.main+dp/hard/libc_nano.a(libc_a-init.o)
 .ARM.attributes
                0x0000057a       0x22 /opt/st/stm32cubeide_2.0.0/plugins/com.st.stm32cube.ide.mcu.externaltools.gnu-tools-for-stm32.13.3.rel1.linux64_1.0.100.202509120712/tools/bin/../lib/gcc/arm-none-eabi/13.3.1/../../../../arm-none-eabi/lib/thumb/v8-m.main+dp/hard/libc_nano.a(libc_a-strlen.o)
 .ARM.attributes
                0x0000059c       0x24 /opt/st/stm32cubeide_2.0.0/plugins/com.st.stm32cube.ide.mcu.externaltools.gnu-tools-for-stm32.13.3.rel1.linux64_1.0.100.202509120712/tools/bin/../lib/gcc/arm-none-eabi/13.3.1/thumb/v8-m.main+dp/hard/libgcc.a(_aeabi_uldivmod.o)
 .ARM.attributes
                0x000005c0       0x36 /opt/st/stm32cubeide_2.0.0/plugins/com.st.stm32cube.ide.mcu.externaltools.gnu-tools-for-stm32.13.3.rel1.linux64_1.0.100.202509120712/tools/bin/../lib/gcc/arm-none-eabi/13.3.1/thumb/v8-m.main+dp/hard/libgcc.a(_udivmoddi4.o)
 .ARM.attributes
                0x000005f6       0x24 /opt/st/stm32cubeide_2.0.0/plugins/com.st.stm32cube.ide.mcu.externaltools.gnu-tools-for-stm32.13.3.rel1.linux64_1.0.100.202509120712/tools/bin/../lib/gcc/arm-none-eabi/13.3.1/thumb/v8-m.main+dp/hard/libgcc.a(_dvmd_tls.o)
 .ARM.attributes
                0x0000061a       0x24 /opt/st/stm32cubeide_2.0.0/plugins/com.st.stm32cube.ide.mcu.externaltools.gnu-tools-for-stm32.13.3.rel1.linux64_1.0.100.202509120712/tools/bin/../lib/gcc/arm-none-eabi/13.3.1/thumb/v8-m.main+dp/hard/crtn.o
OUTPUT(CRYP_SAES_WrapKey_FSBL.elf elf32-littlearm)
LOAD linker stubs
LOAD /opt/st/stm32cubeide_2.0.0/plugins/com.st.stm32cube.ide.mcu.externaltools.gnu-tools-for-stm32.13.3.rel1.linux64_1.0.100.202509120712/tools/bin/../lib/gcc/arm-none-eabi/13.3.1/../../../../arm-none-eabi/lib/thumb/v8-m.main+dp/hard/libc.a
LOAD /opt/st/stm32cubeide_2.0.0/plugins/com.st.stm32cube.ide.mcu.externaltools.gnu-tools-for-stm32.13.3.rel1.linux64_1.0.100.202509120712/tools/bin/../lib/gcc/arm-none-eabi/13.3.1/../../../../arm-none-eabi/lib/thumb/v8-m.main+dp/hard/libm.a
LOAD /opt/st/stm32cubeide_2.0.0/plugins/com.st.stm32cube.ide.mcu.externaltools.gnu-tools-for-stm32.13.3.rel1.linux64_1.0.100.202509120712/tools/bin/../lib/gcc/arm-none-eabi/13.3.1/thumb/v8-m.main+dp/hard/libgcc.a

.debug_line     0x00000000    0x1e247
 .debug_line    0x00000000       0x7e ./Application/Startup/startup_stm32n657x0hxq_fsbl.o
 .debug_line    0x0000007e     0x10b5 ./Application/User/main.o
 .debug_line    0x00001133      0xc28 ./Application/User/stm32n6xx_hal_msp.o
 .debug_line    0x00001d5b      0xae3 ./Application/User/stm32n6xx_it.o
 .debug_line    0x0000283e      0xbe8 ./Drivers/BSP/STM32N6570-DK/stm32n6570_discovery.o
 .debug_line    0x00003426      0xc3e ./Drivers/CMSIS/system_stm32n6xx_fsbl.o
 .debug_line    0x00004064     0x1685 ./Drivers/STM32N6xx_HAL_Driver/stm32n6xx_hal.o
 .debug_line    0x000056e9     0x102b ./Drivers/STM32N6xx_HAL_Driver/stm32n6xx_hal_cortex.o
 .debug_line    0x00006714     0x53f4 ./Drivers/STM32N6xx_HAL_Driver/stm32n6xx_hal_cryp.o
 .debug_line    0x0000bb08     0x125e ./Drivers/STM32N6xx_HAL_Driver/stm32n6xx_hal_cryp_ex.o
 .debug_line    0x0000cd66     0x180b ./Drivers/STM32N6xx_HAL_Driver/stm32n6xx_hal_dma.o
 .debug_line    0x0000e571     0x10ad ./Drivers/STM32N6xx_HAL_Driver/stm32n6xx_hal_gpio.o
 .debug_line    0x0000f61e     0x139f ./Drivers/STM32N6xx_HAL_Driver/stm32n6xx_hal_pwr_ex.o
 .debug_line    0x000109bd     0x2218 ./Drivers/STM32N6xx_HAL_Driver/stm32n6xx_hal_rcc.o
 .debug_line    0x00012bd5     0x4850 ./Drivers/STM32N6xx_HAL_Driver/stm32n6xx_hal_rcc_ex.o
 .debug_line    0x00017425      0xc43 ./Drivers/STM32N6xx_HAL_Driver/stm32n6xx_hal_rng.o
 .debug_line    0x00018068     0x3776 ./Drivers/STM32N6xx_HAL_Driver/stm32n6xx_hal_uart.o
 .debug_line    0x0001b7de      0xe47 ./Drivers/STM32N6xx_HAL_Driver/stm32n6xx_hal_uart_ex.o
 .debug_line    0x0001c625     0x1c22 ./Drivers/STM32N6xx_HAL_Driver/stm32n6xx_hal_xspi.o

.debug_line_str
                0x00000000       0x9e
 .debug_line_str
                0x00000000       0x9e ./Application/Startup/startup_stm32n657x0hxq_fsbl.o

.debug_info     0x00000000    0x21418
 .debug_info    0x00000000       0x30 ./Application/Startup/startup_stm32n657x0hxq_fsbl.o
 .debug_info    0x00000030     0x3509 ./Application/User/main.o
 .debug_info    0x00003539     0x30ff ./Application/User/stm32n6xx_hal_msp.o
 .debug_info    0x00006638      0xaa8 ./Application/User/stm32n6xx_it.o
 .debug_info    0x000070e0     0x1cfd ./Drivers/BSP/STM32N6570-DK/stm32n6570_discovery.o
 .debug_info    0x00008ddd     0x1a83 ./Drivers/CMSIS/system_stm32n6xx_fsbl.o
 .debug_info    0x0000a860     0x27e2 ./Drivers/STM32N6xx_HAL_Driver/stm32n6xx_hal.o
 .debug_info    0x0000d042     0x1491 ./Drivers/STM32N6xx_HAL_Driver/stm32n6xx_hal_cortex.o
 .debug_info    0x0000e4d3     0x1bf2 ./Drivers/STM32N6xx_HAL_Driver/stm32n6xx_hal_cryp.o
 .debug_info    0x000100c5      0xe10 ./Drivers/STM32N6xx_HAL_Driver/stm32n6xx_hal_cryp_ex.o
 .debug_info    0x00010ed5      0xbfa ./Drivers/STM32N6xx_HAL_Driver/stm32n6xx_hal_dma.o
 .debug_info    0x00011acf      0xafd ./Drivers/STM32N6xx_HAL_Driver/stm32n6xx_hal_gpio.o
 .debug_info    0x000125cc      0xd08 ./Drivers/STM32N6xx_HAL_Driver/stm32n6xx_hal_pwr_ex.o
 .debug_info    0x000132d4     0x2161 ./Drivers/STM32N6xx_HAL_Driver/stm32n6xx_hal_rcc.o
 .debug_info    0x00015435     0x3841 ./Drivers/STM32N6xx_HAL_Driver/stm32n6xx_hal_rcc_ex.o
 .debug_info    0x00018c76      0x4e0 ./Drivers/STM32N6xx_HAL_Driver/stm32n6xx_hal_rng.o
 .debug_info    0x00019156     0x45b3 ./Drivers/STM32N6xx_HAL_Driver/stm32n6xx_hal_uart.o
 .debug_info    0x0001d709     0x10f3 ./Drivers/STM32N6xx_HAL_Driver/stm32n6xx_hal_uart_ex.o
 .debug_info    0x0001e7fc     0x2c1c ./Drivers/STM32N6xx_HAL_Driver/stm32n6xx_hal_xspi.o

.debug_abbrev   0x00000000     0x2f27
 .debug_abbrev  0x00000000       0x24 ./Application/Startup/startup_stm32n657x0hxq_fsbl.o
 .debug_abbrev  0x00000024      0x3d4 ./Application/User/main.o
 .debug_abbrev  0x000003f8      0x272 ./Application/User/stm32n6xx_hal_msp.o
 .debug_abbrev  0x0000066a      0x1b3 ./Application/User/stm32n6xx_it.o
 .debug_abbrev  0x0000081d      0x328 ./Drivers/BSP/STM32N6570-DK/stm32n6570_discovery.o
 .debug_abbrev  0x00000b45      0x164 ./Drivers/CMSIS/system_stm32n6xx_fsbl.o
 .debug_abbrev  0x00000ca9      0x2bd ./Drivers/STM32N6xx_HAL_Driver/stm32n6xx_hal.o
 .debug_abbrev  0x00000f66      0x330 ./Drivers/STM32N6xx_HAL_Driver/stm32n6xx_hal_cortex.o
 .debug_abbrev  0x00001296      0x2d7 ./Drivers/STM32N6xx_HAL_Driver/stm32n6xx_hal_cryp.o
 .debug_abbrev  0x0000156d      0x25e ./Drivers/STM32N6xx_HAL_Driver/stm32n6xx_hal_cryp_ex.o
 .debug_abbrev  0x000017cb      0x1dd ./Drivers/STM32N6xx_HAL_Driver/stm32n6xx_hal_dma.o
 .debug_abbrev  0x000019a8      0x24d ./Drivers/STM32N6xx_HAL_Driver/stm32n6xx_hal_gpio.o
 .debug_abbrev  0x00001bf5      0x265 ./Drivers/STM32N6xx_HAL_Driver/stm32n6xx_hal_pwr_ex.o
 .debug_abbrev  0x00001e5a      0x36a ./Drivers/STM32N6xx_HAL_Driver/stm32n6xx_hal_rcc.o
 .debug_abbrev  0x000021c4      0x305 ./Drivers/STM32N6xx_HAL_Driver/stm32n6xx_hal_rcc_ex.o
 .debug_abbrev  0x000024c9      0x1cc ./Drivers/STM32N6xx_HAL_Driver/stm32n6xx_hal_rng.o
 .debug_abbrev  0x00002695      0x306 ./Drivers/STM32N6xx_HAL_Driver/stm32n6xx_hal_uart.o
 .debug_abbrev  0x0000299b      0x2d5 ./Drivers/STM32N6xx_HAL_Driver/stm32n6xx_hal_uart_ex.o
 .debug_abbrev  0x00002c70      0x2b7 ./Drivers/STM32N6xx_HAL_Driver/stm32n6xx_hal_xspi.o

.debug_aranges  0x00000000     0x1c98
 .debug_aranges
                0x00000000       0x28 ./Application/Startup/startup_stm32n657x0hxq_fsbl.o
 .debug_aranges
                0x00000028       0x98 ./Application/User/main.o
 .debug_aranges
                0x000000c0       0x98 ./Application/User/stm32n6xx_hal_msp.o
 .debug_aranges
                0x00000158       0x70 ./Application/User/stm32n6xx_it.o
 .debug_aranges
                0x000001c8       0xa8 ./Drivers/BSP/STM32N6570-DK/stm32n6570_discovery.o
 .debug_aranges
                0x00000270       0x30 ./Drivers/CMSIS/system_stm32n6xx_fsbl.o
 .debug_aranges
                0x000002a0      0x3d0 ./Drivers/STM32N6xx_HAL_Driver/stm32n6xx_hal.o
 .debug_aranges
                0x00000670      0x178 ./Drivers/STM32N6xx_HAL_Driver/stm32n6xx_hal_cortex.o
 .debug_aranges
                0x000007e8      0x180 ./Drivers/STM32N6xx_HAL_Driver/stm32n6xx_hal_cryp.o
 .debug_aranges
                0x00000968       0x60 ./Drivers/STM32N6xx_HAL_Driver/stm32n6xx_hal_cryp_ex.o
 .debug_aranges
                0x000009c8       0xb8 ./Drivers/STM32N6xx_HAL_Driver/stm32n6xx_hal_dma.o
 .debug_aranges
                0x00000a80       0xa8 ./Drivers/STM32N6xx_HAL_Driver/stm32n6xx_hal_gpio.o
 .debug_aranges
                0x00000b28      0x260 ./Drivers/STM32N6xx_HAL_Driver/stm32n6xx_hal_pwr_ex.o
 .debug_aranges
                0x00000d88      0x2a0 ./Drivers/STM32N6xx_HAL_Driver/stm32n6xx_hal_rcc.o
 .debug_aranges
                0x00001028      0x758 ./Drivers/STM32N6xx_HAL_Driver/stm32n6xx_hal_rcc_ex.o
 .debug_aranges
                0x00001780       0x80 ./Drivers/STM32N6xx_HAL_Driver/stm32n6xx_hal_rng.o
 .debug_aranges
                0x00001800      0x248 ./Drivers/STM32N6xx_HAL_Driver/stm32n6xx_hal_uart.o
 .debug_aranges
                0x00001a48       0xa8 ./Drivers/STM32N6xx_HAL_Driver/stm32n6xx_hal_uart_ex.o
 .debug_aranges
                0x00001af0      0x1a8 ./Drivers/STM32N6xx_HAL_Driver/stm32n6xx_hal_xspi.o

.debug_str      0x00000000   0x212ed6
 .debug_str     0x00000000   0x212ed6 ./Application/Startup/startup_stm32n657x0hxq_fsbl.o
                                 0xba (size before relaxing)
 .debug_str     0x00212ed6        0x0 ./Application/User/main.o
                             0x20b223 (size before relaxing)
 .debug_str     0x00212ed6        0x0 ./Application/User/stm32n6xx_hal_msp.o
                             0x20ba87 (size before relaxing)
 .debug_str     0x00212ed6        0x0 ./Application/User/stm32n6xx_it.o
                             0x209a32 (size before relaxing)
 .debug_str     0x00212ed6        0x0 ./Drivers/BSP/STM32N6570-DK/stm32n6570_discovery.o
                             0x20a3ad (size before relaxing)
 .debug_str     0x00212ed6        0x0 ./Drivers/CMSIS/system_stm32n6xx_fsbl.o