/home/adrianl/STM32CubeN6/Projects/STM32N6570-DK/Examples/CRYP/CRYP_SAES_WrapKey/FSBL/Src/stm32n6xx_hal_msp.c:63:6:HAL_MspInit	0	static
/home/adrianl/STM32CubeN6/Projects/STM32N6570-DK/Examples/CRYP/CRYP_SAES_WrapKey/FSBL/Src/stm32n6xx_hal_msp.c:83:6:HAL_RNG_MspInit	8	static
/home/adrianl/STM32CubeN6/Projects/STM32N6570-DK/Examples/CRYP/CRYP_SAES_WrapKey/FSBL/Src/stm32n6xx_hal_msp.c:106:6:HAL_RNG_MspDeInit	0	static
/home/adrianl/STM32CubeN6/Projects/STM32N6570-DK/Examples/CRYP/CRYP_SAES_WrapKey/FSBL/Src/stm32n6xx_hal_msp.c:128:6:HAL_CRYP_MspInit	8	static
/home/adrianl/STM32CubeN6/Projects/STM32N6570-DK/Examples/CRYP/CRYP_SAES_WrapKey/FSBL/Src/stm32n6xx_hal_msp.c:151:6:HAL_CRYP_MspDeInit	0	static
/home/adrianl/STM32CubeN6/Projects/STM32N6570-DK/Examples/CRYP/CRYP_SAES_WrapKey/FSBL/Src/stm32n6xx_hal_msp.c:173:6:HAL_UART_MspInit	440	static
/home/adrianl/STM32CubeN6/Projects/STM32N6570-DK/Examples/CRYP/CRYP_SAES_WrapKey/FSBL/Src/stm32n6xx_hal_msp.c:220:6:HAL_UART_MspDeInit	0	static
/home/adrianl/STM32CubeN6/Projects/STM32N6570-DK/Examples/CRYP/CRYP_SAES_WrapKey/FSBL/Src/stm32n6xx_hal_msp.c:249:6:HAL_XSPI_MspInit	440	static
/home/adrianl/STM32CubeN6/Projects/STM32N6570-DK/Examples/CRYP/CRYP_SAES_WrapKey/FSBL/Src/stm32n6xx_hal_msp.c:314:6:HAL_XSPI_MspDeInit	8	static
